Archive member included to satisfy reference by file (symbol)

/opt/st/stm32cubeide_1.7.0/plugins/com.st.stm32cube.ide.mcu.externaltools.gnu-tools-for-stm32.9-2020-q2-update.linux64_2.0.0.202105311346/tools/bin/../lib/gcc/arm-none-eabi/9.3.1/../../../../arm-none-eabi/lib/thumb/v7e-m+fp/hard/libstdc++_nano.a(pure.o)
                              ./Src/stmCode.o (__cxa_pure_virtual)
/opt/st/stm32cubeide_1.7.0/plugins/com.st.stm32cube.ide.mcu.externaltools.gnu-tools-for-stm32.9-2020-q2-update.linux64_2.0.0.202105311346/tools/bin/../lib/gcc/arm-none-eabi/9.3.1/../../../../arm-none-eabi/lib/thumb/v7e-m+fp/hard/libstdc++_nano.a(eh_terminate.o)
                              /opt/st/stm32cubeide_1.7.0/plugins/com.st.stm32cube.ide.mcu.externaltools.gnu-tools-for-stm32.9-2020-q2-update.linux64_2.0.0.202105311346/tools/bin/../lib/gcc/arm-none-eabi/9.3.1/../../../../arm-none-eabi/lib/thumb/v7e-m+fp/hard/libstdc++_nano.a(pure.o) (std::terminate())
/opt/st/stm32cubeide_1.7.0/plugins/com.st.stm32cube.ide.mcu.externaltools.gnu-tools-for-stm32.9-2020-q2-update.linux64_2.0.0.202105311346/tools/bin/../lib/gcc/arm-none-eabi/9.3.1/../../../../arm-none-eabi/lib/thumb/v7e-m+fp/hard/libstdc++_nano.a(eh_unex_handler.o)
                              /opt/st/stm32cubeide_1.7.0/plugins/com.st.stm32cube.ide.mcu.externaltools.gnu-tools-for-stm32.9-2020-q2-update.linux64_2.0.0.202105311346/tools/bin/../lib/gcc/arm-none-eabi/9.3.1/../../../../arm-none-eabi/lib/thumb/v7e-m+fp/hard/libstdc++_nano.a(eh_terminate.o) (__cxxabiv1::__unexpected_handler)
/opt/st/stm32cubeide_1.7.0/plugins/com.st.stm32cube.ide.mcu.externaltools.gnu-tools-for-stm32.9-2020-q2-update.linux64_2.0.0.202105311346/tools/bin/../lib/gcc/arm-none-eabi/9.3.1/../../../../arm-none-eabi/lib/thumb/v7e-m+fp/hard/libstdc++_nano.a(eh_term_handler.o)
                              /opt/st/stm32cubeide_1.7.0/plugins/com.st.stm32cube.ide.mcu.externaltools.gnu-tools-for-stm32.9-2020-q2-update.linux64_2.0.0.202105311346/tools/bin/../lib/gcc/arm-none-eabi/9.3.1/../../../../arm-none-eabi/lib/thumb/v7e-m+fp/hard/libstdc++_nano.a(eh_terminate.o) (__cxxabiv1::__terminate_handler)
/opt/st/stm32cubeide_1.7.0/plugins/com.st.stm32cube.ide.mcu.externaltools.gnu-tools-for-stm32.9-2020-q2-update.linux64_2.0.0.202105311346/tools/bin/../lib/gcc/arm-none-eabi/9.3.1/../../../../arm-none-eabi/lib/thumb/v7e-m+fp/hard/libm.a(lib_a-s_cos.o)
                              ./Src/Odometry.o (cos)
/opt/st/stm32cubeide_1.7.0/plugins/com.st.stm32cube.ide.mcu.externaltools.gnu-tools-for-stm32.9-2020-q2-update.linux64_2.0.0.202105311346/tools/bin/../lib/gcc/arm-none-eabi/9.3.1/../../../../arm-none-eabi/lib/thumb/v7e-m+fp/hard/libm.a(lib_a-s_sin.o)
                              ./Src/Odometry.o (sin)
/opt/st/stm32cubeide_1.7.0/plugins/com.st.stm32cube.ide.mcu.externaltools.gnu-tools-for-stm32.9-2020-q2-update.linux64_2.0.0.202105311346/tools/bin/../lib/gcc/arm-none-eabi/9.3.1/../../../../arm-none-eabi/lib/thumb/v7e-m+fp/hard/libm.a(lib_a-sf_cos.o)
                              ./Src/Robot_Navi_Euro20.o (cosf)
/opt/st/stm32cubeide_1.7.0/plugins/com.st.stm32cube.ide.mcu.externaltools.gnu-tools-for-stm32.9-2020-q2-update.linux64_2.0.0.202105311346/tools/bin/../lib/gcc/arm-none-eabi/9.3.1/../../../../arm-none-eabi/lib/thumb/v7e-m+fp/hard/libm.a(lib_a-sf_sin.o)
                              ./Src/Robot_Navi_Euro20.o (sinf)
/opt/st/stm32cubeide_1.7.0/plugins/com.st.stm32cube.ide.mcu.externaltools.gnu-tools-for-stm32.9-2020-q2-update.linux64_2.0.0.202105311346/tools/bin/../lib/gcc/arm-none-eabi/9.3.1/../../../../arm-none-eabi/lib/thumb/v7e-m+fp/hard/libm.a(lib_a-w_asin.o)
                              ./Src/Robot_Navi_Euro20.o (asin)
/opt/st/stm32cubeide_1.7.0/plugins/com.st.stm32cube.ide.mcu.externaltools.gnu-tools-for-stm32.9-2020-q2-update.linux64_2.0.0.202105311346/tools/bin/../lib/gcc/arm-none-eabi/9.3.1/../../../../arm-none-eabi/lib/thumb/v7e-m+fp/hard/libm.a(lib_a-w_pow.o)
                              ./Src/Robot_Navi_Euro20.o (pow)
/opt/st/stm32cubeide_1.7.0/plugins/com.st.stm32cube.ide.mcu.externaltools.gnu-tools-for-stm32.9-2020-q2-update.linux64_2.0.0.202105311346/tools/bin/../lib/gcc/arm-none-eabi/9.3.1/../../../../arm-none-eabi/lib/thumb/v7e-m+fp/hard/libm.a(lib_a-w_sqrt.o)
                              ./Src/Robot_Navi_Euro20.o (sqrt)
/opt/st/stm32cubeide_1.7.0/plugins/com.st.stm32cube.ide.mcu.externaltools.gnu-tools-for-stm32.9-2020-q2-update.linux64_2.0.0.202105311346/tools/bin/../lib/gcc/arm-none-eabi/9.3.1/../../../../arm-none-eabi/lib/thumb/v7e-m+fp/hard/libm.a(lib_a-wf_acos.o)
                              ./Src/Robot_Navi_Euro20.o (acosf)
/opt/st/stm32cubeide_1.7.0/plugins/com.st.stm32cube.ide.mcu.externaltools.gnu-tools-for-stm32.9-2020-q2-update.linux64_2.0.0.202105311346/tools/bin/../lib/gcc/arm-none-eabi/9.3.1/../../../../arm-none-eabi/lib/thumb/v7e-m+fp/hard/libm.a(lib_a-wf_asin.o)
                              ./Src/Robot_Navi_Euro20.o (asinf)
[...]
Memory Configuration

Name             Origin             Length             Attributes
RAM              0x0000000020000000 0x0000000000020000 xrw
FLASH            0x0000000008000000 0x0000000000080000 xr
*default*        0x0000000000000000 0xffffffffffffffff

Linker script and memory map

LOAD /opt/st/stm32cubeide_1.7.0/plugins/com.st.stm32cube.ide.mcu.externaltools.gnu-tools-for-stm32.9-2020-q2-update.linux64_2.0.0.202105311346/tools/bin/../lib/gcc/arm-none-eabi/9.3.1/thumb/v7e-m+fp/hard/crti.o
LOAD /opt/st/stm32cubeide_1.7.0/plugins/com.st.stm32cube.ide.mcu.externaltools.gnu-tools-for-stm32.9-2020-q2-update.linux64_2.0.0.202105311346/tools/bin/../lib/gcc/arm-none-eabi/9.3.1/thumb/v7e-m+fp/hard/crtbegin.o
LOAD /opt/st/stm32cubeide_1.7.0/plugins/com.st.stm32cube.ide.mcu.externaltools.gnu-tools-for-stm32.9-2020-q2-update.linux64_2.0.0.202105311346/tools/bin/../lib/gcc/arm-none-eabi/9.3.1/../../../../arm-none-eabi/lib/thumb/v7e-m+fp/hard/crt0.o
LOAD ./Drivers/STM32F4xx_HAL_Driver/stm32f4xx_hal.o
LOAD ./Drivers/STM32F4xx_HAL_Driver/stm32f4xx_hal_cortex.o
LOAD ./Drivers/STM32F4xx_HAL_Driver/stm32f4xx_hal_dma.o
LOAD ./Drivers/STM32F4xx_HAL_Driver/stm32f4xx_hal_dma_ex.o
LOAD ./Drivers/STM32F4xx_HAL_Driver/stm32f4xx_hal_exti.o
LOAD ./Drivers/STM32F4xx_HAL_Driver/stm32f4xx_hal_flash.o
LOAD ./Drivers/STM32F4xx_HAL_Driver/stm32f4xx_hal_flash_ex.o
LOAD ./Drivers/STM32F4xx_HAL_Driver/stm32f4xx_hal_flash_ramfunc.o
LOAD ./Drivers/STM32F4xx_HAL_Driver/stm32f4xx_hal_gpio.o
LOAD ./Drivers/STM32F4xx_HAL_Driver/stm32f4xx_hal_pwr.o
LOAD ./Drivers/STM32F4xx_HAL_Driver/stm32f4xx_hal_pwr_ex.o
LOAD ./Drivers/STM32F4xx_HAL_Driver/stm32f4xx_hal_rcc.o
LOAD ./Drivers/STM32F4xx_HAL_Driver/stm32f4xx_hal_rcc_ex.o
LOAD ./Drivers/STM32F4xx_HAL_Driver/stm32f4xx_hal_tim.o
LOAD ./Drivers/STM32F4xx_HAL_Driver/stm32f4xx_hal_tim_ex.o
LOAD ./Drivers/STM32F4xx_HAL_Driver/stm32f4xx_hal_uart.o
LOAD ./Src/Motors.o
LOAD ./Src/Odometry.o
LOAD ./Src/Robot_Navi_Euro20.o
LOAD ./Src/dma.o
LOAD ./Src/duration.o
LOAD ./Src/gpio.o
LOAD ./Src/main.o
LOAD ./Src/stm32f4xx_hal_msp.o
LOAD ./Src/stm32f4xx_it.o
LOAD ./Src/stmCode.o
LOAD ./Src/syscalls.o
LOAD ./Src/sysmem.o
LOAD ./Src/system_stm32f4xx.o
LOAD ./Src/tim.o
LOAD ./Src/time.o
LOAD ./Src/usart.o
LOAD ./Startup/startup_stm32f446retx.o
START GROUP
LOAD /opt/st/stm32cubeide_1.7.0/plugins/com.st.stm32cube.ide.mcu.externaltools.gnu-tools-for-stm32.9-2020-q2-update.linux64_2.0.0.202105311346/tools/bin/../lib/gcc/arm-none-eabi/9.3.1/../../../../arm-none-eabi/lib/thumb/v7e-m+fp/hard/libstdc++_nano.a
LOAD /opt/st/stm32cubeide_1.7.0/plugins/com.st.stm32cube.ide.mcu.externaltools.gnu-tools-for-stm32.9-2020-q2-update.linux64_2.0.0.202105311346/tools/bin/../lib/gcc/arm-none-eabi/9.3.1/../../../../arm-none-eabi/lib/thumb/v7e-m+fp/hard/libsupc++_nano.a
END GROUP
LOAD /opt/st/stm32cubeide_1.7.0/plugins/com.st.stm32cube.ide.mcu.externaltools.gnu-tools-for-stm32.9-2020-q2-update.linux64_2.0.0.202105311346/tools/bin/../lib/gcc/arm-none-eabi/9.3.1/../../../../arm-none-eabi/lib/thumb/v7e-m+fp/hard/libstdc++_nano.a
LOAD /opt/st/stm32cubeide_1.7.0/plugins/com.st.stm32cube.ide.mcu.externaltools.gnu-tools-for-stm32.9-2020-q2-update.linux64_2.0.0.202105311346/tools/bin/../lib/gcc/arm-none-eabi/9.3.1/../../../../arm-none-eabi/lib/thumb/v7e-m+fp/hard/libm.a
LOAD /opt/st/stm32cubeide_1.7.0/plugins/com.st.stm32cube.ide.mcu.externaltools.gnu-tools-for-stm32.9-2020-q2-update.linux64_2.0.0.202105311346/tools/bin/../lib/gcc/arm-none-eabi/9.3.1/../../../../arm-none-eabi/lib/thumb/v7e-m+fp/hard/libc_nano.a
START GROUP
LOAD /opt/st/stm32cubeide_1.7.0/plugins/com.st.stm32cube.ide.mcu.externaltools.gnu-tools-for-stm32.9-2020-q2-update.linux64_2.0.0.202105311346/tools/bin/../lib/gcc/arm-none-eabi/9.3.1/thumb/v7e-m+fp/hard/libgcc.a
LOAD /opt/st/stm32cubeide_1.7.0/plugins/com.st.stm32cube.ide.mcu.externaltools.gnu-tools-for-stm32.9-2020-q2-update.linux64_2.0.0.202105311346/tools/bin/../lib/gcc/arm-none-eabi/9.3.1/../../../../arm-none-eabi/lib/thumb/v7e-m+fp/hard/libc_nano.a
END GROUP
START GROUP
LOAD /opt/st/stm32cubeide_1.7.0/plugins/com.st.stm32cube.ide.mcu.externaltools.gnu-tools-for-stm32.9-2020-q2-update.linux64_2.0.0.202105311346/tools/bin/../lib/gcc/arm-none-eabi/9.3.1/thumb/v7e-m+fp/hard/libgcc.a
LOAD /opt/st/stm32cubeide_1.7.0/plugins/com.st.stm32cube.ide.mcu.externaltools.gnu-tools-for-stm32.9-2020-q2-update.linux64_2.0.0.202105311346/tools/bin/../lib/gcc/arm-none-eabi/9.3.1/../../../../arm-none-eabi/lib/thumb/v7e-m+fp/hard/libc_nano.a
END GROUP
LOAD /opt/st/stm32cubeide_1.7.0/plugins/com.st.stm32cube.ide.mcu.externaltools.gnu-tools-for-stm32.9-2020-q2-update.linux64_2.0.0.202105311346/tools/bin/../lib/gcc/arm-none-eabi/9.3.1/thumb/v7e-m+fp/hard/crtend.o
LOAD /opt/st/stm32cubeide_1.7.0/plugins/com.st.stm32cube.ide.mcu.externaltools.gnu-tools-for-stm32.9-2020-q2-update.linux64_2.0.0.202105311346/tools/bin/../lib/gcc/arm-none-eabi/9.3.1/thumb/v7e-m+fp/hard/crtn.o
                0x0000000020020000                _estack = (ORIGIN (RAM) + LENGTH (RAM))
                0x0000000000000200                _Min_Heap_Size = 0x200
                0x0000000000000400                _Min_Stack_Size = 0x400

.isr_vector     0x0000000008000000      0x1c4
                0x0000000008000000                . = ALIGN (0x4)
 *(.isr_vector)
 .isr_vector    0x0000000008000000      0x1c4 ./Startup/startup_stm32f446retx.o
                0x0000000008000000                g_pfnVectors
                0x00000000080001c4                . = ALIGN (0x4)

.text           0x00000000080001c8     0xcef4
                0x00000000080001c8                . = ALIGN (0x4)
 *(.text)
 .text          0x00000000080001c8       0x40 /opt/st/stm32cubeide_1.7.0/plugins/com.st.stm32cube.ide.mcu.externaltools.gnu-tools-for-stm32.9-2020-q2-update.linux64_2.0.0.202105311346/tools/bin/../lib/gcc/arm-none-eabi/9.3.1/thumb/v7e-m+fp/hard/crtbegin.o
 .text          0x0000000008000208       0x14 /opt/st/stm32cubeide_1.7.0/plugins/com.st.stm32cube.ide.mcu.externaltools.gnu-tools-for-stm32.9-2020-q2-update.linux64_2.0.0.202105311346/tools/bin/../lib/gcc/arm-none-eabi/9.3.1/../../../../arm-none-eabi/lib/thumb/v7e-m+fp/hard/libc_nano.a(lib_a-strcmp.o)
                0x0000000008000208                strcmp
 .text          0x000000000800021c       0x10 /opt/st/stm32cubeide_1.7.0/plugins/com.st.stm32cube.ide.mcu.externaltools.gnu-tools-for-stm32.9-2020-q2-update.linux64_2.0.0.202105311346/tools/bin/../lib/gcc/arm-none-eabi/9.3.1/../../../../arm-none-eabi/lib/thumb/v7e-m+fp/hard/libc_nano.a(lib_a-strlen.o)
                0x000000000800021c                strlen
 .text          0x000000000800022c      0x378 /opt/st/stm32cubeide_1.7.0/plugins/com.st.stm32cube.ide.mcu.externaltools.gnu-tools-for-stm32.9-2020-q2-update.linux64_2.0.0.202105311346/tools/bin/../lib/gcc/arm-none-eabi/9.3.1/thumb/v7e-m+fp/hard/libgcc.a(_arm_addsubdf3.o)
                0x000000000800022c                __aeabi_drsub
                0x0000000008000234                __aeabi_dsub
                0x0000000008000234                __subdf3
                0x0000000008000238                __adddf3
                0x0000000008000238                __aeabi_dadd
                0x00000000080004b0                __aeabi_ui2d
                0x00000000080004b0                __floatunsidf
                0x00000000080004d0                __floatsidf
                0x00000000080004d0                __aeabi_i2d
                0x00000000080004f4                __extendsfdf2
                0x00000000080004f4                __aeabi_f2d
                0x0000000008000538                __aeabi_ul2d
                0x0000000008000538                __floatundidf
                0x0000000008000548                __floatdidf
                0x0000000008000548                __aeabi_l2d
 .text          0x00000000080005a4      0x424 /opt/st/stm32cubeide_1.7.0/plugins/com.st.stm32cube.ide.mcu.externaltools.gnu-tools-for-stm32.9-2020-q2-update.linux64_2.0.0.202105311346/tools/bin/../lib/gcc/arm-none-eabi/9.3.1/thumb/v7e-m+fp/hard/libgcc.a(_arm_muldivdf3.o)
                0x00000000080005a4                __aeabi_dmul
                0x00000000080005a4                __muldf3
                0x00000000080007f8                __aeabi_ddiv
                0x00000000080007f8                __divdf3
 .text          0x00000000080009c8      0x110 /opt/st/stm32cubeide_1.7.0/plugins/com.st.stm32cube.ide.mcu.externaltools.gnu-tools-for-stm32.9-2020-q2-update.linux64_2.0.0.202105311346/tools/bin/../lib/gcc/arm-none-eabi/9.3.1/thumb/v7e-m+fp/hard/libgcc.a(_arm_cmpdf2.o)
                0x00000000080009c8                __gtdf2
                0x00000000080009c8                __gedf2
                0x00000000080009d0                __ltdf2
                0x00000000080009d0                __ledf2
                0x00000000080009d8                __cmpdf2
                0x00000000080009d8                __eqdf2
                0x00000000080009d8                __nedf2
                0x0000000008000a54                __aeabi_cdrcmple
                0x0000000008000a64                __aeabi_cdcmple
                0x0000000008000a64                __aeabi_cdcmpeq
                0x0000000008000a74                __aeabi_dcmpeq
                0x0000000008000a88                __aeabi_dcmplt
                0x0000000008000a9c                __aeabi_dcmple
                0x0000000008000ab0                __aeabi_dcmpge
                0x0000000008000ac4                __aeabi_dcmpgt
 .text          0x0000000008000ad8       0x2c /opt/st/stm32cubeide_1.7.0/plugins/com.st.stm32cube.ide.mcu.externaltools.gnu-tools-for-stm32.9-2020-q2-update.linux64_2.0.0.202105311346/tools/bin/../lib/gcc/arm-none-eabi/9.3.1/thumb/v7e-m+fp/hard/libgcc.a(_arm_unorddf2.o)
                0x0000000008000ad8                __aeabi_dcmpun
                0x0000000008000ad8                __unorddf2
 .text          0x0000000008000b04       0x50 /opt/st/stm32cubeide_1.7.0/plugins/com.st.stm32cube.ide.mcu.externaltools.gnu-tools-for-stm32.9-2020-q2-update.linux64_2.0.0.202105311346/tools/bin/../lib/gcc/arm-none-eabi/9.3.1/thumb/v7e-m+fp/hard/libgcc.a(_arm_fixdfsi.o)
                0x0000000008000b04                __fixdfsi
                0x0000000008000b04                __aeabi_d2iz
 .text          0x0000000008000b54       0xa0 /opt/st/stm32cubeide_1.7.0/plugins/com.st.stm32cube.ide.mcu.externaltools.gnu-tools-for-stm32.9-2020-q2-update.linux64_2.0.0.202105311346/tools/bin/../lib/gcc/arm-none-eabi/9.3.1/thumb/v7e-m+fp/hard/libgcc.a(_arm_truncdfsf2.o)
                0x0000000008000b54                __aeabi_d2f
                0x0000000008000b54                __truncdfsf2
 .text          0x0000000008000bf4       0x30 /opt/st/stm32cubeide_1.7.0/plugins/com.st.stm32cube.ide.mcu.externaltools.gnu-tools-for-stm32.9-2020-q2-update.linux64_2.0.0.202105311346/tools/bin/../lib/gcc/arm-none-eabi/9.3.1/thumb/v7e-m+fp/hard/libgcc.a(_aeabi_uldivmod.o)
                0x0000000008000bf4                __aeabi_uldivmod
 .text          0x0000000008000c24      0x2c4 /opt/st/stm32cubeide_1.7.0/plugins/com.st.stm32cube.ide.mcu.externaltools.gnu-tools-for-stm32.9-2020-q2-update.linux64_2.0.0.202105311346/tools/bin/../lib/gcc/arm-none-eabi/9.3.1/thumb/v7e-m+fp/hard/libgcc.a(_udivmoddi4.o)
                0x0000000008000c24                __udivmoddi4
 .text          0x0000000008000ee8        0x4 /opt/st/stm32cubeide_1.7.0/plugins/com.st.stm32cube.ide.mcu.externaltools.gnu-tools-for-stm32.9-2020-q2-update.linux64_2.0.0.202105311346/tools/bin/../lib/gcc/arm-none-eabi/9.3.1/thumb/v7e-m+fp/hard/libgcc.a(_dvmd_tls.o)
                0x0000000008000ee8                __aeabi_ldiv0
                0x0000000008000ee8                __aeabi_idiv0
 *(.text*)
 .text.HAL_Init
                0x0000000008000eec       0x44 ./Drivers/STM32F4xx_HAL_Driver/stm32f4xx_hal.o
                0x0000000008000eec                HAL_Init
 .text.HAL_InitTick
                0x0000000008000f30       0x60 ./Drivers/STM32F4xx_HAL_Driver/stm32f4xx_hal.o
                0x0000000008000f30                HAL_InitTick
 .text.HAL_IncTick
                0x0000000008000f90       0x28 ./Drivers/STM32F4xx_HAL_Driver/stm32f4xx_hal.o
                0x0000000008000f90                HAL_IncTick
 .text.HAL_GetTick
                0x0000000008000fb8       0x18 ./Drivers/STM32F4xx_HAL_Driver/stm32f4xx_hal.o
                0x0000000008000fb8                HAL_GetTick
 .text.HAL_Delay
                0x0000000008000fd0       0x48 ./Drivers/STM32F4xx_HAL_Driver/stm32f4xx_hal.o
                0x0000000008000fd0                HAL_Delay
 .text.__NVIC_SetPriorityGrouping
                0x0000000008001018       0x48 ./Drivers/STM32F4xx_HAL_Driver/stm32f4xx_hal_cortex.o
 .text.__NVIC_GetPriorityGrouping
                0x0000000008001060       0x1c ./Drivers/STM32F4xx_HAL_Driver/stm32f4xx_hal_cortex.o
 .text.__NVIC_EnableIRQ
                0x000000000800107c       0x3c ./Drivers/STM32F4xx_HAL_Driver/stm32f4xx_hal_cortex.o
 .text.__NVIC_SetPriority
                0x00000000080010b8       0x54 ./Drivers/STM32F4xx_HAL_Driver/stm32f4xx_hal_cortex.o
 .text.NVIC_EncodePriority
                0x000000000800110c       0x66 ./Drivers/STM32F4xx_HAL_Driver/stm32f4xx_hal_cortex.o
 *fill*         0x0000000008001172        0x2 
 .text.SysTick_Config
                0x0000000008001174       0x44 ./Drivers/STM32F4xx_HAL_Driver/stm32f4xx_hal_cortex.o
 .text.HAL_NVIC_SetPriorityGrouping
                0x00000000080011b8       0x16 ./Drivers/STM32F4xx_HAL_Driver/stm32f4xx_hal_cortex.o
                0x00000000080011b8                HAL_NVIC_SetPriorityGrouping
 .text.HAL_NVIC_SetPriority
                0x00000000080011ce       0x38 ./Drivers/STM32F4xx_HAL_Driver/stm32f4xx_hal_cortex.o
                0x00000000080011ce                HAL_NVIC_SetPriority
 .text.HAL_NVIC_EnableIRQ
                0x0000000008001206       0x1c ./Drivers/STM32F4xx_HAL_Driver/stm32f4xx_hal_cortex.o
                0x0000000008001206                HAL_NVIC_EnableIRQ
 .text.HAL_SYSTICK_Config
                0x0000000008001222       0x18 ./Drivers/STM32F4xx_HAL_Driver/stm32f4xx_hal_cortex.o
                0x0000000008001222                HAL_SYSTICK_Config
 *fill*         0x000000000800123a        0x2 
 .text.HAL_DMA_Init
                0x000000000800123c      0x15c ./Drivers/STM32F4xx_HAL_Driver/stm32f4xx_hal_dma.o
                0x000000000800123c                HAL_DMA_Init
 .text.HAL_DMA_Start_IT
                0x0000000008001398       0xb0 ./Drivers/STM32F4xx_HAL_Driver/stm32f4xx_hal_dma.o
                0x0000000008001398                HAL_DMA_Start_IT
 .text.HAL_DMA_Abort
                0x0000000008001448       0xe0 ./Drivers/STM32F4xx_HAL_Driver/stm32f4xx_hal_dma.o
                0x0000000008001448                HAL_DMA_Abort
 .text.HAL_DMA_Abort_IT
                0x0000000008001528       0x44 ./Drivers/STM32F4xx_HAL_Driver/stm32f4xx_hal_dma.o
                0x0000000008001528                HAL_DMA_Abort_IT
 .text.HAL_DMA_IRQHandler
                0x000000000800156c      0x314 ./Drivers/STM32F4xx_HAL_Driver/stm32f4xx_hal_dma.o
                0x000000000800156c                HAL_DMA_IRQHandler
 .text.DMA_SetConfig
                0x0000000008001880       0x5c ./Drivers/STM32F4xx_HAL_Driver/stm32f4xx_hal_dma.o
 .text.DMA_CalcBaseAndBitshift
                0x00000000080018dc       0x6c ./Drivers/STM32F4xx_HAL_Driver/stm32f4xx_hal_dma.o
 .text.DMA_CheckFifoParam
                0x0000000008001948       0xf8 ./Drivers/STM32F4xx_HAL_Driver/stm32f4xx_hal_dma.o
 .text.HAL_GPIO_Init
                0x0000000008001a40      0x328 ./Drivers/STM32F4xx_HAL_Driver/stm32f4xx_hal_gpio.o
                0x0000000008001a40                HAL_GPIO_Init
 .text.HAL_PWREx_EnableOverDrive
                0x0000000008001d68       0xa0 ./Drivers/STM32F4xx_HAL_Driver/stm32f4xx_hal_pwr_ex.o
                0x0000000008001d68                HAL_PWREx_EnableOverDrive
 .text.HAL_RCC_ClockConfig
                0x0000000008001e08      0x1cc ./Drivers/STM32F4xx_HAL_Driver/stm32f4xx_hal_rcc.o
                0x0000000008001e08                HAL_RCC_ClockConfig
 .text.HAL_RCC_GetHCLKFreq
                0x0000000008001fd4       0x18 ./Drivers/STM32F4xx_HAL_Driver/stm32f4xx_hal_rcc.o
                0x0000000008001fd4                HAL_RCC_GetHCLKFreq
 .text.HAL_RCC_GetPCLK1Freq
                0x0000000008001fec       0x28 ./Drivers/STM32F4xx_HAL_Driver/stm32f4xx_hal_rcc.o
                0x0000000008001fec                HAL_RCC_GetPCLK1Freq
 .text.HAL_RCC_GetPCLK2Freq
                0x0000000008002014       0x28 ./Drivers/STM32F4xx_HAL_Driver/stm32f4xx_hal_rcc.o
                0x0000000008002014                HAL_RCC_GetPCLK2Freq
 .text.HAL_RCC_GetSysClockFreq
                0x000000000800203c      0x2b8 ./Drivers/STM32F4xx_HAL_Driver/stm32f4xx_hal_rcc_ex.o
                0x000000000800203c                HAL_RCC_GetSysClockFreq
 .text.HAL_RCC_OscConfig
                0x00000000080022f4      0x53c ./Drivers/STM32F4xx_HAL_Driver/stm32f4xx_hal_rcc_ex.o
                0x00000000080022f4                HAL_RCC_OscConfig
 .text.HAL_TIM_Base_Init
                0x0000000008002830       0x9e ./Drivers/STM32F4xx_HAL_Driver/stm32f4xx_hal_tim.o
                0x0000000008002830                HAL_TIM_Base_Init
 *fill*         0x00000000080028ce        0x2 
 .text.HAL_TIM_Base_Start_IT
                0x00000000080028d0       0xe0 ./Drivers/STM32F4xx_HAL_Driver/stm32f4xx_hal_tim.o
                0x00000000080028d0                HAL_TIM_Base_Start_IT
 .text.HAL_TIM_PWM_Init
                0x00000000080029b0       0x9e ./Drivers/STM32F4xx_HAL_Driver/stm32f4xx_hal_tim.o
                0x00000000080029b0                HAL_TIM_PWM_Init
 *fill*         0x0000000008002a4e        0x2 
 .text.HAL_TIM_PWM_Start
                0x0000000008002a50      0x190 ./Drivers/STM32F4xx_HAL_Driver/stm32f4xx_hal_tim.o
                0x0000000008002a50                HAL_TIM_PWM_Start
 .text.HAL_TIM_Encoder_Init
                0x0000000008002be0      0x14c ./Drivers/STM32F4xx_HAL_Driver/stm32f4xx_hal_tim.o
                0x0000000008002be0                HAL_TIM_Encoder_Init
 .text.HAL_TIM_Encoder_Start
                0x0000000008002d2c      0x11c ./Drivers/STM32F4xx_HAL_Driver/stm32f4xx_hal_tim.o
                0x0000000008002d2c                HAL_TIM_Encoder_Start
 .text.HAL_TIM_IRQHandler
                0x0000000008002e48      0x210 ./Drivers/STM32F4xx_HAL_Driver/stm32f4xx_hal_tim.o
                0x0000000008002e48                HAL_TIM_IRQHandler
 .text.HAL_TIM_PWM_ConfigChannel
                0x0000000008003058      0x184 ./Drivers/STM32F4xx_HAL_Driver/stm32f4xx_hal_tim.o
                0x0000000008003058                HAL_TIM_PWM_ConfigChannel
 .text.HAL_TIM_OC_DelayElapsedCallback
                0x00000000080031dc       0x14 ./Drivers/STM32F4xx_HAL_Driver/stm32f4xx_hal_tim.o
                0x00000000080031dc                HAL_TIM_OC_DelayElapsedCallback
 .text.HAL_TIM_IC_CaptureCallback
                0x00000000080031f0       0x14 ./Drivers/STM32F4xx_HAL_Driver/stm32f4xx_hal_tim.o
                0x00000000080031f0                HAL_TIM_IC_CaptureCallback
 .text.HAL_TIM_PWM_PulseFinishedCallback
                0x0000000008003204       0x14 ./Drivers/STM32F4xx_HAL_Driver/stm32f4xx_hal_tim.o
                0x0000000008003204                HAL_TIM_PWM_PulseFinishedCallback
 .text.HAL_TIM_TriggerCallback
                0x0000000008003218       0x14 ./Drivers/STM32F4xx_HAL_Driver/stm32f4xx_hal_tim.o
                0x0000000008003218                HAL_TIM_TriggerCallback
 .text.TIM_Base_SetConfig
                0x000000000800322c      0x140 ./Drivers/STM32F4xx_HAL_Driver/stm32f4xx_hal_tim.o
                0x000000000800322c                TIM_Base_SetConfig
 .text.TIM_OC1_SetConfig
                0x000000000800336c       0xe0 ./Drivers/STM32F4xx_HAL_Driver/stm32f4xx_hal_tim.o
 .text.TIM_OC2_SetConfig
                0x000000000800344c       0xec ./Drivers/STM32F4xx_HAL_Driver/stm32f4xx_hal_tim.o
                0x000000000800344c                TIM_OC2_SetConfig
 .text.TIM_OC3_SetConfig
                0x0000000008003538       0xe8 ./Drivers/STM32F4xx_HAL_Driver/stm32f4xx_hal_tim.o
 .text.TIM_OC4_SetConfig
                0x0000000008003620       0xac ./Drivers/STM32F4xx_HAL_Driver/stm32f4xx_hal_tim.o
 .text.TIM_CCxChannelCmd
                0x00000000080036cc       0x4a ./Drivers/STM32F4xx_HAL_Driver/stm32f4xx_hal_tim.o
                0x00000000080036cc                TIM_CCxChannelCmd
 *fill*         0x0000000008003716        0x2 
 .text.HAL_TIMEx_MasterConfigSynchronization
                0x0000000008003718       0xf8 ./Drivers/STM32F4xx_HAL_Driver/stm32f4xx_hal_tim_ex.o
                0x0000000008003718                HAL_TIMEx_MasterConfigSynchronization
 .text.HAL_TIMEx_ConfigBreakDeadTime
                0x0000000008003810       0xa4 ./Drivers/STM32F4xx_HAL_Driver/stm32f4xx_hal_tim_ex.o
                0x0000000008003810                HAL_TIMEx_ConfigBreakDeadTime
 .text.HAL_TIMEx_CommutCallback
                0x00000000080038b4       0x14 ./Drivers/STM32F4xx_HAL_Driver/stm32f4xx_hal_tim_ex.o
                0x00000000080038b4                HAL_TIMEx_CommutCallback
 .text.HAL_TIMEx_BreakCallback
                0x00000000080038c8       0x14 ./Drivers/STM32F4xx_HAL_Driver/stm32f4xx_hal_tim_ex.o
                0x00000000080038c8                HAL_TIMEx_BreakCallback
 .text.HAL_UART_Init
                0x00000000080038dc       0x9a ./Drivers/STM32F4xx_HAL_Driver/stm32f4xx_hal_uart.o
                0x00000000080038dc                HAL_UART_Init
 *fill*         0x0000000008003976        0x2 
 .text.HAL_UART_Transmit_DMA
                0x0000000008003978       0xfc ./Drivers/STM32F4xx_HAL_Driver/stm32f4xx_hal_uart.o
                0x0000000008003978                HAL_UART_Transmit_DMA
 .text.HAL_UART_Receive_DMA
                0x0000000008003a74       0x60 ./Drivers/STM32F4xx_HAL_Driver/stm32f4xx_hal_uart.o
                0x0000000008003a74                HAL_UART_Receive_DMA
 .text.HAL_UART_IRQHandler
                0x0000000008003ad4      0x51c ./Drivers/STM32F4xx_HAL_Driver/stm32f4xx_hal_uart.o
                0x0000000008003ad4                HAL_UART_IRQHandler
 .text.HAL_UART_TxHalfCpltCallback
                0x0000000008003ff0       0x14 ./Drivers/STM32F4xx_HAL_Driver/stm32f4xx_hal_uart.o
                0x0000000008003ff0                HAL_UART_TxHalfCpltCallback
 .text.HAL_UART_RxHalfCpltCallback
                0x0000000008004004       0x14 ./Drivers/STM32F4xx_HAL_Driver/stm32f4xx_hal_uart.o
                0x0000000008004004                HAL_UART_RxHalfCpltCallback
 .text.HAL_UART_ErrorCallback
                0x0000000008004018       0x14 ./Drivers/STM32F4xx_HAL_Driver/stm32f4xx_hal_uart.o
                0x0000000008004018                HAL_UART_ErrorCallback
 .text.HAL_UARTEx_RxEventCallback
                0x000000000800402c       0x18 ./Drivers/STM32F4xx_HAL_Driver/stm32f4xx_hal_uart.o
                0x000000000800402c                HAL_UARTEx_RxEventCallback
 .text.UART_DMATransmitCplt
                0x0000000008004044       0x9a ./Drivers/STM32F4xx_HAL_Driver/stm32f4xx_hal_uart.o
 .text.UART_DMATxHalfCplt
                0x00000000080040de       0x1c ./Drivers/STM32F4xx_HAL_Driver/stm32f4xx_hal_uart.o
 .text.UART_DMAReceiveCplt
                0x00000000080040fa      0x126 ./Drivers/STM32F4xx_HAL_Driver/stm32f4xx_hal_uart.o
 .text.UART_DMARxHalfCplt
                0x0000000008004220       0x36 ./Drivers/STM32F4xx_HAL_Driver/stm32f4xx_hal_uart.o
 .text.UART_DMAError
                0x0000000008004256       0x94 ./Drivers/STM32F4xx_HAL_Driver/stm32f4xx_hal_uart.o
 *fill*         0x00000000080042ea        0x2 
 .text.UART_Start_Receive_DMA
                0x00000000080042ec      0x134 ./Drivers/STM32F4xx_HAL_Driver/stm32f4xx_hal_uart.o
                0x00000000080042ec                UART_Start_Receive_DMA
 .text.UART_EndTxTransfer
                0x0000000008004420       0x50 ./Drivers/STM32F4xx_HAL_Driver/stm32f4xx_hal_uart.o
 .text.UART_EndRxTransfer
                0x0000000008004470       0xc6 ./Drivers/STM32F4xx_HAL_Driver/stm32f4xx_hal_uart.o
 .text.UART_DMAAbortOnError
                0x0000000008004536       0x28 ./Drivers/STM32F4xx_HAL_Driver/stm32f4xx_hal_uart.o
 .text.UART_Transmit_IT
                0x000000000800455e       0xa0 ./Drivers/STM32F4xx_HAL_Driver/stm32f4xx_hal_uart.o
 .text.UART_EndTransmit_IT
                0x00000000080045fe       0x30 ./Drivers/STM32F4xx_HAL_Driver/stm32f4xx_hal_uart.o
 .text.UART_Receive_IT
                0x000000000800462e      0x176 ./Drivers/STM32F4xx_HAL_Driver/stm32f4xx_hal_uart.o
 .text.UART_SetConfig
                0x00000000080047a4      0x390 ./Drivers/STM32F4xx_HAL_Driver/stm32f4xx_hal_uart.o
 .text.set_motors
                0x0000000008004b34       0x88 ./Src/Motors.o
                0x0000000008004b34                set_motors
 .text.stop_motors
                0x0000000008004bbc       0x3c ./Src/Motors.o
                0x0000000008004bbc                stop_motors
 .text.run_motors
                0x0000000008004bf8      0x32c ./Src/Motors.o
                0x0000000008004bf8                run_motors
 .text.set_PWM_min
                0x0000000008004f24       0x44 ./Src/Motors.o
                0x0000000008004f24                set_PWM_min
 .text.PWM_sign_change_counter
                0x0000000008004f68       0x98 ./Src/Motors.o
                0x0000000008004f68                PWM_sign_change_counter
 .text.set_right_encoder
                0x0000000008005000       0x68 ./Src/Odometry.o
                0x0000000008005000                set_right_encoder
 .text.set_left_encoder
                0x0000000008005068       0x68 ./Src/Odometry.o
                0x0000000008005068                set_left_encoder
 .text.read_right_encoder
                0x00000000080050d0       0x94 ./Src/Odometry.o
                0x00000000080050d0                read_right_encoder
 .text.read_left_encoder
                0x0000000008005164       0x94 ./Src/Odometry.o
                0x0000000008005164                read_left_encoder
 .text.set_dimentions
                0x00000000080051f8       0x4c ./Src/Odometry.o
                0x00000000080051f8                set_dimentions
 *fill*         0x0000000008005244        0x4 
 .text.update_position
                0x0000000008005248      0x3f4 ./Src/Odometry.o
                0x0000000008005248                update_position
 .text.speed_calcul
                0x000000000800563c      0x1a8 ./Src/Odometry.o
                0x000000000800563c                speed_calcul
 .text.ticks_to_distance
                0x00000000080057e4       0x58 ./Src/Odometry.o
                0x00000000080057e4                ticks_to_distance
 *fill*         0x000000000800583c        0x4 
 .text.rad_to_deg
                0x0000000008005840       0x54 ./Src/Odometry.o
                0x0000000008005840                rad_to_deg
 .text.constrain
                0x0000000008005894       0x52 ./Src/Robot_Navi_Euro20.o
                0x0000000008005894                constrain
 *fill*         0x00000000080058e6        0x2 
 .text.init     0x00000000080058e8       0x90 ./Src/Robot_Navi_Euro20.o
                0x00000000080058e8                init
 .text.move_distance
                0x0000000008005978      0x5e0 ./Src/Robot_Navi_Euro20.o
                0x0000000008005978                move_distance
 .text.rotate   0x0000000008005f58      0x53c ./Src/Robot_Navi_Euro20.o
                0x0000000008005f58                rotate
 .text.orientate
                0x0000000008006494       0xa0 ./Src/Robot_Navi_Euro20.o
                0x0000000008006494                orientate
 .text.Robot_Locate
                0x0000000008006534      0x1d0 ./Src/Robot_Navi_Euro20.o
                0x0000000008006534                Robot_Locate
 .text.MX_DMA_Init
                0x0000000008006704       0x50 ./Src/dma.o
                0x0000000008006704                MX_DMA_Init
 .text.MX_GPIO_Init
                0x0000000008006754       0x50 ./Src/gpio.o
                0x0000000008006754                MX_GPIO_Init
 .text.main     0x00000000080067a4      0x75c ./Src/main.o
                0x00000000080067a4                main
 .text.SystemClock_Config
                0x0000000008006f00       0xe8 ./Src/main.o
                0x0000000008006f00                SystemClock_Config
 .text.HAL_TIM_PeriodElapsedCallback
                0x0000000008006fe8       0x50 ./Src/main.o
                0x0000000008006fe8                HAL_TIM_PeriodElapsedCallback
 .text.Error_Handler
                0x0000000008007038        0xe ./Src/main.o
                0x0000000008007038                Error_Handler
 *fill*         0x0000000008007046        0x2 
 .text.HAL_MspInit
                0x0000000008007048       0x50 ./Src/stm32f4xx_hal_msp.o
                0x0000000008007048                HAL_MspInit
 .text.NMI_Handler
                0x0000000008007098        0xe ./Src/stm32f4xx_it.o
                0x0000000008007098                NMI_Handler
 .text.HardFault_Handler
                0x00000000080070a6        0x6 ./Src/stm32f4xx_it.o
                0x00000000080070a6                HardFault_Handler
 .text.MemManage_Handler
                0x00000000080070ac        0x6 ./Src/stm32f4xx_it.o
                0x00000000080070ac                MemManage_Handler
 .text.BusFault_Handler
                0x00000000080070b2        0x6 ./Src/stm32f4xx_it.o
                0x00000000080070b2                BusFault_Handler
 .text.UsageFault_Handler
                0x00000000080070b8        0x6 ./Src/stm32f4xx_it.o
                0x00000000080070b8                UsageFault_Handler
 .text.SVC_Handler
                0x00000000080070be        0xe ./Src/stm32f4xx_it.o
                0x00000000080070be                SVC_Handler
 .text.DebugMon_Handler
                0x00000000080070cc        0xe ./Src/stm32f4xx_it.o
                0x00000000080070cc                DebugMon_Handler
 .text.PendSV_Handler
                0x00000000080070da        0xe ./Src/stm32f4xx_it.o
                0x00000000080070da                PendSV_Handler
 .text.SysTick_Handler
                0x00000000080070e8        0xc ./Src/stm32f4xx_it.o
                0x00000000080070e8                SysTick_Handler
 .text.DMA1_Stream5_IRQHandler
                0x00000000080070f4       0x14 ./Src/stm32f4xx_it.o
                0x00000000080070f4                DMA1_Stream5_IRQHandler
 .text.DMA1_Stream6_IRQHandler
                0x0000000008007108       0x14 ./Src/stm32f4xx_it.o
                0x0000000008007108                DMA1_Stream6_IRQHandler
 .text.USART2_IRQHandler
                0x000000000800711c       0x14 ./Src/stm32f4xx_it.o
                0x000000000800711c                USART2_IRQHandler
 .text.TIM7_IRQHandler
                0x0000000008007130       0x14 ./Src/stm32f4xx_it.o
                0x0000000008007130                TIM7_IRQHandler
 .text._ZN3ros8DurationC2Ev
                0x0000000008007144       0x22 ./Src/stmCode.o
                0x0000000008007144                ros::Duration::Duration()
                0x0000000008007144                ros::Duration::Duration()
 .text._ZN3ros4TimeC2Ev
                0x0000000008007166       0x22 ./Src/stmCode.o
                0x0000000008007166                ros::Time::Time()
                0x0000000008007166                ros::Time::Time()
 .text._ZN3ros3MsgC2Ev
                0x0000000008007188       0x20 ./Src/stmCode.o
                0x0000000008007188                ros::Msg::Msg()
                0x0000000008007188                ros::Msg::Msg()
 .text._ZN8std_msgs4TimeC2Ev
                0x00000000080071a8       0x30 ./Src/stmCode.o
                0x00000000080071a8                std_msgs::Time::Time()
                0x00000000080071a8                std_msgs::Time::Time()
 .text._ZNK8std_msgs4Time9serializeEPh
                0x00000000080071d8       0xb0 ./Src/stmCode.o
                0x00000000080071d8                std_msgs::Time::serialize(unsigned char*) const
 .text._ZN8std_msgs4Time11deserializeEPh
                0x0000000008007288       0xc8 ./Src/stmCode.o
                0x0000000008007288                std_msgs::Time::deserialize(unsigned char*)
 .text._ZN8std_msgs4Time7getTypeEv
                0x0000000008007350       0x1c ./Src/stmCode.o
                0x0000000008007350                std_msgs::Time::getType()
 .text._ZN8std_msgs4Time6getMD5Ev
                0x000000000800736c       0x1c ./Src/stmCode.o
                0x000000000800736c                std_msgs::Time::getMD5()
 .text._ZN14rosserial_msgs9TopicInfoC2Ev
                0x0000000008007388       0x48 ./Src/stmCode.o
                0x0000000008007388                rosserial_msgs::TopicInfo::TopicInfo()
                0x0000000008007388                rosserial_msgs::TopicInfo::TopicInfo()
 .text._ZNK14rosserial_msgs9TopicInfo9serializeEPh
                0x00000000080073d0      0x136 ./Src/stmCode.o
                0x00000000080073d0                rosserial_msgs::TopicInfo::serialize(unsigned char*) const
 .text._ZN14rosserial_msgs9TopicInfo11deserializeEPh
                0x0000000008007506      0x1d0 ./Src/stmCode.o
                0x0000000008007506                rosserial_msgs::TopicInfo::deserialize(unsigned char*)
 *fill*         0x00000000080076d6        0x2 
 .text._ZN14rosserial_msgs9TopicInfo7getTypeEv
                0x00000000080076d8       0x1c ./Src/stmCode.o
                0x00000000080076d8                rosserial_msgs::TopicInfo::getType()
 .text._ZN14rosserial_msgs9TopicInfo6getMD5Ev
                0x00000000080076f4       0x1c ./Src/stmCode.o
                0x00000000080076f4                rosserial_msgs::TopicInfo::getMD5()
 .text._ZN14rosserial_msgs3LogC2Ev
                0x0000000008007710       0x34 ./Src/stmCode.o
                0x0000000008007710                rosserial_msgs::Log::Log()
                0x0000000008007710                rosserial_msgs::Log::Log()
 .text._ZNK14rosserial_msgs3Log9serializeEPh
                0x0000000008007744       0x64 ./Src/stmCode.o
                0x0000000008007744                rosserial_msgs::Log::serialize(unsigned char*) const
 .text._ZN14rosserial_msgs3Log11deserializeEPh
                0x00000000080077a8       0x90 ./Src/stmCode.o
                0x00000000080077a8                rosserial_msgs::Log::deserialize(unsigned char*)
 .text._ZN14rosserial_msgs3Log7getTypeEv
                0x0000000008007838       0x1c ./Src/stmCode.o
                0x0000000008007838                rosserial_msgs::Log::getType()
 .text._ZN14rosserial_msgs3Log6getMD5Ev
                0x0000000008007854       0x1c ./Src/stmCode.o
                0x0000000008007854                rosserial_msgs::Log::getMD5()
 .text._ZN14rosserial_msgs20RequestParamResponseC2Ev
                0x0000000008007870       0x5c ./Src/stmCode.o
                0x0000000008007870                rosserial_msgs::RequestParamResponse::RequestParamResponse()
                0x0000000008007870                rosserial_msgs::RequestParamResponse::RequestParamResponse()
 .text._ZNK14rosserial_msgs20RequestParamResponse9serializeEPh
                0x00000000080078cc      0x222 ./Src/stmCode.o
                0x00000000080078cc                rosserial_msgs::RequestParamResponse::serialize(unsigned char*) const
 .text._ZN14rosserial_msgs20RequestParamResponse11deserializeEPh
                0x0000000008007aee      0x2e2 ./Src/stmCode.o
                0x0000000008007aee                rosserial_msgs::RequestParamResponse::deserialize(unsigned char*)
 .text._ZN14rosserial_msgs20RequestParamResponse7getTypeEv
                0x0000000008007dd0       0x1c ./Src/stmCode.o
                0x0000000008007dd0                rosserial_msgs::RequestParamResponse::getType()
 .text._ZN14rosserial_msgs20RequestParamResponse6getMD5Ev
                0x0000000008007dec       0x1c ./Src/stmCode.o
                0x0000000008007dec                rosserial_msgs::RequestParamResponse::getMD5()
 .text._ZN3ros9PublisherC2EPKcPNS_3MsgEi
                0x0000000008007e08       0x2e ./Src/stmCode.o
                0x0000000008007e08                ros::Publisher::Publisher(char const*, ros::Msg*, int)
                0x0000000008007e08                ros::Publisher::Publisher(char const*, ros::Msg*, int)
 .text._ZN3ros9Publisher7publishEPKNS_3MsgE
                0x0000000008007e36       0x28 ./Src/stmCode.o
                0x0000000008007e36                ros::Publisher::publish(ros::Msg const*)
 .text._ZN3ros9Publisher15getEndpointTypeEv
                0x0000000008007e5e       0x18 ./Src/stmCode.o
                0x0000000008007e5e                ros::Publisher::getEndpointType()
 .text._ZN13STM32Hardware10getRdmaIndEv
                0x0000000008007e76       0x26 ./Src/stmCode.o
                0x0000000008007e76                STM32Hardware::getRdmaInd()
 .text._ZN13STM32HardwareC2Ev
                0x0000000008007e9c       0x38 ./Src/stmCode.o
                0x0000000008007e9c                STM32Hardware::STM32Hardware()
                0x0000000008007e9c                STM32Hardware::STM32Hardware()
 .text._ZN13STM32Hardware4initEv
                0x0000000008007ed4       0x16 ./Src/stmCode.o
                0x0000000008007ed4                STM32Hardware::init()
 .text._ZN13STM32Hardware10reset_rbufEv
                0x0000000008007eea       0x22 ./Src/stmCode.o
                0x0000000008007eea                STM32Hardware::reset_rbuf()
 .text._ZN13STM32Hardware4readEv
                0x0000000008007f0c       0x5a ./Src/stmCode.o
                0x0000000008007f0c                STM32Hardware::read()
 *fill*         0x0000000008007f66        0x2 
 .text._ZN13STM32Hardware5flushEv
                0x0000000008007f68       0xbc ./Src/stmCode.o
                0x0000000008007f68                STM32Hardware::flush()
 .text._ZN13STM32Hardware5writeEPhi
                0x0000000008008024       0x8c ./Src/stmCode.o
                0x0000000008008024                STM32Hardware::write(unsigned char*, int)
 .text._ZN13STM32Hardware4timeEv
                0x00000000080080b0       0x16 ./Src/stmCode.o
                0x00000000080080b0                STM32Hardware::time()
 *fill*         0x00000000080080c6        0x2 
 .text._ZN13geometry_msgs7Vector3C2Ev
                0x00000000080080c8       0x50 ./Src/stmCode.o
                0x00000000080080c8                geometry_msgs::Vector3::Vector3()
                0x00000000080080c8                geometry_msgs::Vector3::Vector3()
 .text._ZNK13geometry_msgs7Vector39serializeEPh
                0x0000000008008118      0x2e6 ./Src/stmCode.o
                0x0000000008008118                geometry_msgs::Vector3::serialize(unsigned char*) const
 .text._ZN13geometry_msgs7Vector311deserializeEPh
                0x00000000080083fe      0x5ba ./Src/stmCode.o
                0x00000000080083fe                geometry_msgs::Vector3::deserialize(unsigned char*)
 .text._ZN13geometry_msgs7Vector37getTypeEv
                0x00000000080089b8       0x1c ./Src/stmCode.o
                0x00000000080089b8                geometry_msgs::Vector3::getType()
 .text._ZN13geometry_msgs7Vector36getMD5Ev
                0x00000000080089d4       0x1c ./Src/stmCode.o
                0x00000000080089d4                geometry_msgs::Vector3::getMD5()
 .text._ZN13geometry_msgs5TwistC2Ev
                0x00000000080089f0       0x38 ./Src/stmCode.o
                0x00000000080089f0                geometry_msgs::Twist::Twist()
                0x00000000080089f0                geometry_msgs::Twist::Twist()
 .text._ZNK13geometry_msgs5Twist9serializeEPh
                0x0000000008008a28       0x4c ./Src/stmCode.o
                0x0000000008008a28                geometry_msgs::Twist::serialize(unsigned char*) const
 .text._ZN13geometry_msgs5Twist11deserializeEPh
                0x0000000008008a74       0x4c ./Src/stmCode.o
                0x0000000008008a74                geometry_msgs::Twist::deserialize(unsigned char*)
 .text._ZN13geometry_msgs5Twist7getTypeEv
                0x0000000008008ac0       0x1c ./Src/stmCode.o
                0x0000000008008ac0                geometry_msgs::Twist::getType()
 .text._ZN13geometry_msgs5Twist6getMD5Ev
                0x0000000008008adc       0x1c ./Src/stmCode.o
                0x0000000008008adc                geometry_msgs::Twist::getMD5()
 .text._ZN8std_srvs14SetBoolRequestC2Ev
                0x0000000008008af8       0x2c ./Src/stmCode.o
                0x0000000008008af8                std_srvs::SetBoolRequest::SetBoolRequest()
                0x0000000008008af8                std_srvs::SetBoolRequest::SetBoolRequest()
 .text._ZNK8std_srvs14SetBoolRequest9serializeEPh
                0x0000000008008b24       0x32 ./Src/stmCode.o
                0x0000000008008b24                std_srvs::SetBoolRequest::serialize(unsigned char*) const
 .text._ZN8std_srvs14SetBoolRequest11deserializeEPh
                0x0000000008008b56       0x3c ./Src/stmCode.o
                0x0000000008008b56                std_srvs::SetBoolRequest::deserialize(unsigned char*)
 *fill*         0x0000000008008b92        0x2 
 .text._ZN8std_srvs14SetBoolRequest7getTypeEv
                0x0000000008008b94       0x1c ./Src/stmCode.o
                0x0000000008008b94                std_srvs::SetBoolRequest::getType()
 .text._ZN8std_srvs14SetBoolRequest6getMD5Ev
                0x0000000008008bb0       0x1c ./Src/stmCode.o
                0x0000000008008bb0                std_srvs::SetBoolRequest::getMD5()
 .text._ZN8std_srvs15SetBoolResponseC2Ev
                0x0000000008008bcc       0x34 ./Src/stmCode.o
                0x0000000008008bcc                std_srvs::SetBoolResponse::SetBoolResponse()
                0x0000000008008bcc                std_srvs::SetBoolResponse::SetBoolResponse()
 .text._ZNK8std_srvs15SetBoolResponse9serializeEPh
                0x0000000008008c00       0x68 ./Src/stmCode.o
                0x0000000008008c00                std_srvs::SetBoolResponse::serialize(unsigned char*) const
 .text._ZN8std_srvs15SetBoolResponse11deserializeEPh
                0x0000000008008c68       0x9e ./Src/stmCode.o
                0x0000000008008c68                std_srvs::SetBoolResponse::deserialize(unsigned char*)
 *fill*         0x0000000008008d06        0x2 
 .text._ZN8std_srvs15SetBoolResponse7getTypeEv
                0x0000000008008d08       0x1c ./Src/stmCode.o
                0x0000000008008d08                std_srvs::SetBoolResponse::getType()
 .text._ZN8std_srvs15SetBoolResponse6getMD5Ev
                0x0000000008008d24       0x1c ./Src/stmCode.o
                0x0000000008008d24                std_srvs::SetBoolResponse::getMD5()
 .text._ZN13reel_euro20216ta7wilC2Ev
                0x0000000008008d40       0x4c ./Src/stmCode.o
                0x0000000008008d40                reel_euro2021::ta7wil::ta7wil()
                0x0000000008008d40                reel_euro2021::ta7wil::ta7wil()
 .text._ZNK13reel_euro20216ta7wil9serializeEPh
                0x0000000008008d8c      0x184 ./Src/stmCode.o
                0x0000000008008d8c                reel_euro2021::ta7wil::serialize(unsigned char*) const
 .text._ZN13reel_euro20216ta7wil11deserializeEPh
                0x0000000008008f10      0x1c0 ./Src/stmCode.o
                0x0000000008008f10                reel_euro2021::ta7wil::deserialize(unsigned char*)
 .text._ZN13reel_euro20216ta7wil7getTypeEv
                0x00000000080090d0       0x1c ./Src/stmCode.o
                0x00000000080090d0                reel_euro2021::ta7wil::getType()
 .text._ZN13reel_euro20216ta7wil6getMD5Ev
                0x00000000080090ec       0x1c ./Src/stmCode.o
                0x00000000080090ec                reel_euro2021::ta7wil::getMD5()
 .text._ZN11gazebo_msgs23ApplyJointEffortRequestC2Ev
                0x0000000008009108       0x50 ./Src/stmCode.o
                0x0000000008009108                gazebo_msgs::ApplyJointEffortRequest::ApplyJointEffortRequest()
                0x0000000008009108                gazebo_msgs::ApplyJointEffortRequest::ApplyJointEffortRequest()
 .text._ZNK11gazebo_msgs23ApplyJointEffortRequest9serializeEPh
                0x0000000008009158      0x268 ./Src/stmCode.o
                0x0000000008009158                gazebo_msgs::ApplyJointEffortRequest::serialize(unsigned char*) const
 .text._ZN11gazebo_msgs23ApplyJointEffortRequest11deserializeEPh
                0x00000000080093c0      0x38c ./Src/stmCode.o
                0x00000000080093c0                gazebo_msgs::ApplyJointEffortRequest::deserialize(unsigned char*)
 .text._ZN11gazebo_msgs23ApplyJointEffortRequest7getTypeEv
                0x000000000800974c       0x1c ./Src/stmCode.o
                0x000000000800974c                gazebo_msgs::ApplyJointEffortRequest::getType()
 .text._ZN11gazebo_msgs23ApplyJointEffortRequest6getMD5Ev
                0x0000000008009768       0x1c ./Src/stmCode.o
                0x0000000008009768                gazebo_msgs::ApplyJointEffortRequest::getMD5()
 .text._ZN11gazebo_msgs24ApplyJointEffortResponseC2Ev
                0x0000000008009784       0x34 ./Src/stmCode.o
                0x0000000008009784                gazebo_msgs::ApplyJointEffortResponse::ApplyJointEffortResponse()
                0x0000000008009784                gazebo_msgs::ApplyJointEffortResponse::ApplyJointEffortResponse()
 .text._ZNK11gazebo_msgs24ApplyJointEffortResponse9serializeEPh
                0x00000000080097b8       0x68 ./Src/stmCode.o
                0x00000000080097b8                gazebo_msgs::ApplyJointEffortResponse::serialize(unsigned char*) const
 .text._ZN11gazebo_msgs24ApplyJointEffortResponse11deserializeEPh
                0x0000000008009820       0x9e ./Src/stmCode.o
                0x0000000008009820                gazebo_msgs::ApplyJointEffortResponse::deserialize(unsigned char*)
 *fill*         0x00000000080098be        0x2 
 .text._ZN11gazebo_msgs24ApplyJointEffortResponse7getTypeEv
                0x00000000080098c0       0x1c ./Src/stmCode.o
                0x00000000080098c0                gazebo_msgs::ApplyJointEffortResponse::getType()
 .text._ZN11gazebo_msgs24ApplyJointEffortResponse6getMD5Ev
                0x00000000080098dc       0x1c ./Src/stmCode.o
                0x00000000080098dc                gazebo_msgs::ApplyJointEffortResponse::getMD5()
 .text._ZN3ros15NodeHandleBase_C2Ev
                0x00000000080098f8       0x20 ./Src/stmCode.o
                0x00000000080098f8                ros::NodeHandleBase_::NodeHandleBase_()
                0x00000000080098f8                ros::NodeHandleBase_::NodeHandleBase_()
 .text._ZN3ros11NodeHandle_I13STM32HardwareLi25ELi25ELi1024ELi1024EEC2Ev
                0x0000000008009918      0x120 ./Src/stmCode.o
                0x0000000008009918                ros::NodeHandle_<STM32Hardware, 25, 25, 1024, 1024>::NodeHandle_()
                0x0000000008009918                ros::NodeHandle_<STM32Hardware, 25, 25, 1024, 1024>::NodeHandle_()
 .text.HAL_UART_TxCpltCallback
                0x0000000008009a38       0x24 ./Src/stmCode.o
                0x0000000008009a38                HAL_UART_TxCpltCallback
 .text.HAL_UART_RxCpltCallback
                0x0000000008009a5c       0x24 ./Src/stmCode.o
                0x0000000008009a5c                HAL_UART_RxCpltCallback
 .text._Z9messageCbRKN13geometry_msgs5TwistE
                0x0000000008009a80       0x40 ./Src/stmCode.o
                0x0000000008009a80                messageCb(geometry_msgs::Twist const&)
 .text._Z15commandCallbackRKN11gazebo_msgs23ApplyJointEffortRequestERNS_24ApplyJointEffortResponseE
                0x0000000008009ac0      0x20c ./Src/stmCode.o
                0x0000000008009ac0                commandCallback(gazebo_msgs::ApplyJointEffortRequest const&, gazebo_msgs::ApplyJointEffortResponse&)
 .text._Z17evitementCallbackRKN8std_srvs14SetBoolRequestERNS_15SetBoolResponseE
                0x0000000008009ccc       0x34 ./Src/stmCode.o
                0x0000000008009ccc                evitementCallback(std_srvs::SetBoolRequest const&, std_srvs::SetBoolResponse&)
 .text.setup    0x0000000008009d00       0x44 ./Src/stmCode.o
                0x0000000008009d00                setup
 .text.loop     0x0000000008009d44      0x118 ./Src/stmCode.o
                0x0000000008009d44                loop
 .text._ZN3ros3Msg8varToArrIPhmEEvT_T0_
                0x0000000008009e5c       0x3c ./Src/stmCode.o
                0x0000000008009e5c                void ros::Msg::varToArr<unsigned char*, unsigned long>(unsigned char*, unsigned long)
 .text._ZN3ros3Msg8arrToVarImPhEEvRT_T0_
                0x0000000008009e98       0x4a ./Src/stmCode.o
                0x0000000008009e98                void ros::Msg::arrToVar<unsigned long, unsigned char*>(unsigned long&, unsigned char*)
 .text._ZN3ros11NodeHandle_I13STM32HardwareLi25ELi25ELi1024ELi1024EE11getHardwareEv
                0x0000000008009ee2       0x18 ./Src/stmCode.o
                0x0000000008009ee2                ros::NodeHandle_<STM32Hardware, 25, 25, 1024, 1024>::getHardware()
 *fill*         0x0000000008009efa        0x2 
 .text._ZN3ros11Subscriber_C2Ev
                0x0000000008009efc       0x20 ./Src/stmCode.o
                0x0000000008009efc                ros::Subscriber_::Subscriber_()
                0x0000000008009efc                ros::Subscriber_::Subscriber_()
 .text._ZN3ros10SubscriberIN13geometry_msgs5TwistEvEC2EPKcPFvRKS2_Ei
                0x0000000008009f1c       0x48 ./Src/stmCode.o
                0x0000000008009f1c                ros::Subscriber<geometry_msgs::Twist, void>::Subscriber(char const*, void (*)(geometry_msgs::Twist const&), int)
                0x0000000008009f1c                ros::Subscriber<geometry_msgs::Twist, void>::Subscriber(char const*, void (*)(geometry_msgs::Twist const&), int)
 .text._ZN3ros13ServiceServerIN11gazebo_msgs23ApplyJointEffortRequestENS1_24ApplyJointEffortResponseEvEC2EPKcPFvRKS2_RS3_E
                0x0000000008009f64       0x5c ./Src/stmCode.o
                0x0000000008009f64                ros::ServiceServer<gazebo_msgs::ApplyJointEffortRequest, gazebo_msgs::ApplyJointEffortResponse, void>::ServiceServer(char const*, void (*)(gazebo_msgs::ApplyJointEffortRequest const&, gazebo_msgs::ApplyJointEffortResponse&))
                0x0000000008009f64                ros::ServiceServer<gazebo_msgs::ApplyJointEffortRequest, gazebo_msgs::ApplyJointEffortResponse, void>::ServiceServer(char const*, void (*)(gazebo_msgs::ApplyJointEffortRequest const&, gazebo_msgs::ApplyJointEffortResponse&))
 .text._ZN3ros13ServiceServerIN8std_srvs14SetBoolRequestENS1_15SetBoolResponseEvEC2EPKcPFvRKS2_RS3_E
                0x0000000008009fc0       0x5c ./Src/stmCode.o
                0x0000000008009fc0                ros::ServiceServer<std_srvs::SetBoolRequest, std_srvs::SetBoolResponse, void>::ServiceServer(char const*, void (*)(std_srvs::SetBoolRequest const&, std_srvs::SetBoolResponse&))
                0x0000000008009fc0                ros::ServiceServer<std_srvs::SetBoolRequest, std_srvs::SetBoolResponse, void>::ServiceServer(char const*, void (*)(std_srvs::SetBoolRequest const&, std_srvs::SetBoolResponse&))
 .text._ZN3ros11NodeHandle_I13STM32HardwareLi25ELi25ELi1024ELi1024EE8initNodeEv
                0x000000000800a01c       0x4a ./Src/stmCode.o
                0x000000000800a01c                ros::NodeHandle_<STM32Hardware, 25, 25, 1024, 1024>::initNode()
 .text._ZN3ros11NodeHandle_I13STM32HardwareLi25ELi25ELi1024ELi1024EE9subscribeERNS_11Subscriber_E
                0x000000000800a066       0x56 ./Src/stmCode.o
                0x000000000800a066                ros::NodeHandle_<STM32Hardware, 25, 25, 1024, 1024>::subscribe(ros::Subscriber_&)
 .text._ZN3ros11NodeHandle_I13STM32HardwareLi25ELi25ELi1024ELi1024EE9advertiseERNS_9PublisherE
                0x000000000800a0bc       0x60 ./Src/stmCode.o
                0x000000000800a0bc                ros::NodeHandle_<STM32Hardware, 25, 25, 1024, 1024>::advertise(ros::Publisher&)
 .text._ZN3ros11NodeHandle_I13STM32HardwareLi25ELi25ELi1024ELi1024EE16advertiseServiceIN11gazebo_msgs23ApplyJointEffortRequestENS4_24ApplyJointEffortResponseEvEEbRNS_13ServiceServerIT_T0_T1_EE
                0x000000000800a11c       0x42 ./Src/stmCode.o
                0x000000000800a11c                bool ros::NodeHandle_<STM32Hardware, 25, 25, 1024, 1024>::advertiseService<gazebo_msgs::ApplyJointEffortRequest, gazebo_msgs::ApplyJointEffortResponse, void>(ros::ServiceServer<gazebo_msgs::ApplyJointEffortRequest, gazebo_msgs::ApplyJointEffortResponse, void>&)
 .text._ZN3ros11NodeHandle_I13STM32HardwareLi25ELi25ELi1024ELi1024EE16advertiseServiceIN8std_srvs14SetBoolRequestENS4_15SetBoolResponseEvEEbRNS_13ServiceServerIT_T0_T1_EE
                0x000000000800a15e       0x42 ./Src/stmCode.o
                0x000000000800a15e                bool ros::NodeHandle_<STM32Hardware, 25, 25, 1024, 1024>::advertiseService<std_srvs::SetBoolRequest, std_srvs::SetBoolResponse, void>(ros::ServiceServer<std_srvs::SetBoolRequest, std_srvs::SetBoolResponse, void>&)
 .text._ZN3ros11NodeHandle_I13STM32HardwareLi25ELi25ELi1024ELi1024EE8spinOnceEv
                0x000000000800a1a0      0x4bc ./Src/stmCode.o
                0x000000000800a1a0                ros::NodeHandle_<STM32Hardware, 25, 25, 1024, 1024>::spinOnce()
 .text._ZN3ros11NodeHandle_I13STM32HardwareLi25ELi25ELi1024ELi1024EE15requestSyncTimeEv
                0x000000000800a65c       0x3c ./Src/stmCode.o
                0x000000000800a65c                ros::NodeHandle_<STM32Hardware, 25, 25, 1024, 1024>::requestSyncTime()
 .text._ZN3ros11NodeHandle_I13STM32HardwareLi25ELi25ELi1024ELi1024EE15negotiateTopicsEv
                0x000000000800a698      0x1c0 ./Src/stmCode.o
                0x000000000800a698                ros::NodeHandle_<STM32Hardware, 25, 25, 1024, 1024>::negotiateTopics()
 .text._ZN3ros11NodeHandle_I13STM32HardwareLi25ELi25ELi1024ELi1024EE8syncTimeEPh
                0x000000000800a858       0x9c ./Src/stmCode.o
                0x000000000800a858                ros::NodeHandle_<STM32Hardware, 25, 25, 1024, 1024>::syncTime(unsigned char*)
 .text._ZN3ros11NodeHandle_I13STM32HardwareLi25ELi25ELi1024ELi1024EE7publishEiPKNS_3MsgE
                0x000000000800a8f4      0x124 ./Src/stmCode.o
                0x000000000800a8f4                ros::NodeHandle_<STM32Hardware, 25, 25, 1024, 1024>::publish(int, ros::Msg const*)
 .text._ZN3ros11NodeHandle_I13STM32HardwareLi25ELi25ELi1024ELi1024EE6setNowERKNS_4TimeE
                0x000000000800aa18       0x80 ./Src/stmCode.o
                0x000000000800aa18                ros::NodeHandle_<STM32Hardware, 25, 25, 1024, 1024>::setNow(ros::Time const&)
 .text._ZN3ros11NodeHandle_I13STM32HardwareLi25ELi25ELi1024ELi1024EE8logerrorEPKc
                0x000000000800aa98       0x1c ./Src/stmCode.o
                0x000000000800aa98                ros::NodeHandle_<STM32Hardware, 25, 25, 1024, 1024>::logerror(char const*)
 .text._ZN3ros11NodeHandle_I13STM32HardwareLi25ELi25ELi1024ELi1024EE3logEcPKc
                0x000000000800aab4       0x38 ./Src/stmCode.o
                0x000000000800aab4                ros::NodeHandle_<STM32Hardware, 25, 25, 1024, 1024>::log(char, char const*)
 .text._Z41__static_initialization_and_destruction_0ii
                0x000000000800aaec       0x90 ./Src/stmCode.o
 .text._ZN3ros13ServiceServerIN8std_srvs14SetBoolRequestENS1_15SetBoolResponseEvE8callbackEPh
                0x000000000800ab7c       0x42 ./Src/stmCode.o
                0x000000000800ab7c                ros::ServiceServer<std_srvs::SetBoolRequest, std_srvs::SetBoolResponse, void>::callback(unsigned char*)
 .text._ZN3ros13ServiceServerIN8std_srvs14SetBoolRequestENS1_15SetBoolResponseEvE15getEndpointTypeEv
                0x000000000800abbe       0x16 ./Src/stmCode.o
                0x000000000800abbe                ros::ServiceServer<std_srvs::SetBoolRequest, std_srvs::SetBoolResponse, void>::getEndpointType()
 .text._ZN3ros13ServiceServerIN8std_srvs14SetBoolRequestENS1_15SetBoolResponseEvE10getMsgTypeEv
                0x000000000800abd4       0x1c ./Src/stmCode.o
                0x000000000800abd4                ros::ServiceServer<std_srvs::SetBoolRequest, std_srvs::SetBoolResponse, void>::getMsgType()
 .text._ZN3ros13ServiceServerIN8std_srvs14SetBoolRequestENS1_15SetBoolResponseEvE9getMsgMD5Ev
                0x000000000800abf0       0x1c ./Src/stmCode.o
                0x000000000800abf0                ros::ServiceServer<std_srvs::SetBoolRequest, std_srvs::SetBoolResponse, void>::getMsgMD5()
 .text._ZN3ros13ServiceServerIN11gazebo_msgs23ApplyJointEffortRequestENS1_24ApplyJointEffortResponseEvE8callbackEPh
                0x000000000800ac0c       0x42 ./Src/stmCode.o
                0x000000000800ac0c                ros::ServiceServer<gazebo_msgs::ApplyJointEffortRequest, gazebo_msgs::ApplyJointEffortResponse, void>::callback(unsigned char*)
 .text._ZN3ros13ServiceServerIN11gazebo_msgs23ApplyJointEffortRequestENS1_24ApplyJointEffortResponseEvE15getEndpointTypeEv
                0x000000000800ac4e       0x16 ./Src/stmCode.o
                0x000000000800ac4e                ros::ServiceServer<gazebo_msgs::ApplyJointEffortRequest, gazebo_msgs::ApplyJointEffortResponse, void>::getEndpointType()
 .text._ZN3ros13ServiceServerIN11gazebo_msgs23ApplyJointEffortRequestENS1_24ApplyJointEffortResponseEvE10getMsgTypeEv
                0x000000000800ac64       0x1c ./Src/stmCode.o
                0x000000000800ac64                ros::ServiceServer<gazebo_msgs::ApplyJointEffortRequest, gazebo_msgs::ApplyJointEffortResponse, void>::getMsgType()
 .text._ZN3ros13ServiceServerIN11gazebo_msgs23ApplyJointEffortRequestENS1_24ApplyJointEffortResponseEvE9getMsgMD5Ev
                0x000000000800ac80       0x1c ./Src/stmCode.o
                0x000000000800ac80                ros::ServiceServer<gazebo_msgs::ApplyJointEffortRequest, gazebo_msgs::ApplyJointEffortResponse, void>::getMsgMD5()
 .text._ZN3ros10SubscriberIN13geometry_msgs5TwistEvE8callbackEPh
                0x000000000800ac9c       0x2a ./Src/stmCode.o
                0x000000000800ac9c                ros::Subscriber<geometry_msgs::Twist, void>::callback(unsigned char*)
 .text._ZN3ros10SubscriberIN13geometry_msgs5TwistEvE15getEndpointTypeEv
                0x000000000800acc6       0x18 ./Src/stmCode.o
                0x000000000800acc6                ros::Subscriber<geometry_msgs::Twist, void>::getEndpointType()
 .text._ZN3ros10SubscriberIN13geometry_msgs5TwistEvE10getMsgTypeEv
                0x000000000800acde       0x1c ./Src/stmCode.o
                0x000000000800acde                ros::Subscriber<geometry_msgs::Twist, void>::getMsgType()
 .text._ZN3ros10SubscriberIN13geometry_msgs5TwistEvE9getMsgMD5Ev
                0x000000000800acfa       0x1c ./Src/stmCode.o
                0x000000000800acfa                ros::Subscriber<geometry_msgs::Twist, void>::getMsgMD5()
 .text._ZN3ros11NodeHandle_I13STM32HardwareLi25ELi25ELi1024ELi1024EE9connectedEv
                0x000000000800ad16       0x1c ./Src/stmCode.o
                0x000000000800ad16                ros::NodeHandle_<STM32Hardware, 25, 25, 1024, 1024>::connected()
 .text._GLOBAL__sub_I_nh
                0x000000000800ad32       0x10 ./Src/stmCode.o
 .text._getpid  0x000000000800ad42       0x10 ./Src/syscalls.o
                0x000000000800ad42                _getpid
 .text._kill    0x000000000800ad52       0x20 ./Src/syscalls.o
                0x000000000800ad52                _kill
 .text._exit    0x000000000800ad72       0x14 ./Src/syscalls.o
                0x000000000800ad72                _exit
 *fill*         0x000000000800ad86        0x2 
 .text._sbrk    0x000000000800ad88       0x58 ./Src/sysmem.o
                0x000000000800ad88                _sbrk
 .text.SystemInit
                0x000000000800ade0       0x2c ./Src/system_stm32f4xx.o
                0x000000000800ade0                SystemInit
 .text.MX_TIM1_Init
                0x000000000800ae0c      0x150 ./Src/tim.o
                0x000000000800ae0c                MX_TIM1_Init
 .text.MX_TIM3_Init
                0x000000000800af5c       0xa8 ./Src/tim.o
                0x000000000800af5c                MX_TIM3_Init
 .text.MX_TIM4_Init
                0x000000000800b004       0xa8 ./Src/tim.o
                0x000000000800b004                MX_TIM4_Init
 .text.MX_TIM7_Init
                0x000000000800b0ac       0x6c ./Src/tim.o
                0x000000000800b0ac                MX_TIM7_Init
 .text.HAL_TIM_PWM_MspInit
                0x000000000800b118       0x44 ./Src/tim.o
                0x000000000800b118                HAL_TIM_PWM_MspInit
 .text.HAL_TIM_Encoder_MspInit
                0x000000000800b15c       0xfc ./Src/tim.o
                0x000000000800b15c                HAL_TIM_Encoder_MspInit
 .text.HAL_TIM_Base_MspInit
                0x000000000800b258       0x50 ./Src/tim.o
                0x000000000800b258                HAL_TIM_Base_MspInit
 .text.HAL_TIM_MspPostInit
                0x000000000800b2a8       0x74 ./Src/tim.o
                0x000000000800b2a8                HAL_TIM_MspPostInit
 .text._ZN3ros16normalizeSecNSecERmS0_
                0x000000000800b31c       0x58 ./Src/time.o
                0x000000000800b31c                ros::normalizeSecNSec(unsigned long&, unsigned long&)
 .text.MX_USART2_UART_Init
                0x000000000800b374       0x54 ./Src/usart.o
                0x000000000800b374                MX_USART2_UART_Init
 .text.HAL_UART_MspInit
                0x000000000800b3c8      0x170 ./Src/usart.o
                0x000000000800b3c8                HAL_UART_MspInit
 .text.Reset_Handler
                0x000000000800b538       0x50 ./Startup/startup_stm32f446retx.o
                0x000000000800b538                Reset_Handler
 .text.Default_Handler
                0x000000000800b588        0x2 ./Startup/startup_stm32f446retx.o
                0x000000000800b588                RTC_Alarm_IRQHandler
                0x000000000800b588                EXTI2_IRQHandler
                0x000000000800b588                TIM8_CC_IRQHandler
                0x000000000800b588                FMPI2C1_EV_IRQHandler
                0x000000000800b588                SPI4_IRQHandler
                0x000000000800b588                TIM1_CC_IRQHandler
                0x000000000800b588                DMA2_Stream5_IRQHandler
                0x000000000800b588                PVD_IRQHandler
                0x000000000800b588                SDIO_IRQHandler
                0x000000000800b588                TAMP_STAMP_IRQHandler
                0x000000000800b588                CAN2_RX1_IRQHandler
                0x000000000800b588                EXTI3_IRQHandler
                0x000000000800b588                TIM8_TRG_COM_TIM14_IRQHandler
                0x000000000800b588                TIM1_UP_TIM10_IRQHandler
                0x000000000800b588                TIM8_UP_TIM13_IRQHandler
                0x000000000800b588                I2C3_ER_IRQHandler
                0x000000000800b588                EXTI0_IRQHandler
                0x000000000800b588                I2C2_EV_IRQHandler
                0x000000000800b588                DMA1_Stream2_IRQHandler
                0x000000000800b588                CAN1_RX0_IRQHandler
                0x000000000800b588                FPU_IRQHandler
                0x000000000800b588                OTG_HS_WKUP_IRQHandler
                0x000000000800b588                CAN2_SCE_IRQHandler
                0x000000000800b588                DMA2_Stream2_IRQHandler
                0x000000000800b588                SPI1_IRQHandler
                0x000000000800b588                TIM6_DAC_IRQHandler
                0x000000000800b588                TIM1_BRK_TIM9_IRQHandler
                0x000000000800b588                DCMI_IRQHandler
                0x000000000800b588                CAN2_RX0_IRQHandler
                0x000000000800b588                DMA2_Stream3_IRQHandler
                0x000000000800b588                SAI2_IRQHandler
                0x000000000800b588                USART6_IRQHandler
                0x000000000800b588                USART3_IRQHandler
                0x000000000800b588                CAN1_RX1_IRQHandler
                0x000000000800b588                UART5_IRQHandler
                0x000000000800b588                DMA2_Stream0_IRQHandler
                0x000000000800b588                TIM4_IRQHandler
                0x000000000800b588                QUADSPI_IRQHandler
                0x000000000800b588                I2C1_EV_IRQHandler
                0x000000000800b588                DMA1_Stream1_IRQHandler
                0x000000000800b588                UART4_IRQHandler
                0x000000000800b588                TIM3_IRQHandler
                0x000000000800b588                RCC_IRQHandler
                0x000000000800b588                TIM8_BRK_TIM12_IRQHandler
                0x000000000800b588                Default_Handler
                0x000000000800b588                CEC_IRQHandler
                0x000000000800b588                EXTI15_10_IRQHandler
                0x000000000800b588                ADC_IRQHandler
                0x000000000800b588                DMA1_Stream7_IRQHandler
                0x000000000800b588                CAN2_TX_IRQHandler
                0x000000000800b588                TIM5_IRQHandler
                0x000000000800b588                DMA2_Stream7_IRQHandler
                0x000000000800b588                I2C3_EV_IRQHandler
                0x000000000800b588                EXTI9_5_IRQHandler
                0x000000000800b588                RTC_WKUP_IRQHandler
                0x000000000800b588                SPDIF_RX_IRQHandler
                0x000000000800b588                SPI2_IRQHandler
                0x000000000800b588                OTG_HS_EP1_IN_IRQHandler
                0x000000000800b588                DMA1_Stream0_IRQHandler
                0x000000000800b588                CAN1_TX_IRQHandler
                0x000000000800b588                FMPI2C1_ER_IRQHandler
                0x000000000800b588                EXTI4_IRQHandler
                0x000000000800b588                OTG_HS_EP1_OUT_IRQHandler
                0x000000000800b588                WWDG_IRQHandler
                0x000000000800b588                TIM2_IRQHandler
                0x000000000800b588                OTG_FS_WKUP_IRQHandler
                0x000000000800b588                TIM1_TRG_COM_TIM11_IRQHandler
                0x000000000800b588                OTG_HS_IRQHandler
                0x000000000800b588                EXTI1_IRQHandler
                0x000000000800b588                I2C2_ER_IRQHandler
                0x000000000800b588                DMA2_Stream1_IRQHandler
                0x000000000800b588                CAN1_SCE_IRQHandler
                0x000000000800b588                FLASH_IRQHandler
                0x000000000800b588                DMA2_Stream4_IRQHandler
                0x000000000800b588                USART1_IRQHandler
                0x000000000800b588                OTG_FS_IRQHandler
                0x000000000800b588                SPI3_IRQHandler
                0x000000000800b588                DMA1_Stream4_IRQHandler
                0x000000000800b588                I2C1_ER_IRQHandler
                0x000000000800b588                FMC_IRQHandler
                0x000000000800b588                DMA2_Stream6_IRQHandler
                0x000000000800b588                SAI1_IRQHandler
                0x000000000800b588                DMA1_Stream3_IRQHandler
 .text.__cxa_pure_virtual
                0x000000000800b58a        0x6 /opt/st/stm32cubeide_1.7.0/plugins/com.st.stm32cube.ide.mcu.externaltools.gnu-tools-for-stm32.9-2020-q2-update.linux64_2.0.0.202105311346/tools/bin/../lib/gcc/arm-none-eabi/9.3.1/../../../../arm-none-eabi/lib/thumb/v7e-m+fp/hard/libstdc++_nano.a(pure.o)
                0x000000000800b58a                __cxa_pure_virtual
 .text._ZN10__cxxabiv111__terminateEPFvvE
                0x000000000800b590        0x8 /opt/st/stm32cubeide_1.7.0/plugins/com.st.stm32cube.ide.mcu.externaltools.gnu-tools-for-stm32.9-2020-q2-update.linux64_2.0.0.202105311346/tools/bin/../lib/gcc/arm-none-eabi/9.3.1/../../../../arm-none-eabi/lib/thumb/v7e-m+fp/hard/libstdc++_nano.a(eh_terminate.o)
                0x000000000800b590                __cxxabiv1::__terminate(void (*)())
 .text._ZSt13get_terminatev
                0x000000000800b598       0x10 /opt/st/stm32cubeide_1.7.0/plugins/com.st.stm32cube.ide.mcu.externaltools.gnu-tools-for-stm32.9-2020-q2-update.linux64_2.0.0.202105311346/tools/bin/../lib/gcc/arm-none-eabi/9.3.1/../../../../arm-none-eabi/lib/thumb/v7e-m+fp/hard/libstdc++_nano.a(eh_terminate.o)
                0x000000000800b598                std::get_terminate()
 .text._ZSt9terminatev
                0x000000000800b5a8        0xa /opt/st/stm32cubeide_1.7.0/plugins/com.st.stm32cube.ide.mcu.externaltools.gnu-tools-for-stm32.9-2020-q2-update.linux64_2.0.0.202105311346/tools/bin/../lib/gcc/arm-none-eabi/9.3.1/../../../../arm-none-eabi/lib/thumb/v7e-m+fp/hard/libstdc++_nano.a(eh_terminate.o)
                0x000000000800b5a8                std::terminate()
 *fill*         0x000000000800b5b2        0x6 
 .text.cos      0x000000000800b5b8       0xa0 /opt/st/stm32cubeide_1.7.0/plugins/com.st.stm32cube.ide.mcu.externaltools.gnu-tools-for-stm32.9-2020-q2-update.linux64_2.0.0.202105311346/tools/bin/../lib/gcc/arm-none-eabi/9.3.1/../../../../arm-none-eabi/lib/thumb/v7e-m+fp/hard/libm.a(lib_a-s_cos.o)
                0x000000000800b5b8                cos
 .text.sin      0x000000000800b658       0xa8 /opt/st/stm32cubeide_1.7.0/plugins/com.st.stm32cube.ide.mcu.externaltools.gnu-tools-for-stm32.9-2020-q2-update.linux64_2.0.0.202105311346/tools/bin/../lib/gcc/arm-none-eabi/9.3.1/../../../../arm-none-eabi/lib/thumb/v7e-m+fp/hard/libm.a(lib_a-s_sin.o)
                0x000000000800b658                sin
 .text.sqrt     0x000000000800b700       0x68 /opt/st/stm32cubeide_1.7.0/plugins/com.st.stm32cube.ide.mcu.externaltools.gnu-tools-for-stm32.9-2020-q2-update.linux64_2.0.0.202105311346/tools/bin/../lib/gcc/arm-none-eabi/9.3.1/../../../../arm-none-eabi/lib/thumb/v7e-m+fp/hard/libm.a(lib_a-w_sqrt.o)
                0x000000000800b700                sqrt
 .text.acosf    0x000000000800b768       0x64 /opt/st/stm32cubeide_1.7.0/plugins/com.st.stm32cube.ide.mcu.externaltools.gnu-tools-for-stm32.9-2020-q2-update.linux64_2.0.0.202105311346/tools/bin/../lib/gcc/arm-none-eabi/9.3.1/../../../../arm-none-eabi/lib/thumb/v7e-m+fp/hard/libm.a(lib_a-wf_acos.o)
                0x000000000800b768                acosf
 .text.asinf    0x000000000800b7cc       0x64 /opt/st/stm32cubeide_1.7.0/plugins/com.st.stm32cube.ide.mcu.externaltools.gnu-tools-for-stm32.9-2020-q2-update.linux64_2.0.0.202105311346/tools/bin/../lib/gcc/arm-none-eabi/9.3.1/../../../../arm-none-eabi/lib/thumb/v7e-m+fp/hard/libm.a(lib_a-wf_asin.o)
                0x000000000800b7cc                asinf
 .text.sqrtf    0x000000000800b830       0x4c /opt/st/stm32cubeide_1.7.0/plugins/com.st.stm32cube.ide.mcu.externaltools.gnu-tools-for-stm32.9-2020-q2-update.linux64_2.0.0.202105311346/tools/bin/../lib/gcc/arm-none-eabi/9.3.1/../../../../arm-none-eabi/lib/thumb/v7e-m+fp/hard/libm.a(lib_a-wf_sqrt.o)
                0x000000000800b830                sqrtf
 *fill*         0x000000000800b87c        0x4 
 .text.__ieee754_rem_pio2
                0x000000000800b880      0x414 /opt/st/stm32cubeide_1.7.0/plugins/com.st.stm32cube.ide.mcu.externaltools.gnu-tools-for-stm32.9-2020-q2-update.linux64_2.0.0.202105311346/tools/bin/../lib/gcc/arm-none-eabi/9.3.1/../../../../arm-none-eabi/lib/thumb/v7e-m+fp/hard/libm.a(lib_a-e_rem_pio2.o)
                0x000000000800b880                __ieee754_rem_pio2
 .text.__ieee754_sqrt
                0x000000000800bc94      0x168 /opt/st/stm32cubeide_1.7.0/plugins/com.st.stm32cube.ide.mcu.externaltools.gnu-tools-for-stm32.9-2020-q2-update.linux64_2.0.0.202105311346/tools/bin/../lib/gcc/arm-none-eabi/9.3.1/../../../../arm-none-eabi/lib/thumb/v7e-m+fp/hard/libm.a(lib_a-e_sqrt.o)
                0x000000000800bc94                __ieee754_sqrt
 .text.__ieee754_acosf
                0x000000000800bdfc      0x1f4 /opt/st/stm32cubeide_1.7.0/plugins/com.st.stm32cube.ide.mcu.externaltools.gnu-tools-for-stm32.9-2020-q2-update.linux64_2.0.0.202105311346/tools/bin/../lib/gcc/arm-none-eabi/9.3.1/../../../../arm-none-eabi/lib/thumb/v7e-m+fp/hard/libm.a(lib_a-ef_acos.o)
                0x000000000800bdfc                __ieee754_acosf
 .text.__ieee754_asinf
                0x000000000800bff0      0x1cc /opt/st/stm32cubeide_1.7.0/plugins/com.st.stm32cube.ide.mcu.externaltools.gnu-tools-for-stm32.9-2020-q2-update.linux64_2.0.0.202105311346/tools/bin/../lib/gcc/arm-none-eabi/9.3.1/../../../../arm-none-eabi/lib/thumb/v7e-m+fp/hard/libm.a(lib_a-ef_asin.o)
                0x000000000800bff0                __ieee754_asinf
 .text.__ieee754_sqrtf
                0x000000000800c1bc        0x6 /opt/st/stm32cubeide_1.7.0/plugins/com.st.stm32cube.ide.mcu.externaltools.gnu-tools-for-stm32.9-2020-q2-update.linux64_2.0.0.202105311346/tools/bin/../lib/gcc/arm-none-eabi/9.3.1/../../../../arm-none-eabi/lib/thumb/v7e-m+fp/hard/libm.a(lib_a-ef_sqrt.o)
                0x000000000800c1bc                __ieee754_sqrtf
 *fill*         0x000000000800c1c2        0x6 
 .text.__kernel_cos
                0x000000000800c1c8      0x18c /opt/st/stm32cubeide_1.7.0/plugins/com.st.stm32cube.ide.mcu.externaltools.gnu-tools-for-stm32.9-2020-q2-update.linux64_2.0.0.202105311346/tools/bin/../lib/gcc/arm-none-eabi/9.3.1/../../../../arm-none-eabi/lib/thumb/v7e-m+fp/hard/libm.a(lib_a-k_cos.o)
                0x000000000800c1c8                __kernel_cos
 *fill*         0x000000000800c354        0x4 
 .text.__kernel_rem_pio2
                0x000000000800c358      0x680 /opt/st/stm32cubeide_1.7.0/plugins/com.st.stm32cube.ide.mcu.externaltools.gnu-tools-for-stm32.9-2020-q2-update.linux64_2.0.0.202105311346/tools/bin/../lib/gcc/arm-none-eabi/9.3.1/../../../../arm-none-eabi/lib/thumb/v7e-m+fp/hard/libm.a(lib_a-k_rem_pio2.o)
                0x000000000800c358                __kernel_rem_pio2
 .text.__kernel_sin
                0x000000000800c9d8      0x17c /opt/st/stm32cubeide_1.7.0/plugins/com.st.stm32cube.ide.mcu.externaltools.gnu-tools-for-stm32.9-2020-q2-update.linux64_2.0.0.202105311346/tools/bin/../lib/gcc/arm-none-eabi/9.3.1/../../../../arm-none-eabi/lib/thumb/v7e-m+fp/hard/libm.a(lib_a-k_sin.o)
                0x000000000800c9d8                __kernel_sin
 .text.fabs     0x000000000800cb54       0x12 /opt/st/stm32cubeide_1.7.0/plugins/com.st.stm32cube.ide.mcu.externaltools.gnu-tools-for-stm32.9-2020-q2-update.linux64_2.0.0.202105311346/tools/bin/../lib/gcc/arm-none-eabi/9.3.1/../../../../arm-none-eabi/lib/thumb/v7e-m+fp/hard/libm.a(lib_a-s_fabs.o)
                0x000000000800cb54                fabs
 *fill*         0x000000000800cb66        0x2 
 .text.floor    0x000000000800cb68      0x100 /opt/st/stm32cubeide_1.7.0/plugins/com.st.stm32cube.ide.mcu.externaltools.gnu-tools-for-stm32.9-2020-q2-update.linux64_2.0.0.202105311346/tools/bin/../lib/gcc/arm-none-eabi/9.3.1/../../../../arm-none-eabi/lib/thumb/v7e-m+fp/hard/libm.a(lib_a-s_floor.o)
                0x000000000800cb68                floor
 .text.scalbn   0x000000000800cc68      0x10c /opt/st/stm32cubeide_1.7.0/plugins/com.st.stm32cube.ide.mcu.externaltools.gnu-tools-for-stm32.9-2020-q2-update.linux64_2.0.0.202105311346/tools/bin/../lib/gcc/arm-none-eabi/9.3.1/../../../../arm-none-eabi/lib/thumb/v7e-m+fp/hard/libm.a(lib_a-s_scalbn.o)
                0x000000000800cc68                scalbn
 .text.fabsf    0x000000000800cd74        0xe /opt/st/stm32cubeide_1.7.0/plugins/com.st.stm32cube.ide.mcu.externaltools.gnu-tools-for-stm32.9-2020-q2-update.linux64_2.0.0.202105311346/tools/bin/../lib/gcc/arm-none-eabi/9.3.1/../../../../arm-none-eabi/lib/thumb/v7e-m+fp/hard/libm.a(lib_a-sf_fabs.o)
                0x000000000800cd74                fabsf
 *fill*         0x000000000800cd82        0x2 
 .text.nanf     0x000000000800cd84        0xc /opt/st/stm32cubeide_1.7.0/plugins/com.st.stm32cube.ide.mcu.externaltools.gnu-tools-for-stm32.9-2020-q2-update.linux64_2.0.0.202105311346/tools/bin/../lib/gcc/arm-none-eabi/9.3.1/../../../../arm-none-eabi/lib/thumb/v7e-m+fp/hard/libm.a(lib_a-sf_nan.o)
                0x000000000800cd84                nanf
 .text.abort    0x000000000800cd90        0xe /opt/st/stm32cubeide_1.7.0/plugins/com.st.stm32cube.ide.mcu.externaltools.gnu-tools-for-stm32.9-2020-q2-update.linux64_2.0.0.202105311346/tools/bin/../lib/gcc/arm-none-eabi/9.3.1/../../../../arm-none-eabi/lib/thumb/v7e-m+fp/hard/libc_nano.a(lib_a-abort.o)
                0x000000000800cd90                abort
 *fill*         0x000000000800cd9e        0x2 
 .text.__errno  0x000000000800cda0        0xc /opt/st/stm32cubeide_1.7.0/plugins/com.st.stm32cube.ide.mcu.externaltools.gnu-tools-for-stm32.9-2020-q2-update.linux64_2.0.0.202105311346/tools/bin/../lib/gcc/arm-none-eabi/9.3.1/../../../../arm-none-eabi/lib/thumb/v7e-m+fp/hard/libc_nano.a(lib_a-errno.o)
                0x000000000800cda0                __errno
 .text.__libc_init_array
                0x000000000800cdac       0x48 /opt/st/stm32cubeide_1.7.0/plugins/com.st.stm32cube.ide.mcu.externaltools.gnu-tools-for-stm32.9-2020-q2-update.linux64_2.0.0.202105311346/tools/bin/../lib/gcc/arm-none-eabi/9.3.1/../../../../arm-none-eabi/lib/thumb/v7e-m+fp/hard/libc_nano.a(lib_a-init.o)
                0x000000000800cdac                __libc_init_array
 .text.memcpy   0x000000000800cdf4       0x1c /opt/st/stm32cubeide_1.7.0/plugins/com.st.stm32cube.ide.mcu.externaltools.gnu-tools-for-stm32.9-2020-q2-update.linux64_2.0.0.202105311346/tools/bin/../lib/gcc/arm-none-eabi/9.3.1/../../../../arm-none-eabi/lib/thumb/v7e-m+fp/hard/libc_nano.a(lib_a-memcpy-stub.o)
                0x000000000800cdf4                memcpy
 .text.memset   0x000000000800ce10       0x10 /opt/st/stm32cubeide_1.7.0/plugins/com.st.stm32cube.ide.mcu.externaltools.gnu-tools-for-stm32.9-2020-q2-update.linux64_2.0.0.202105311346/tools/bin/../lib/gcc/arm-none-eabi/9.3.1/../../../../arm-none-eabi/lib/thumb/v7e-m+fp/hard/libc_nano.a(lib_a-memset.o)
                0x000000000800ce10                memset
 .text._free_r  0x000000000800ce20       0xa0 /opt/st/stm32cubeide_1.7.0/plugins/com.st.stm32cube.ide.mcu.externaltools.gnu-tools-for-stm32.9-2020-q2-update.linux64_2.0.0.202105311346/tools/bin/../lib/gcc/arm-none-eabi/9.3.1/../../../../arm-none-eabi/lib/thumb/v7e-m+fp/hard/libc_nano.a(lib_a-nano-freer.o)
                0x000000000800ce20                _free_r
 .text._malloc_r
                0x000000000800cec0       0xb4 /opt/st/stm32cubeide_1.7.0/plugins/com.st.stm32cube.ide.mcu.externaltools.gnu-tools-for-stm32.9-2020-q2-update.linux64_2.0.0.202105311346/tools/bin/../lib/gcc/arm-none-eabi/9.3.1/../../../../arm-none-eabi/lib/thumb/v7e-m+fp/hard/libc_nano.a(lib_a-nano-mallocr.o)
                0x000000000800cec0                _malloc_r
 .text.realloc  0x000000000800cf74       0x10 /opt/st/stm32cubeide_1.7.0/plugins/com.st.stm32cube.ide.mcu.externaltools.gnu-tools-for-stm32.9-2020-q2-update.linux64_2.0.0.202105311346/tools/bin/../lib/gcc/arm-none-eabi/9.3.1/../../../../arm-none-eabi/lib/thumb/v7e-m+fp/hard/libc_nano.a(lib_a-realloc.o)
                0x000000000800cf74                realloc
 .text._sbrk_r  0x000000000800cf84       0x20 /opt/st/stm32cubeide_1.7.0/plugins/com.st.stm32cube.ide.mcu.externaltools.gnu-tools-for-stm32.9-2020-q2-update.linux64_2.0.0.202105311346/tools/bin/../lib/gcc/arm-none-eabi/9.3.1/../../../../arm-none-eabi/lib/thumb/v7e-m+fp/hard/libc_nano.a(lib_a-sbrkr.o)
                0x000000000800cf84                _sbrk_r
 .text._raise_r
                0x000000000800cfa4       0x50 /opt/st/stm32cubeide_1.7.0/plugins/com.st.stm32cube.ide.mcu.externaltools.gnu-tools-for-stm32.9-2020-q2-update.linux64_2.0.0.202105311346/tools/bin/../lib/gcc/arm-none-eabi/9.3.1/../../../../arm-none-eabi/lib/thumb/v7e-m+fp/hard/libc_nano.a(lib_a-signal.o)
                0x000000000800cfa4                _raise_r
 .text.raise    0x000000000800cff4       0x10 /opt/st/stm32cubeide_1.7.0/plugins/com.st.stm32cube.ide.mcu.externaltools.gnu-tools-for-stm32.9-2020-q2-update.linux64_2.0.0.202105311346/tools/bin/../lib/gcc/arm-none-eabi/9.3.1/../../../../arm-none-eabi/lib/thumb/v7e-m+fp/hard/libc_nano.a(lib_a-signal.o)
                0x000000000800cff4                raise
 .text._kill_r  0x000000000800d004       0x24 /opt/st/stm32cubeide_1.7.0/plugins/com.st.stm32cube.ide.mcu.externaltools.gnu-tools-for-stm32.9-2020-q2-update.linux64_2.0.0.202105311346/tools/bin/../lib/gcc/arm-none-eabi/9.3.1/../../../../arm-none-eabi/lib/thumb/v7e-m+fp/hard/libc_nano.a(lib_a-signalr.o)
                0x000000000800d004                _kill_r
 .text._getpid_r
                0x000000000800d028        0x4 /opt/st/stm32cubeide_1.7.0/plugins/com.st.stm32cube.ide.mcu.externaltools.gnu-tools-for-stm32.9-2020-q2-update.linux64_2.0.0.202105311346/tools/bin/../lib/gcc/arm-none-eabi/9.3.1/../../../../arm-none-eabi/lib/thumb/v7e-m+fp/hard/libc_nano.a(lib_a-signalr.o)
                0x000000000800d028                _getpid_r
 .text.__malloc_lock
                0x000000000800d02c        0xc /opt/st/stm32cubeide_1.7.0/plugins/com.st.stm32cube.ide.mcu.externaltools.gnu-tools-for-stm32.9-2020-q2-update.linux64_2.0.0.202105311346/tools/bin/../lib/gcc/arm-none-eabi/9.3.1/../../../../arm-none-eabi/lib/thumb/v7e-m+fp/hard/libc_nano.a(lib_a-mlock.o)
                0x000000000800d02c                __malloc_lock
 .text.__malloc_unlock
                0x000000000800d038        0xc /opt/st/stm32cubeide_1.7.0/plugins/com.st.stm32cube.ide.mcu.externaltools.gnu-tools-for-stm32.9-2020-q2-update.linux64_2.0.0.202105311346/tools/bin/../lib/gcc/arm-none-eabi/9.3.1/../../../../arm-none-eabi/lib/thumb/v7e-m+fp/hard/libc_nano.a(lib_a-mlock.o)
                0x000000000800d038                __malloc_unlock
 .text._realloc_r
                0x000000000800d044       0x4c /opt/st/stm32cubeide_1.7.0/plugins/com.st.stm32cube.ide.mcu.externaltools.gnu-tools-for-stm32.9-2020-q2-update.linux64_2.0.0.202105311346/tools/bin/../lib/gcc/arm-none-eabi/9.3.1/../../../../arm-none-eabi/lib/thumb/v7e-m+fp/hard/libc_nano.a(lib_a-nano-reallocr.o)
                0x000000000800d044                _realloc_r
 .text.__retarget_lock_acquire_recursive
                0x000000000800d090        0x2 /opt/st/stm32cubeide_1.7.0/plugins/com.st.stm32cube.ide.mcu.externaltools.gnu-tools-for-stm32.9-2020-q2-update.linux64_2.0.0.202105311346/tools/bin/../lib/gcc/arm-none-eabi/9.3.1/../../../../arm-none-eabi/lib/thumb/v7e-m+fp/hard/libc_nano.a(lib_a-lock.o)
                0x000000000800d090                __retarget_lock_acquire_recursive
 .text.__retarget_lock_release_recursive
                0x000000000800d092        0x2 /opt/st/stm32cubeide_1.7.0/plugins/com.st.stm32cube.ide.mcu.externaltools.gnu-tools-for-stm32.9-2020-q2-update.linux64_2.0.0.202105311346/tools/bin/../lib/gcc/arm-none-eabi/9.3.1/../../../../arm-none-eabi/lib/thumb/v7e-m+fp/hard/libc_nano.a(lib_a-lock.o)
                0x000000000800d092                __retarget_lock_release_recursive
 .text._malloc_usable_size_r
                0x000000000800d094       0x10 /opt/st/stm32cubeide_1.7.0/plugins/com.st.stm32cube.ide.mcu.externaltools.gnu-tools-for-stm32.9-2020-q2-update.linux64_2.0.0.202105311346/tools/bin/../lib/gcc/arm-none-eabi/9.3.1/../../../../arm-none-eabi/lib/thumb/v7e-m+fp/hard/libc_nano.a(lib_a-nano-msizer.o)
                0x000000000800d094                _malloc_usable_size_r
 *(.glue_7)
 .glue_7        0x000000000800d0a4        0x0 linker stubs
 *(.glue_7t)
 .glue_7t       0x000000000800d0a4        0x0 linker stubs
 *(.eh_frame)
 .eh_frame      0x000000000800d0a4        0x0 /opt/st/stm32cubeide_1.7.0/plugins/com.st.stm32cube.ide.mcu.externaltools.gnu-tools-for-stm32.9-2020-q2-update.linux64_2.0.0.202105311346/tools/bin/../lib/gcc/arm-none-eabi/9.3.1/thumb/v7e-m+fp/hard/crtbegin.o
 *(.init)
 .init          0x000000000800d0a4        0x4 /opt/st/stm32cubeide_1.7.0/plugins/com.st.stm32cube.ide.mcu.externaltools.gnu-tools-for-stm32.9-2020-q2-update.linux64_2.0.0.202105311346/tools/bin/../lib/gcc/arm-none-eabi/9.3.1/thumb/v7e-m+fp/hard/crti.o
                0x000000000800d0a4                _init
 .init          0x000000000800d0a8        0x8 /opt/st/stm32cubeide_1.7.0/plugins/com.st.stm32cube.ide.mcu.externaltools.gnu-tools-for-stm32.9-2020-q2-update.linux64_2.0.0.202105311346/tools/bin/../lib/gcc/arm-none-eabi/9.3.1/thumb/v7e-m+fp/hard/crtn.o
 *(.fini)
 .fini          0x000000000800d0b0        0x4 /opt/st/stm32cubeide_1.7.0/plugins/com.st.stm32cube.ide.mcu.externaltools.gnu-tools-for-stm32.9-2020-q2-update.linux64_2.0.0.202105311346/tools/bin/../lib/gcc/arm-none-eabi/9.3.1/thumb/v7e-m+fp/hard/crti.o
                0x000000000800d0b0                _fini
 .fini          0x000000000800d0b4        0x8 /opt/st/stm32cubeide_1.7.0/plugins/com.st.stm32cube.ide.mcu.externaltools.gnu-tools-for-stm32.9-2020-q2-update.linux64_2.0.0.202105311346/tools/bin/../lib/gcc/arm-none-eabi/9.3.1/thumb/v7e-m+fp/hard/crtn.o
                0x000000000800d0bc                . = ALIGN (0x4)
                0x000000000800d0bc                _etext = .

.vfp11_veneer   0x000000000800d0bc        0x0
 .vfp11_veneer  0x000000000800d0bc        0x0 linker stubs

.v4_bx          0x000000000800d0bc        0x0
 .v4_bx         0x000000000800d0bc        0x0 linker stubs

.iplt           0x000000000800d0bc        0x0
 .iplt          0x000000000800d0bc        0x0 /opt/st/stm32cubeide_1.7.0/plugins/com.st.stm32cube.ide.mcu.externaltools.gnu-tools-for-stm32.9-2020-q2-update.linux64_2.0.0.202105311346/tools/bin/../lib/gcc/arm-none-eabi/9.3.1/thumb/v7e-m+fp/hard/crtbegin.o

.rodata         0x000000000800d0c0      0x768
                0x000000000800d0c0                . = ALIGN (0x4)
 *(.rodata)
 .rodata        0x000000000800d0c0      0x372 ./Src/stmCode.o
 *(.rodata*)
 *fill*         0x000000000800d432        0x2 
 .rodata.flagBitshiftOffset.8365
                0x000000000800d434        0x8 ./Drivers/STM32F4xx_HAL_Driver/stm32f4xx_hal_dma.o
 .rodata._ZN14rosserial_msgsL12REQUESTPARAME
                0x000000000800d43c       0x1c ./Src/stmCode.o
 .rodata._ZN8std_srvsL7SETBOOLE
                0x000000000800d458       0x11 ./Src/stmCode.o
 *fill*         0x000000000800d469        0x3 
 .rodata._ZN11gazebo_msgsL16APPLYJOINTEFFORTE
                0x000000000800d46c       0x1d ./Src/stmCode.o
 *fill*         0x000000000800d489        0x3 
 .rodata._ZTVN3ros13ServiceServerIN8std_srvs14SetBoolRequestENS1_15SetBoolResponseEvEE
                0x000000000800d48c       0x18 ./Src/stmCode.o
                0x000000000800d48c                vtable for ros::ServiceServer<std_srvs::SetBoolRequest, std_srvs::SetBoolResponse, void>
 .rodata._ZTVN3ros13ServiceServerIN11gazebo_msgs23ApplyJointEffortRequestENS1_24ApplyJointEffortResponseEvEE
                0x000000000800d4a4       0x18 ./Src/stmCode.o
                0x000000000800d4a4                vtable for ros::ServiceServer<gazebo_msgs::ApplyJointEffortRequest, gazebo_msgs::ApplyJointEffortResponse, void>
 .rodata._ZTVN3ros10SubscriberIN13geometry_msgs5TwistEvEE
                0x000000000800d4bc       0x18 ./Src/stmCode.o
                0x000000000800d4bc                vtable for ros::Subscriber<geometry_msgs::Twist, void>
 .rodata._ZTVN3ros11NodeHandle_I13STM32HardwareLi25ELi25ELi1024ELi1024EEE
                0x000000000800d4d4       0x14 ./Src/stmCode.o
                0x000000000800d4d4                vtable for ros::NodeHandle_<STM32Hardware, 25, 25, 1024, 1024>
 .rodata._ZTVN11gazebo_msgs24ApplyJointEffortResponseE
                0x000000000800d4e8       0x18 ./Src/stmCode.o
                0x000000000800d4e8                vtable for gazebo_msgs::ApplyJointEffortResponse
 .rodata._ZTVN11gazebo_msgs23ApplyJointEffortRequestE
                0x000000000800d500       0x18 ./Src/stmCode.o
                0x000000000800d500                vtable for gazebo_msgs::ApplyJointEffortRequest
 .rodata._ZTVN13reel_euro20216ta7wilE
                0x000000000800d518       0x18 ./Src/stmCode.o
                0x000000000800d518                vtable for reel_euro2021::ta7wil
 .rodata._ZTVN8std_srvs15SetBoolResponseE
                0x000000000800d530       0x18 ./Src/stmCode.o
                0x000000000800d530                vtable for std_srvs::SetBoolResponse
 .rodata._ZTVN8std_srvs14SetBoolRequestE
                0x000000000800d548       0x18 ./Src/stmCode.o
                0x000000000800d548                vtable for std_srvs::SetBoolRequest
 .rodata._ZTVN13geometry_msgs5TwistE
                0x000000000800d560       0x18 ./Src/stmCode.o
                0x000000000800d560                vtable for geometry_msgs::Twist
 .rodata._ZTVN13geometry_msgs7Vector3E
                0x000000000800d578       0x18 ./Src/stmCode.o
                0x000000000800d578                vtable for geometry_msgs::Vector3
 .rodata._ZTVN3ros11Subscriber_E
                0x000000000800d590       0x18 ./Src/stmCode.o
                0x000000000800d590                vtable for ros::Subscriber_
 .rodata._ZTVN3ros15NodeHandleBase_E
                0x000000000800d5a8       0x14 ./Src/stmCode.o
                0x000000000800d5a8                vtable for ros::NodeHandleBase_
 .rodata._ZTVN14rosserial_msgs20RequestParamResponseE
                0x000000000800d5bc       0x18 ./Src/stmCode.o
                0x000000000800d5bc                vtable for rosserial_msgs::RequestParamResponse
 .rodata._ZTVN14rosserial_msgs3LogE
                0x000000000800d5d4       0x18 ./Src/stmCode.o
                0x000000000800d5d4                vtable for rosserial_msgs::Log
 .rodata._ZTVN14rosserial_msgs9TopicInfoE
                0x000000000800d5ec       0x18 ./Src/stmCode.o
                0x000000000800d5ec                vtable for rosserial_msgs::TopicInfo
 .rodata._ZTVN8std_msgs4TimeE
                0x000000000800d604       0x18 ./Src/stmCode.o
                0x000000000800d604                vtable for std_msgs::Time
 .rodata._ZTVN3ros3MsgE
                0x000000000800d61c       0x18 ./Src/stmCode.o
                0x000000000800d61c                vtable for ros::Msg
 .rodata.AHBPrescTable
                0x000000000800d634       0x10 ./Src/system_stm32f4xx.o
                0x000000000800d634                AHBPrescTable
 .rodata.APBPrescTable
                0x000000000800d644        0x8 ./Src/system_stm32f4xx.o
                0x000000000800d644                APBPrescTable
 .rodata.acosf.str1.1
                0x000000000800d64c        0x1 /opt/st/stm32cubeide_1.7.0/plugins/com.st.stm32cube.ide.mcu.externaltools.gnu-tools-for-stm32.9-2020-q2-update.linux64_2.0.0.202105311346/tools/bin/../lib/gcc/arm-none-eabi/9.3.1/../../../../arm-none-eabi/lib/thumb/v7e-m+fp/hard/libm.a(lib_a-wf_acos.o)
 .rodata.asinf.str1.1
                0x000000000800d64d        0x1 /opt/st/stm32cubeide_1.7.0/plugins/com.st.stm32cube.ide.mcu.externaltools.gnu-tools-for-stm32.9-2020-q2-update.linux64_2.0.0.202105311346/tools/bin/../lib/gcc/arm-none-eabi/9.3.1/../../../../arm-none-eabi/lib/thumb/v7e-m+fp/hard/libm.a(lib_a-wf_asin.o)
 *fill*         0x000000000800d64d        0x3 
 .rodata.npio2_hw
                0x000000000800d650       0x80 /opt/st/stm32cubeide_1.7.0/plugins/com.st.stm32cube.ide.mcu.externaltools.gnu-tools-for-stm32.9-2020-q2-update.linux64_2.0.0.202105311346/tools/bin/../lib/gcc/arm-none-eabi/9.3.1/../../../../arm-none-eabi/lib/thumb/v7e-m+fp/hard/libm.a(lib_a-e_rem_pio2.o)
 .rodata.two_over_pi
                0x000000000800d6d0      0x108 /opt/st/stm32cubeide_1.7.0/plugins/com.st.stm32cube.ide.mcu.externaltools.gnu-tools-for-stm32.9-2020-q2-update.linux64_2.0.0.202105311346/tools/bin/../lib/gcc/arm-none-eabi/9.3.1/../../../../arm-none-eabi/lib/thumb/v7e-m+fp/hard/libm.a(lib_a-e_rem_pio2.o)
 .rodata.PIo2   0x000000000800d7d8       0x40 /opt/st/stm32cubeide_1.7.0/plugins/com.st.stm32cube.ide.mcu.externaltools.gnu-tools-for-stm32.9-2020-q2-update.linux64_2.0.0.202105311346/tools/bin/../lib/gcc/arm-none-eabi/9.3.1/../../../../arm-none-eabi/lib/thumb/v7e-m+fp/hard/libm.a(lib_a-k_rem_pio2.o)
 .rodata.init_jk
                0x000000000800d818       0x10 /opt/st/stm32cubeide_1.7.0/plugins/com.st.stm32cube.ide.mcu.externaltools.gnu-tools-for-stm32.9-2020-q2-update.linux64_2.0.0.202105311346/tools/bin/../lib/gcc/arm-none-eabi/9.3.1/../../../../arm-none-eabi/lib/thumb/v7e-m+fp/hard/libm.a(lib_a-k_rem_pio2.o)
                0x000000000800d828                . = ALIGN (0x4)

.ARM.extab      0x000000000800d828        0x0
                0x000000000800d828                . = ALIGN (0x4)
 *(.ARM.extab* .gnu.linkonce.armextab.*)
                0x000000000800d828                . = ALIGN (0x4)

.ARM            0x000000000800d828        0x8
                0x000000000800d828                . = ALIGN (0x4)
                0x000000000800d828                __exidx_start = .
 *(.ARM.exidx*)
 .ARM.exidx     0x000000000800d828        0x8 /opt/st/stm32cubeide_1.7.0/plugins/com.st.stm32cube.ide.mcu.externaltools.gnu-tools-for-stm32.9-2020-q2-update.linux64_2.0.0.202105311346/tools/bin/../lib/gcc/arm-none-eabi/9.3.1/thumb/v7e-m+fp/hard/libgcc.a(_udivmoddi4.o)
                0x000000000800d830                __exidx_end = .
                0x000000000800d830                . = ALIGN (0x4)

.rel.dyn        0x000000000800d830        0x0
 .rel.iplt      0x000000000800d830        0x0 /opt/st/stm32cubeide_1.7.0/plugins/com.st.stm32cube.ide.mcu.externaltools.gnu-tools-for-stm32.9-2020-q2-update.linux64_2.0.0.202105311346/tools/bin/../lib/gcc/arm-none-eabi/9.3.1/thumb/v7e-m+fp/hard/crtbegin.o

.preinit_array  0x000000000800d830        0x0
                0x000000000800d830                . = ALIGN (0x4)
                0x000000000800d830                PROVIDE (__preinit_array_start = .)
 *(.preinit_array*)
                0x000000000800d830                PROVIDE (__preinit_array_end = .)
                0x000000000800d830                . = ALIGN (0x4)

.init_array     0x000000000800d830        0x8
                0x000000000800d830                . = ALIGN (0x4)
                0x000000000800d830                PROVIDE (__init_array_start = .)
 *(SORT_BY_NAME(.init_array.*))
 *(.init_array*)