Archive member included to satisfy reference by file (symbol)

c:/st/stm32cubeide_1.10.1/stm32cubeide/plugins/com.st.stm32cube.ide.mcu.externaltools.gnu-tools-for-stm32.10.3-2021.10.win32_1.0.0.202111181127/tools/bin/../lib/gcc/arm-none-eabi/10.3.1/../../../../arm-none-eabi/lib/thumb/v7e-m+fp/hard\libstdc++_nano.a(pure.o)
                              ./Src/Robot_Navi_Euro20.o (__cxa_pure_virtual)
c:/st/stm32cubeide_1.10.1/stm32cubeide/plugins/com.st.stm32cube.ide.mcu.externaltools.gnu-tools-for-stm32.10.3-2021.10.win32_1.0.0.202111181127/tools/bin/../lib/gcc/arm-none-eabi/10.3.1/../../../../arm-none-eabi/lib/thumb/v7e-m+fp/hard\libstdc++_nano.a(eh_terminate.o)
                              c:/st/stm32cubeide_1.10.1/stm32cubeide/plugins/com.st.stm32cube.ide.mcu.externaltools.gnu-tools-for-stm32.10.3-2021.10.win32_1.0.0.202111181127/tools/bin/../lib/gcc/arm-none-eabi/10.3.1/../../../../arm-none-eabi/lib/thumb/v7e-m+fp/hard\libstdc++_nano.a(pure.o) (std::terminate())
c:/st/stm32cubeide_1.10.1/stm32cubeide/plugins/com.st.stm32cube.ide.mcu.externaltools.gnu-tools-for-stm32.10.3-2021.10.win32_1.0.0.202111181127/tools/bin/../lib/gcc/arm-none-eabi/10.3.1/../../../../arm-none-eabi/lib/thumb/v7e-m+fp/hard\libstdc++_nano.a(eh_unex_handler.o)
                              c:/st/stm32cubeide_1.10.1/stm32cubeide/plugins/com.st.stm32cube.ide.mcu.externaltools.gnu-tools-for-stm32.10.3-2021.10.win32_1.0.0.202111181127/tools/bin/../lib/gcc/arm-none-eabi/10.3.1/../../../../arm-none-eabi/lib/thumb/v7e-m+fp/hard\libstdc++_nano.a(eh_terminate.o) (__cxxabiv1::__unexpected_handler)
c:/st/stm32cubeide_1.10.1/stm32cubeide/plugins/com.st.stm32cube.ide.mcu.externaltools.gnu-tools-for-stm32.10.3-2021.10.win32_1.0.0.202111181127/tools/bin/../lib/gcc/arm-none-eabi/10.3.1/../../../../arm-none-eabi/lib/thumb/v7e-m+fp/hard\libstdc++_nano.a(eh_term_handler.o)
                              c:/st/stm32cubeide_1.10.1/stm32cubeide/plugins/com.st.stm32cube.ide.mcu.externaltools.gnu-tools-for-stm32.10.3-2021.10.win32_1.0.0.202111181127/tools/bin/../lib/gcc/arm-none-eabi/10.3.1/../../../../arm-none-eabi/lib/thumb/v7e-m+fp/hard\libstdc++_nano.a(eh_terminate.o) (__cxxabiv1::__terminate_handler)
c:/st/stm32cubeide_1.10.1/stm32cubeide/plugins/com.st.stm32cube.ide.mcu.externaltools.gnu-tools-for-stm32.10.3-2021.10.win32_1.0.0.202111181127/tools/bin/../lib/gcc/arm-none-eabi/10.3.1/../../../../arm-none-eabi/lib/thumb/v7e-m+fp/hard\libm.a(lib_a-s_cos.o)
                              ./Src/Odometry.o (cos)
c:/st/stm32cubeide_1.10.1/stm32cubeide/plugins/com.st.stm32cube.ide.mcu.externaltools.gnu-tools-for-stm32.10.3-2021.10.win32_1.0.0.202111181127/tools/bin/../lib/gcc/arm-none-eabi/10.3.1/../../../../arm-none-eabi/lib/thumb/v7e-m+fp/hard\libm.a(lib_a-s_sin.o)
                              ./Src/Odometry.o (sin)
c:/st/stm32cubeide_1.10.1/stm32cubeide/plugins/com.st.stm32cube.ide.mcu.externaltools.gnu-tools-for-stm32.10.3-2021.10.win32_1.0.0.202111181127/tools/bin/../lib/gcc/arm-none-eabi/10.3.1/../../../../arm-none-eabi/lib/thumb/v7e-m+fp/hard\libm.a(lib_a-sf_cos.o)
                              ./Src/Robot_Navi_Euro20.o (cosf)
c:/st/stm32cubeide_1.10.1/stm32cubeide/plugins/com.st.stm32cube.ide.mcu.externaltools.gnu-tools-for-stm32.10.3-2021.10.win32_1.0.0.202111181127/tools/bin/../lib/gcc/arm-none-eabi/10.3.1/../../../../arm-none-eabi/lib/thumb/v7e-m+fp/hard\libm.a(lib_a-sf_sin.o)
                              ./Src/Robot_Navi_Euro20.o (sinf)
c:/st/stm32cubeide_1.10.1/stm32cubeide/plugins/com.st.stm32cube.ide.mcu.externaltools.gnu-tools-for-stm32.10.3-2021.10.win32_1.0.0.202111181127/tools/bin/../lib/gcc/arm-none-eabi/10.3.1/../../../../arm-none-eabi/lib/thumb/v7e-m+fp/hard\libm.a(lib_a-w_asin.o)
                              ./Src/Robot_Navi_Euro20.o (asin)
c:/st/stm32cubeide_1.10.1/stm32cubeide/plugins/com.st.stm32cube.ide.mcu.externaltools.gnu-tools-for-stm32.10.3-2021.10.win32_1.0.0.202111181127/tools/bin/../lib/gcc/arm-none-eabi/10.3.1/../../../../arm-none-eabi/lib/thumb/v7e-m+fp/hard\libm.a(lib_a-w_pow.o)
                              ./Src/Robot_Navi_Euro20.o (pow)
c:/st/stm32cubeide_1.10.1/stm32cubeide/plugins/com.st.stm32cube.ide.mcu.externaltools.gnu-tools-for-stm32.10.3-2021.10.win32_1.0.0.202111181127/tools/bin/../lib/gcc/arm-none-eabi/10.3.1/../../../../arm-none-eabi/lib/thumb/v7e-m+fp/hard\libm.a(lib_a-wf_acos.o)
                              ./Src/Robot_Navi_Euro20.o (acosf)
c:/st/stm32cubeide_1.10.1/stm32cubeide/plugins/com.st.stm32cube.ide.mcu.externaltools.gnu-tools-for-stm32.10.3-2021.10.win32_1.0.0.202111181127/tools/bin/../lib/gcc/arm-none-eabi/10.3.1/../../../../arm-none-eabi/lib/thumb/v7e-m+fp/hard\libm.a(lib_a-wf_asin.o)
                              ./Src/Robot_Navi_Euro20.o (asinf)
[...]
Memory Configuration

Name             Origin             Length             Attributes
RAM              0x0000000020000000 0x0000000000020000 xrw
FLASH            0x0000000008000000 0x0000000000080000 xr
*default*        0x0000000000000000 0xffffffffffffffff

Linker script and memory map

LOAD c:/st/stm32cubeide_1.10.1/stm32cubeide/plugins/com.st.stm32cube.ide.mcu.externaltools.gnu-tools-for-stm32.10.3-2021.10.win32_1.0.0.202111181127/tools/bin/../lib/gcc/arm-none-eabi/10.3.1/thumb/v7e-m+fp/hard/crti.o
LOAD c:/st/stm32cubeide_1.10.1/stm32cubeide/plugins/com.st.stm32cube.ide.mcu.externaltools.gnu-tools-for-stm32.10.3-2021.10.win32_1.0.0.202111181127/tools/bin/../lib/gcc/arm-none-eabi/10.3.1/thumb/v7e-m+fp/hard/crtbegin.o
LOAD c:/st/stm32cubeide_1.10.1/stm32cubeide/plugins/com.st.stm32cube.ide.mcu.externaltools.gnu-tools-for-stm32.10.3-2021.10.win32_1.0.0.202111181127/tools/bin/../lib/gcc/arm-none-eabi/10.3.1/../../../../arm-none-eabi/lib/thumb/v7e-m+fp/hard/crt0.o
LOAD ./Drivers/STM32F4xx_HAL_Driver/stm32f4xx_hal.o
LOAD ./Drivers/STM32F4xx_HAL_Driver/stm32f4xx_hal_cortex.o
LOAD ./Drivers/STM32F4xx_HAL_Driver/stm32f4xx_hal_dma.o
LOAD ./Drivers/STM32F4xx_HAL_Driver/stm32f4xx_hal_dma_ex.o
LOAD ./Drivers/STM32F4xx_HAL_Driver/stm32f4xx_hal_exti.o
LOAD ./Drivers/STM32F4xx_HAL_Driver/stm32f4xx_hal_flash.o
LOAD ./Drivers/STM32F4xx_HAL_Driver/stm32f4xx_hal_flash_ex.o
LOAD ./Drivers/STM32F4xx_HAL_Driver/stm32f4xx_hal_flash_ramfunc.o
LOAD ./Drivers/STM32F4xx_HAL_Driver/stm32f4xx_hal_gpio.o
LOAD ./Drivers/STM32F4xx_HAL_Driver/stm32f4xx_hal_pwr.o
LOAD ./Drivers/STM32F4xx_HAL_Driver/stm32f4xx_hal_pwr_ex.o
LOAD ./Drivers/STM32F4xx_HAL_Driver/stm32f4xx_hal_rcc.o
LOAD ./Drivers/STM32F4xx_HAL_Driver/stm32f4xx_hal_rcc_ex.o
LOAD ./Drivers/STM32F4xx_HAL_Driver/stm32f4xx_hal_tim.o
LOAD ./Drivers/STM32F4xx_HAL_Driver/stm32f4xx_hal_tim_ex.o
LOAD ./Drivers/STM32F4xx_HAL_Driver/stm32f4xx_hal_uart.o
LOAD ./Src/Motors.o
LOAD ./Src/Odometry.o
LOAD ./Src/Robot_Navi_Euro20.o
LOAD ./Src/dma.o
LOAD ./Src/duration.o
LOAD ./Src/gpio.o
LOAD ./Src/main.o
LOAD ./Src/stm32f4xx_hal_msp.o
LOAD ./Src/stm32f4xx_it.o
LOAD ./Src/stmRos.o
LOAD ./Src/syscalls.o
LOAD ./Src/sysmem.o
LOAD ./Src/system_stm32f4xx.o
LOAD ./Src/tim.o
LOAD ./Src/time.o
LOAD ./Src/usart.o
LOAD ./Startup/startup_stm32f446retx.o
START GROUP
LOAD c:/st/stm32cubeide_1.10.1/stm32cubeide/plugins/com.st.stm32cube.ide.mcu.externaltools.gnu-tools-for-stm32.10.3-2021.10.win32_1.0.0.202111181127/tools/bin/../lib/gcc/arm-none-eabi/10.3.1/../../../../arm-none-eabi/lib/thumb/v7e-m+fp/hard\libstdc++_nano.a
LOAD c:/st/stm32cubeide_1.10.1/stm32cubeide/plugins/com.st.stm32cube.ide.mcu.externaltools.gnu-tools-for-stm32.10.3-2021.10.win32_1.0.0.202111181127/tools/bin/../lib/gcc/arm-none-eabi/10.3.1/../../../../arm-none-eabi/lib/thumb/v7e-m+fp/hard\libsupc++_nano.a
END GROUP
LOAD c:/st/stm32cubeide_1.10.1/stm32cubeide/plugins/com.st.stm32cube.ide.mcu.externaltools.gnu-tools-for-stm32.10.3-2021.10.win32_1.0.0.202111181127/tools/bin/../lib/gcc/arm-none-eabi/10.3.1/../../../../arm-none-eabi/lib/thumb/v7e-m+fp/hard\libstdc++_nano.a
LOAD c:/st/stm32cubeide_1.10.1/stm32cubeide/plugins/com.st.stm32cube.ide.mcu.externaltools.gnu-tools-for-stm32.10.3-2021.10.win32_1.0.0.202111181127/tools/bin/../lib/gcc/arm-none-eabi/10.3.1/../../../../arm-none-eabi/lib/thumb/v7e-m+fp/hard\libm.a
LOAD c:/st/stm32cubeide_1.10.1/stm32cubeide/plugins/com.st.stm32cube.ide.mcu.externaltools.gnu-tools-for-stm32.10.3-2021.10.win32_1.0.0.202111181127/tools/bin/../lib/gcc/arm-none-eabi/10.3.1/../../../../arm-none-eabi/lib/thumb/v7e-m+fp/hard\libc_nano.a
START GROUP
LOAD c:/st/stm32cubeide_1.10.1/stm32cubeide/plugins/com.st.stm32cube.ide.mcu.externaltools.gnu-tools-for-stm32.10.3-2021.10.win32_1.0.0.202111181127/tools/bin/../lib/gcc/arm-none-eabi/10.3.1/thumb/v7e-m+fp/hard\libgcc.a
LOAD c:/st/stm32cubeide_1.10.1/stm32cubeide/plugins/com.st.stm32cube.ide.mcu.externaltools.gnu-tools-for-stm32.10.3-2021.10.win32_1.0.0.202111181127/tools/bin/../lib/gcc/arm-none-eabi/10.3.1/../../../../arm-none-eabi/lib/thumb/v7e-m+fp/hard\libc_nano.a
END GROUP
START GROUP
LOAD c:/st/stm32cubeide_1.10.1/stm32cubeide/plugins/com.st.stm32cube.ide.mcu.externaltools.gnu-tools-for-stm32.10.3-2021.10.win32_1.0.0.202111181127/tools/bin/../lib/gcc/arm-none-eabi/10.3.1/thumb/v7e-m+fp/hard\libgcc.a
LOAD c:/st/stm32cubeide_1.10.1/stm32cubeide/plugins/com.st.stm32cube.ide.mcu.externaltools.gnu-tools-for-stm32.10.3-2021.10.win32_1.0.0.202111181127/tools/bin/../lib/gcc/arm-none-eabi/10.3.1/../../../../arm-none-eabi/lib/thumb/v7e-m+fp/hard\libc_nano.a
END GROUP
LOAD c:/st/stm32cubeide_1.10.1/stm32cubeide/plugins/com.st.stm32cube.ide.mcu.externaltools.gnu-tools-for-stm32.10.3-2021.10.win32_1.0.0.202111181127/tools/bin/../lib/gcc/arm-none-eabi/10.3.1/thumb/v7e-m+fp/hard/crtend.o
LOAD c:/st/stm32cubeide_1.10.1/stm32cubeide/plugins/com.st.stm32cube.ide.mcu.externaltools.gnu-tools-for-stm32.10.3-2021.10.win32_1.0.0.202111181127/tools/bin/../lib/gcc/arm-none-eabi/10.3.1/thumb/v7e-m+fp/hard/crtn.o
                0x0000000020020000                _estack = (ORIGIN (RAM) + LENGTH (RAM))
                0x0000000000000200                _Min_Heap_Size = 0x200
                0x0000000000000400                _Min_Stack_Size = 0x400

.isr_vector     0x0000000008000000      0x1c4
                0x0000000008000000                . = ALIGN (0x4)
 *(.isr_vector)
 .isr_vector    0x0000000008000000      0x1c4 ./Startup/startup_stm32f446retx.o
                0x0000000008000000                g_pfnVectors
                0x00000000080001c4                . = ALIGN (0x4)

.text           0x00000000080001c8     0xe9c4
                0x00000000080001c8                . = ALIGN (0x4)
 *(.text)
 .text          0x00000000080001c8       0x40 c:/st/stm32cubeide_1.10.1/stm32cubeide/plugins/com.st.stm32cube.ide.mcu.externaltools.gnu-tools-for-stm32.10.3-2021.10.win32_1.0.0.202111181127/tools/bin/../lib/gcc/arm-none-eabi/10.3.1/thumb/v7e-m+fp/hard/crtbegin.o
 .text          0x0000000008000208       0x14 c:/st/stm32cubeide_1.10.1/stm32cubeide/plugins/com.st.stm32cube.ide.mcu.externaltools.gnu-tools-for-stm32.10.3-2021.10.win32_1.0.0.202111181127/tools/bin/../lib/gcc/arm-none-eabi/10.3.1/../../../../arm-none-eabi/lib/thumb/v7e-m+fp/hard\libc_nano.a(lib_a-strcmp.o)
                0x0000000008000208                strcmp
 .text          0x000000000800021c       0x10 c:/st/stm32cubeide_1.10.1/stm32cubeide/plugins/com.st.stm32cube.ide.mcu.externaltools.gnu-tools-for-stm32.10.3-2021.10.win32_1.0.0.202111181127/tools/bin/../lib/gcc/arm-none-eabi/10.3.1/../../../../arm-none-eabi/lib/thumb/v7e-m+fp/hard\libc_nano.a(lib_a-strlen.o)
                0x000000000800021c                strlen
 .text          0x000000000800022c      0x378 c:/st/stm32cubeide_1.10.1/stm32cubeide/plugins/com.st.stm32cube.ide.mcu.externaltools.gnu-tools-for-stm32.10.3-2021.10.win32_1.0.0.202111181127/tools/bin/../lib/gcc/arm-none-eabi/10.3.1/thumb/v7e-m+fp/hard\libgcc.a(_arm_addsubdf3.o)
                0x000000000800022c                __aeabi_drsub
                0x0000000008000234                __aeabi_dsub
                0x0000000008000234                __subdf3
                0x0000000008000238                __aeabi_dadd
                0x0000000008000238                __adddf3
                0x00000000080004b0                __floatunsidf
                0x00000000080004b0                __aeabi_ui2d
                0x00000000080004d0                __floatsidf
                0x00000000080004d0                __aeabi_i2d
                0x00000000080004f4                __aeabi_f2d
                0x00000000080004f4                __extendsfdf2
                0x0000000008000538                __floatundidf
                0x0000000008000538                __aeabi_ul2d
                0x0000000008000548                __floatdidf
                0x0000000008000548                __aeabi_l2d
 .text          0x00000000080005a4      0x424 c:/st/stm32cubeide_1.10.1/stm32cubeide/plugins/com.st.stm32cube.ide.mcu.externaltools.gnu-tools-for-stm32.10.3-2021.10.win32_1.0.0.202111181127/tools/bin/../lib/gcc/arm-none-eabi/10.3.1/thumb/v7e-m+fp/hard\libgcc.a(_arm_muldivdf3.o)
                0x00000000080005a4                __aeabi_dmul
                0x00000000080005a4                __muldf3
                0x00000000080007f8                __divdf3
                0x00000000080007f8                __aeabi_ddiv
 .text          0x00000000080009c8      0x110 c:/st/stm32cubeide_1.10.1/stm32cubeide/plugins/com.st.stm32cube.ide.mcu.externaltools.gnu-tools-for-stm32.10.3-2021.10.win32_1.0.0.202111181127/tools/bin/../lib/gcc/arm-none-eabi/10.3.1/thumb/v7e-m+fp/hard\libgcc.a(_arm_cmpdf2.o)
                0x00000000080009c8                __gtdf2
                0x00000000080009c8                __gedf2
                0x00000000080009d0                __ltdf2
                0x00000000080009d0                __ledf2
                0x00000000080009d8                __nedf2
                0x00000000080009d8                __eqdf2
                0x00000000080009d8                __cmpdf2
                0x0000000008000a54                __aeabi_cdrcmple
                0x0000000008000a64                __aeabi_cdcmpeq
                0x0000000008000a64                __aeabi_cdcmple
                0x0000000008000a74                __aeabi_dcmpeq
                0x0000000008000a88                __aeabi_dcmplt
                0x0000000008000a9c                __aeabi_dcmple
                0x0000000008000ab0                __aeabi_dcmpge
                0x0000000008000ac4                __aeabi_dcmpgt
 .text          0x0000000008000ad8       0x50 c:/st/stm32cubeide_1.10.1/stm32cubeide/plugins/com.st.stm32cube.ide.mcu.externaltools.gnu-tools-for-stm32.10.3-2021.10.win32_1.0.0.202111181127/tools/bin/../lib/gcc/arm-none-eabi/10.3.1/thumb/v7e-m+fp/hard\libgcc.a(_arm_fixdfsi.o)
                0x0000000008000ad8                __aeabi_d2iz
                0x0000000008000ad8                __fixdfsi
 .text          0x0000000008000b28       0xa0 c:/st/stm32cubeide_1.10.1/stm32cubeide/plugins/com.st.stm32cube.ide.mcu.externaltools.gnu-tools-for-stm32.10.3-2021.10.win32_1.0.0.202111181127/tools/bin/../lib/gcc/arm-none-eabi/10.3.1/thumb/v7e-m+fp/hard\libgcc.a(_arm_truncdfsf2.o)
                0x0000000008000b28                __truncdfsf2
                0x0000000008000b28                __aeabi_d2f
 .text          0x0000000008000bc8       0x30 c:/st/stm32cubeide_1.10.1/stm32cubeide/plugins/com.st.stm32cube.ide.mcu.externaltools.gnu-tools-for-stm32.10.3-2021.10.win32_1.0.0.202111181127/tools/bin/../lib/gcc/arm-none-eabi/10.3.1/thumb/v7e-m+fp/hard\libgcc.a(_aeabi_uldivmod.o)
                0x0000000008000bc8                __aeabi_uldivmod
 .text          0x0000000008000bf8      0x2d0 c:/st/stm32cubeide_1.10.1/stm32cubeide/plugins/com.st.stm32cube.ide.mcu.externaltools.gnu-tools-for-stm32.10.3-2021.10.win32_1.0.0.202111181127/tools/bin/../lib/gcc/arm-none-eabi/10.3.1/thumb/v7e-m+fp/hard\libgcc.a(_udivmoddi4.o)
                0x0000000008000bf8                __udivmoddi4
 .text          0x0000000008000ec8        0x4 c:/st/stm32cubeide_1.10.1/stm32cubeide/plugins/com.st.stm32cube.ide.mcu.externaltools.gnu-tools-for-stm32.10.3-2021.10.win32_1.0.0.202111181127/tools/bin/../lib/gcc/arm-none-eabi/10.3.1/thumb/v7e-m+fp/hard\libgcc.a(_dvmd_tls.o)
                0x0000000008000ec8                __aeabi_idiv0
                0x0000000008000ec8                __aeabi_ldiv0
 *(.text*)
 .text.HAL_Init
                0x0000000008000ecc       0x44 ./Drivers/STM32F4xx_HAL_Driver/stm32f4xx_hal.o
                0x0000000008000ecc                HAL_Init
 .text.HAL_InitTick
                0x0000000008000f10       0x60 ./Drivers/STM32F4xx_HAL_Driver/stm32f4xx_hal.o
                0x0000000008000f10                HAL_InitTick
 .text.HAL_IncTick
                0x0000000008000f70       0x28 ./Drivers/STM32F4xx_HAL_Driver/stm32f4xx_hal.o
                0x0000000008000f70                HAL_IncTick
 .text.HAL_GetTick
                0x0000000008000f98       0x18 ./Drivers/STM32F4xx_HAL_Driver/stm32f4xx_hal.o
                0x0000000008000f98                HAL_GetTick
 .text.__NVIC_SetPriorityGrouping
                0x0000000008000fb0       0x48 ./Drivers/STM32F4xx_HAL_Driver/stm32f4xx_hal_cortex.o
 .text.__NVIC_GetPriorityGrouping
                0x0000000008000ff8       0x1c ./Drivers/STM32F4xx_HAL_Driver/stm32f4xx_hal_cortex.o
 .text.__NVIC_EnableIRQ
                0x0000000008001014       0x3c ./Drivers/STM32F4xx_HAL_Driver/stm32f4xx_hal_cortex.o
 .text.__NVIC_SetPriority
                0x0000000008001050       0x54 ./Drivers/STM32F4xx_HAL_Driver/stm32f4xx_hal_cortex.o
 .text.NVIC_EncodePriority
                0x00000000080010a4       0x66 ./Drivers/STM32F4xx_HAL_Driver/stm32f4xx_hal_cortex.o
 *fill*         0x000000000800110a        0x2 
 .text.SysTick_Config
                0x000000000800110c       0x44 ./Drivers/STM32F4xx_HAL_Driver/stm32f4xx_hal_cortex.o
 .text.HAL_NVIC_SetPriorityGrouping
                0x0000000008001150       0x16 ./Drivers/STM32F4xx_HAL_Driver/stm32f4xx_hal_cortex.o
                0x0000000008001150                HAL_NVIC_SetPriorityGrouping
 .text.HAL_NVIC_SetPriority
                0x0000000008001166       0x38 ./Drivers/STM32F4xx_HAL_Driver/stm32f4xx_hal_cortex.o
                0x0000000008001166                HAL_NVIC_SetPriority
 .text.HAL_NVIC_EnableIRQ
                0x000000000800119e       0x1c ./Drivers/STM32F4xx_HAL_Driver/stm32f4xx_hal_cortex.o
                0x000000000800119e                HAL_NVIC_EnableIRQ
 .text.HAL_SYSTICK_Config
                0x00000000080011ba       0x18 ./Drivers/STM32F4xx_HAL_Driver/stm32f4xx_hal_cortex.o
                0x00000000080011ba                HAL_SYSTICK_Config
 *fill*         0x00000000080011d2        0x2 
 .text.HAL_DMA_Init
                0x00000000080011d4      0x15c ./Drivers/STM32F4xx_HAL_Driver/stm32f4xx_hal_dma.o
                0x00000000080011d4                HAL_DMA_Init
 .text.HAL_DMA_Start_IT
                0x0000000008001330       0xb0 ./Drivers/STM32F4xx_HAL_Driver/stm32f4xx_hal_dma.o
                0x0000000008001330                HAL_DMA_Start_IT
 .text.HAL_DMA_Abort
                0x00000000080013e0       0xe0 ./Drivers/STM32F4xx_HAL_Driver/stm32f4xx_hal_dma.o
                0x00000000080013e0                HAL_DMA_Abort
 .text.HAL_DMA_Abort_IT
                0x00000000080014c0       0x44 ./Drivers/STM32F4xx_HAL_Driver/stm32f4xx_hal_dma.o
                0x00000000080014c0                HAL_DMA_Abort_IT
 .text.HAL_DMA_IRQHandler
                0x0000000008001504      0x314 ./Drivers/STM32F4xx_HAL_Driver/stm32f4xx_hal_dma.o
                0x0000000008001504                HAL_DMA_IRQHandler
 .text.DMA_SetConfig
                0x0000000008001818       0x5c ./Drivers/STM32F4xx_HAL_Driver/stm32f4xx_hal_dma.o
 .text.DMA_CalcBaseAndBitshift
                0x0000000008001874       0x6c ./Drivers/STM32F4xx_HAL_Driver/stm32f4xx_hal_dma.o
 .text.DMA_CheckFifoParam
                0x00000000080018e0       0xf8 ./Drivers/STM32F4xx_HAL_Driver/stm32f4xx_hal_dma.o
 .text.HAL_GPIO_Init
                0x00000000080019d8      0x328 ./Drivers/STM32F4xx_HAL_Driver/stm32f4xx_hal_gpio.o
                0x00000000080019d8                HAL_GPIO_Init
 .text.HAL_GPIO_ReadPin
                0x0000000008001d00       0x30 ./Drivers/STM32F4xx_HAL_Driver/stm32f4xx_hal_gpio.o
                0x0000000008001d00                HAL_GPIO_ReadPin
 .text.HAL_PWREx_EnableOverDrive
                0x0000000008001d30       0xa0 ./Drivers/STM32F4xx_HAL_Driver/stm32f4xx_hal_pwr_ex.o
                0x0000000008001d30                HAL_PWREx_EnableOverDrive
 .text.HAL_RCC_ClockConfig
                0x0000000008001dd0      0x1cc ./Drivers/STM32F4xx_HAL_Driver/stm32f4xx_hal_rcc.o
                0x0000000008001dd0                HAL_RCC_ClockConfig
 .text.HAL_RCC_GetHCLKFreq
                0x0000000008001f9c       0x18 ./Drivers/STM32F4xx_HAL_Driver/stm32f4xx_hal_rcc.o
                0x0000000008001f9c                HAL_RCC_GetHCLKFreq
 .text.HAL_RCC_GetPCLK1Freq
                0x0000000008001fb4       0x28 ./Drivers/STM32F4xx_HAL_Driver/stm32f4xx_hal_rcc.o
                0x0000000008001fb4                HAL_RCC_GetPCLK1Freq
 .text.HAL_RCC_GetPCLK2Freq
                0x0000000008001fdc       0x28 ./Drivers/STM32F4xx_HAL_Driver/stm32f4xx_hal_rcc.o
                0x0000000008001fdc                HAL_RCC_GetPCLK2Freq
 .text.HAL_RCC_GetSysClockFreq
                0x0000000008002004      0x354 ./Drivers/STM32F4xx_HAL_Driver/stm32f4xx_hal_rcc_ex.o
                0x0000000008002004                HAL_RCC_GetSysClockFreq
 .text.HAL_RCC_OscConfig
                0x0000000008002358      0x53c ./Drivers/STM32F4xx_HAL_Driver/stm32f4xx_hal_rcc_ex.o
                0x0000000008002358                HAL_RCC_OscConfig
 .text.HAL_TIM_Base_Init
                0x0000000008002894       0x9e ./Drivers/STM32F4xx_HAL_Driver/stm32f4xx_hal_tim.o
                0x0000000008002894                HAL_TIM_Base_Init
 *fill*         0x0000000008002932        0x2 
 .text.HAL_TIM_Base_Start_IT
                0x0000000008002934       0xe0 ./Drivers/STM32F4xx_HAL_Driver/stm32f4xx_hal_tim.o
                0x0000000008002934                HAL_TIM_Base_Start_IT
 .text.HAL_TIM_PWM_Init
                0x0000000008002a14       0x9e ./Drivers/STM32F4xx_HAL_Driver/stm32f4xx_hal_tim.o
                0x0000000008002a14                HAL_TIM_PWM_Init
 *fill*         0x0000000008002ab2        0x2 
 .text.HAL_TIM_PWM_Start
                0x0000000008002ab4      0x190 ./Drivers/STM32F4xx_HAL_Driver/stm32f4xx_hal_tim.o
                0x0000000008002ab4                HAL_TIM_PWM_Start
 .text.HAL_TIM_Encoder_Init
                0x0000000008002c44      0x14c ./Drivers/STM32F4xx_HAL_Driver/stm32f4xx_hal_tim.o
                0x0000000008002c44                HAL_TIM_Encoder_Init
 .text.HAL_TIM_Encoder_Start
                0x0000000008002d90      0x11c ./Drivers/STM32F4xx_HAL_Driver/stm32f4xx_hal_tim.o
                0x0000000008002d90                HAL_TIM_Encoder_Start
 .text.HAL_TIM_IRQHandler
                0x0000000008002eac      0x210 ./Drivers/STM32F4xx_HAL_Driver/stm32f4xx_hal_tim.o
                0x0000000008002eac                HAL_TIM_IRQHandler
 .text.HAL_TIM_PWM_ConfigChannel
                0x00000000080030bc      0x184 ./Drivers/STM32F4xx_HAL_Driver/stm32f4xx_hal_tim.o
                0x00000000080030bc                HAL_TIM_PWM_ConfigChannel
 .text.HAL_TIM_OC_DelayElapsedCallback
                0x0000000008003240       0x14 ./Drivers/STM32F4xx_HAL_Driver/stm32f4xx_hal_tim.o
                0x0000000008003240                HAL_TIM_OC_DelayElapsedCallback
 .text.HAL_TIM_IC_CaptureCallback
                0x0000000008003254       0x14 ./Drivers/STM32F4xx_HAL_Driver/stm32f4xx_hal_tim.o
                0x0000000008003254                HAL_TIM_IC_CaptureCallback
 .text.HAL_TIM_PWM_PulseFinishedCallback
                0x0000000008003268       0x14 ./Drivers/STM32F4xx_HAL_Driver/stm32f4xx_hal_tim.o
                0x0000000008003268                HAL_TIM_PWM_PulseFinishedCallback
 .text.HAL_TIM_TriggerCallback
                0x000000000800327c       0x14 ./Drivers/STM32F4xx_HAL_Driver/stm32f4xx_hal_tim.o
                0x000000000800327c                HAL_TIM_TriggerCallback
 .text.TIM_Base_SetConfig
                0x0000000008003290      0x140 ./Drivers/STM32F4xx_HAL_Driver/stm32f4xx_hal_tim.o
                0x0000000008003290                TIM_Base_SetConfig
 .text.TIM_OC1_SetConfig
                0x00000000080033d0       0xe0 ./Drivers/STM32F4xx_HAL_Driver/stm32f4xx_hal_tim.o
 .text.TIM_OC2_SetConfig
                0x00000000080034b0       0xec ./Drivers/STM32F4xx_HAL_Driver/stm32f4xx_hal_tim.o
                0x00000000080034b0                TIM_OC2_SetConfig
 .text.TIM_OC3_SetConfig
                0x000000000800359c       0xe8 ./Drivers/STM32F4xx_HAL_Driver/stm32f4xx_hal_tim.o
 .text.TIM_OC4_SetConfig
                0x0000000008003684       0xac ./Drivers/STM32F4xx_HAL_Driver/stm32f4xx_hal_tim.o
 .text.TIM_CCxChannelCmd
                0x0000000008003730       0x4a ./Drivers/STM32F4xx_HAL_Driver/stm32f4xx_hal_tim.o
                0x0000000008003730                TIM_CCxChannelCmd
 *fill*         0x000000000800377a        0x2 
 .text.HAL_TIMEx_MasterConfigSynchronization
                0x000000000800377c       0xf8 ./Drivers/STM32F4xx_HAL_Driver/stm32f4xx_hal_tim_ex.o
                0x000000000800377c                HAL_TIMEx_MasterConfigSynchronization
 .text.HAL_TIMEx_ConfigBreakDeadTime
                0x0000000008003874       0xa4 ./Drivers/STM32F4xx_HAL_Driver/stm32f4xx_hal_tim_ex.o
                0x0000000008003874                HAL_TIMEx_ConfigBreakDeadTime
 .text.HAL_TIMEx_CommutCallback
                0x0000000008003918       0x14 ./Drivers/STM32F4xx_HAL_Driver/stm32f4xx_hal_tim_ex.o
                0x0000000008003918                HAL_TIMEx_CommutCallback
 .text.HAL_TIMEx_BreakCallback
                0x000000000800392c       0x14 ./Drivers/STM32F4xx_HAL_Driver/stm32f4xx_hal_tim_ex.o
                0x000000000800392c                HAL_TIMEx_BreakCallback
 .text.HAL_UART_Init
                0x0000000008003940       0x9a ./Drivers/STM32F4xx_HAL_Driver/stm32f4xx_hal_uart.o
                0x0000000008003940                HAL_UART_Init
 *fill*         0x00000000080039da        0x2 
 .text.HAL_UART_Transmit_DMA
                0x00000000080039dc       0xfc ./Drivers/STM32F4xx_HAL_Driver/stm32f4xx_hal_uart.o
                0x00000000080039dc                HAL_UART_Transmit_DMA
 .text.HAL_UART_Receive_DMA
                0x0000000008003ad8       0x60 ./Drivers/STM32F4xx_HAL_Driver/stm32f4xx_hal_uart.o
                0x0000000008003ad8                HAL_UART_Receive_DMA
 .text.HAL_UART_IRQHandler
                0x0000000008003b38      0x51c ./Drivers/STM32F4xx_HAL_Driver/stm32f4xx_hal_uart.o
                0x0000000008003b38                HAL_UART_IRQHandler
 .text.HAL_UART_TxHalfCpltCallback
                0x0000000008004054       0x14 ./Drivers/STM32F4xx_HAL_Driver/stm32f4xx_hal_uart.o
                0x0000000008004054                HAL_UART_TxHalfCpltCallback
 .text.HAL_UART_RxHalfCpltCallback
                0x0000000008004068       0x14 ./Drivers/STM32F4xx_HAL_Driver/stm32f4xx_hal_uart.o
                0x0000000008004068                HAL_UART_RxHalfCpltCallback
 .text.HAL_UART_ErrorCallback
                0x000000000800407c       0x14 ./Drivers/STM32F4xx_HAL_Driver/stm32f4xx_hal_uart.o
                0x000000000800407c                HAL_UART_ErrorCallback
 .text.HAL_UARTEx_RxEventCallback
                0x0000000008004090       0x18 ./Drivers/STM32F4xx_HAL_Driver/stm32f4xx_hal_uart.o
                0x0000000008004090                HAL_UARTEx_RxEventCallback
 .text.UART_DMATransmitCplt
                0x00000000080040a8       0x9a ./Drivers/STM32F4xx_HAL_Driver/stm32f4xx_hal_uart.o
 .text.UART_DMATxHalfCplt
                0x0000000008004142       0x1c ./Drivers/STM32F4xx_HAL_Driver/stm32f4xx_hal_uart.o
 .text.UART_DMAReceiveCplt
                0x000000000800415e      0x126 ./Drivers/STM32F4xx_HAL_Driver/stm32f4xx_hal_uart.o
 .text.UART_DMARxHalfCplt
                0x0000000008004284       0x36 ./Drivers/STM32F4xx_HAL_Driver/stm32f4xx_hal_uart.o
 .text.UART_DMAError
                0x00000000080042ba       0x94 ./Drivers/STM32F4xx_HAL_Driver/stm32f4xx_hal_uart.o
 *fill*         0x000000000800434e        0x2 
 .text.UART_Start_Receive_DMA
                0x0000000008004350      0x13c ./Drivers/STM32F4xx_HAL_Driver/stm32f4xx_hal_uart.o
                0x0000000008004350                UART_Start_Receive_DMA
 .text.UART_EndTxTransfer
                0x000000000800448c       0x50 ./Drivers/STM32F4xx_HAL_Driver/stm32f4xx_hal_uart.o
 .text.UART_EndRxTransfer
                0x00000000080044dc       0xc6 ./Drivers/STM32F4xx_HAL_Driver/stm32f4xx_hal_uart.o
 .text.UART_DMAAbortOnError
                0x00000000080045a2       0x28 ./Drivers/STM32F4xx_HAL_Driver/stm32f4xx_hal_uart.o
 .text.UART_Transmit_IT
                0x00000000080045ca       0xa0 ./Drivers/STM32F4xx_HAL_Driver/stm32f4xx_hal_uart.o
 .text.UART_EndTransmit_IT
                0x000000000800466a       0x30 ./Drivers/STM32F4xx_HAL_Driver/stm32f4xx_hal_uart.o
 .text.UART_Receive_IT
                0x000000000800469a      0x176 ./Drivers/STM32F4xx_HAL_Driver/stm32f4xx_hal_uart.o
 .text.UART_SetConfig
                0x0000000008004810      0x4e8 ./Drivers/STM32F4xx_HAL_Driver/stm32f4xx_hal_uart.o
 .text.set_motors
                0x0000000008004cf8       0x88 ./Src/Motors.o
                0x0000000008004cf8                set_motors
 .text.stop_motors
                0x0000000008004d80       0x3c ./Src/Motors.o
                0x0000000008004d80                stop_motors
 .text.run_motors
                0x0000000008004dbc      0x32c ./Src/Motors.o
                0x0000000008004dbc                run_motors
 .text.set_PWM_min
                0x00000000080050e8       0x44 ./Src/Motors.o
                0x00000000080050e8                set_PWM_min
 .text.PWM_sign_change_counter
                0x000000000800512c       0x98 ./Src/Motors.o
                0x000000000800512c                PWM_sign_change_counter
 .text.set_right_encoder
                0x00000000080051c4       0x68 ./Src/Odometry.o
                0x00000000080051c4                set_right_encoder
 .text.set_left_encoder
                0x000000000800522c       0x68 ./Src/Odometry.o
                0x000000000800522c                set_left_encoder
 .text.read_right_encoder
                0x0000000008005294       0x94 ./Src/Odometry.o
                0x0000000008005294                read_right_encoder
 .text.read_left_encoder
                0x0000000008005328       0x94 ./Src/Odometry.o
                0x0000000008005328                read_left_encoder
 .text.set_dimentions
                0x00000000080053bc       0x4c ./Src/Odometry.o
                0x00000000080053bc                set_dimentions
 .text.update_position
                0x0000000008005408      0x3f4 ./Src/Odometry.o
                0x0000000008005408                update_position
 .text.speed_calcul
                0x00000000080057fc      0x1a8 ./Src/Odometry.o
                0x00000000080057fc                speed_calcul
 .text.ticks_to_distance
                0x00000000080059a4       0x58 ./Src/Odometry.o
                0x00000000080059a4                ticks_to_distance
 *fill*         0x00000000080059fc        0x4 
 .text.rad_to_deg
                0x0000000008005a00       0x54 ./Src/Odometry.o
                0x0000000008005a00                rad_to_deg
 .text._ZSt3absl
                0x0000000008005a54       0x1c ./Src/Robot_Navi_Euro20.o
                0x0000000008005a54                std::abs(long)
 .text._ZSt4fabsf
                0x0000000008005a70       0x20 ./Src/Robot_Navi_Euro20.o
                0x0000000008005a70                std::fabs(float)
 .text._ZSt4sqrtf
                0x0000000008005a90       0x20 ./Src/Robot_Navi_Euro20.o
                0x0000000008005a90                std::sqrt(float)
 .text._ZN3ros4TimeC2Ev
                0x0000000008005ab0       0x22 ./Src/Robot_Navi_Euro20.o
                0x0000000008005ab0                ros::Time::Time()
                0x0000000008005ab0                ros::Time::Time()
 *fill*         0x0000000008005ad2        0x2 
 .text._ZN3ros3MsgC2Ev
                0x0000000008005ad4       0x20 ./Src/Robot_Navi_Euro20.o
                0x0000000008005ad4                ros::Msg::Msg()
                0x0000000008005ad4                ros::Msg::Msg()
 .text._ZN8std_msgs4TimeC2Ev
                0x0000000008005af4       0x30 ./Src/Robot_Navi_Euro20.o
                0x0000000008005af4                std_msgs::Time::Time()
                0x0000000008005af4                std_msgs::Time::Time()
 .text._ZNK8std_msgs4Time9serializeEPh
                0x0000000008005b24       0xb0 ./Src/Robot_Navi_Euro20.o
                0x0000000008005b24                std_msgs::Time::serialize(unsigned char*) const
 .text._ZN8std_msgs4Time11deserializeEPh
                0x0000000008005bd4       0xc8 ./Src/Robot_Navi_Euro20.o
                0x0000000008005bd4                std_msgs::Time::deserialize(unsigned char*)
 .text._ZN8std_msgs4Time7getTypeEv
                0x0000000008005c9c       0x1c ./Src/Robot_Navi_Euro20.o
                0x0000000008005c9c                std_msgs::Time::getType()
 .text._ZN8std_msgs4Time6getMD5Ev
                0x0000000008005cb8       0x1c ./Src/Robot_Navi_Euro20.o
                0x0000000008005cb8                std_msgs::Time::getMD5()
 .text._ZN14rosserial_msgs9TopicInfoC2Ev
                0x0000000008005cd4       0x48 ./Src/Robot_Navi_Euro20.o
                0x0000000008005cd4                rosserial_msgs::TopicInfo::TopicInfo()
                0x0000000008005cd4                rosserial_msgs::TopicInfo::TopicInfo()
 .text._ZNK14rosserial_msgs9TopicInfo9serializeEPh
                0x0000000008005d1c      0x136 ./Src/Robot_Navi_Euro20.o
                0x0000000008005d1c                rosserial_msgs::TopicInfo::serialize(unsigned char*) const
 .text._ZN14rosserial_msgs9TopicInfo11deserializeEPh
                0x0000000008005e52      0x1d0 ./Src/Robot_Navi_Euro20.o
                0x0000000008005e52                rosserial_msgs::TopicInfo::deserialize(unsigned char*)
 *fill*         0x0000000008006022        0x2 
 .text._ZN14rosserial_msgs9TopicInfo7getTypeEv
                0x0000000008006024       0x1c ./Src/Robot_Navi_Euro20.o
                0x0000000008006024                rosserial_msgs::TopicInfo::getType()
 .text._ZN14rosserial_msgs9TopicInfo6getMD5Ev
                0x0000000008006040       0x1c ./Src/Robot_Navi_Euro20.o
                0x0000000008006040                rosserial_msgs::TopicInfo::getMD5()
 .text._ZN14rosserial_msgs20RequestParamResponse11deserializeEPh
                0x000000000800605c      0x2e2 ./Src/Robot_Navi_Euro20.o
                0x000000000800605c                rosserial_msgs::RequestParamResponse::deserialize(unsigned char*)
 .text._ZN3ros9PublisherC2EPKcPNS_3MsgEi
                0x000000000800633e       0x2e ./Src/Robot_Navi_Euro20.o
                0x000000000800633e                ros::Publisher::Publisher(char const*, ros::Msg*, int)
                0x000000000800633e                ros::Publisher::Publisher(char const*, ros::Msg*, int)
 .text._ZN3ros9Publisher7publishEPKNS_3MsgE
                0x000000000800636c       0x28 ./Src/Robot_Navi_Euro20.o
                0x000000000800636c                ros::Publisher::publish(ros::Msg const*)
 .text._ZN3ros9Publisher15getEndpointTypeEv
                0x0000000008006394       0x18 ./Src/Robot_Navi_Euro20.o
                0x0000000008006394                ros::Publisher::getEndpointType()
 .text._ZN13STM32Hardware10getRdmaIndEv
                0x00000000080063ac       0x26 ./Src/Robot_Navi_Euro20.o
                0x00000000080063ac                STM32Hardware::getRdmaInd()
 .text._ZN13STM32Hardware4readEv
                0x00000000080063d2       0x5a ./Src/Robot_Navi_Euro20.o
                0x00000000080063d2                STM32Hardware::read()
 .text._ZN13STM32Hardware4timeEv
                0x000000000800642c       0x16 ./Src/Robot_Navi_Euro20.o
                0x000000000800642c                STM32Hardware::time()
 *fill*         0x0000000008006442        0x2 
 .text._ZN8std_msgs4BoolC2Ev
                0x0000000008006444       0x2c ./Src/Robot_Navi_Euro20.o
                0x0000000008006444                std_msgs::Bool::Bool()
                0x0000000008006444                std_msgs::Bool::Bool()
 .text._ZNK8std_msgs4Bool9serializeEPh
                0x0000000008006470       0x32 ./Src/Robot_Navi_Euro20.o
                0x0000000008006470                std_msgs::Bool::serialize(unsigned char*) const
 .text._ZN8std_msgs4Bool11deserializeEPh
                0x00000000080064a2       0x3c ./Src/Robot_Navi_Euro20.o
                0x00000000080064a2                std_msgs::Bool::deserialize(unsigned char*)
 *fill*         0x00000000080064de        0x2 
 .text._ZN8std_msgs4Bool7getTypeEv
                0x00000000080064e0       0x1c ./Src/Robot_Navi_Euro20.o
                0x00000000080064e0                std_msgs::Bool::getType()
 .text._ZN8std_msgs4Bool6getMD5Ev
                0x00000000080064fc       0x1c ./Src/Robot_Navi_Euro20.o
                0x00000000080064fc                std_msgs::Bool::getMD5()
 .text._Z9constrainfff
                0x0000000008006518       0x52 ./Src/Robot_Navi_Euro20.o
                0x0000000008006518                constrain(float, float, float)
 *fill*         0x000000000800656a        0x2 
 .text._Z4initv
                0x000000000800656c       0x90 ./Src/Robot_Navi_Euro20.o
                0x000000000800656c                init()
 .text.move_distance
                0x00000000080065fc      0x5d4 ./Src/Robot_Navi_Euro20.o
                0x00000000080065fc                move_distance
 .text.rotate   0x0000000008006bd0      0x544 ./Src/Robot_Navi_Euro20.o
                0x0000000008006bd0                rotate
 .text.orientate
                0x0000000008007114       0xa0 ./Src/Robot_Navi_Euro20.o
                0x0000000008007114                orientate
 .text.Robot_Locate
                0x00000000080071b4      0x23c ./Src/Robot_Navi_Euro20.o
                0x00000000080071b4                Robot_Locate
 .text.asta3    0x00000000080073f0      0x650 ./Src/Robot_Navi_Euro20.o
                0x00000000080073f0                asta3
 .text.asta3L   0x0000000008007a40      0x614 ./Src/Robot_Navi_Euro20.o
                0x0000000008007a40                asta3L
 .text._ZN3ros3Msg8varToArrIPhmEEvT_T0_
                0x0000000008008054       0x3c ./Src/Robot_Navi_Euro20.o
                0x0000000008008054                void ros::Msg::varToArr<unsigned char*, unsigned long>(unsigned char*, unsigned long)
 .text._ZN3ros3Msg8arrToVarImPhEEvRT_T0_
                0x0000000008008090       0x4a ./Src/Robot_Navi_Euro20.o
                0x0000000008008090                void ros::Msg::arrToVar<unsigned long, unsigned char*>(unsigned long&, unsigned char*)
 .text._ZN3ros11NodeHandle_I13STM32HardwareLi25ELi25ELi1024ELi1024EE8spinOnceEv
                0x00000000080080da      0x4e2 ./Src/Robot_Navi_Euro20.o
                0x00000000080080da                ros::NodeHandle_<STM32Hardware, 25, 25, 1024, 1024>::spinOnce()
 .text._ZN3ros11NodeHandle_I13STM32HardwareLi25ELi25ELi1024ELi1024EE15requestSyncTimeEv
                0x00000000080085bc       0x3c ./Src/Robot_Navi_Euro20.o
                0x00000000080085bc                ros::NodeHandle_<STM32Hardware, 25, 25, 1024, 1024>::requestSyncTime()
 .text._ZN3ros11NodeHandle_I13STM32HardwareLi25ELi25ELi1024ELi1024EE15negotiateTopicsEv
                0x00000000080085f8      0x1c2 ./Src/Robot_Navi_Euro20.o
                0x00000000080085f8                ros::NodeHandle_<STM32Hardware, 25, 25, 1024, 1024>::negotiateTopics()
 *fill*         0x00000000080087ba        0x2 
 .text._ZN3ros11NodeHandle_I13STM32HardwareLi25ELi25ELi1024ELi1024EE8syncTimeEPh
                0x00000000080087bc       0x9c ./Src/Robot_Navi_Euro20.o
                0x00000000080087bc                ros::NodeHandle_<STM32Hardware, 25, 25, 1024, 1024>::syncTime(unsigned char*)
 .text._ZN3ros11NodeHandle_I13STM32HardwareLi25ELi25ELi1024ELi1024EE6setNowERKNS_4TimeE
                0x0000000008008858       0x80 ./Src/Robot_Navi_Euro20.o
                0x0000000008008858                ros::NodeHandle_<STM32Hardware, 25, 25, 1024, 1024>::setNow(ros::Time const&)
 .text._Z41__static_initialization_and_destruction_0ii
                0x00000000080088d8       0x40 ./Src/Robot_Navi_Euro20.o
 .text._GLOBAL__sub_I_start
                0x0000000008008918       0x10 ./Src/Robot_Navi_Euro20.o
 .text.MX_DMA_Init
                0x0000000008008928       0x50 ./Src/dma.o
                0x0000000008008928                MX_DMA_Init
 .text.MX_GPIO_Init
                0x0000000008008978       0x94 ./Src/gpio.o
                0x0000000008008978                MX_GPIO_Init
 .text.main     0x0000000008008a0c       0xdc ./Src/main.o
                0x0000000008008a0c                main
 .text.SystemClock_Config
                0x0000000008008ae8       0xe8 ./Src/main.o
                0x0000000008008ae8                SystemClock_Config
 .text.HAL_TIM_PeriodElapsedCallback
                0x0000000008008bd0       0x50 ./Src/main.o
                0x0000000008008bd0                HAL_TIM_PeriodElapsedCallback
 .text.Error_Handler
                0x0000000008008c20        0xe ./Src/main.o
                0x0000000008008c20                Error_Handler
 *fill*         0x0000000008008c2e        0x2 
 .text.HAL_MspInit
                0x0000000008008c30       0x50 ./Src/stm32f4xx_hal_msp.o
                0x0000000008008c30                HAL_MspInit
 .text.NMI_Handler
                0x0000000008008c80        0xe ./Src/stm32f4xx_it.o
                0x0000000008008c80                NMI_Handler
 .text.HardFault_Handler
                0x0000000008008c8e        0x6 ./Src/stm32f4xx_it.o
                0x0000000008008c8e                HardFault_Handler
 .text.MemManage_Handler
                0x0000000008008c94        0x6 ./Src/stm32f4xx_it.o
                0x0000000008008c94                MemManage_Handler
 .text.BusFault_Handler
                0x0000000008008c9a        0x6 ./Src/stm32f4xx_it.o
                0x0000000008008c9a                BusFault_Handler
 .text.UsageFault_Handler
                0x0000000008008ca0        0x6 ./Src/stm32f4xx_it.o
                0x0000000008008ca0                UsageFault_Handler
 .text.SVC_Handler
                0x0000000008008ca6        0xe ./Src/stm32f4xx_it.o
                0x0000000008008ca6                SVC_Handler
 .text.DebugMon_Handler
                0x0000000008008cb4        0xe ./Src/stm32f4xx_it.o
                0x0000000008008cb4                DebugMon_Handler
 .text.PendSV_Handler
                0x0000000008008cc2        0xe ./Src/stm32f4xx_it.o
                0x0000000008008cc2                PendSV_Handler
 .text.SysTick_Handler
                0x0000000008008cd0        0xc ./Src/stm32f4xx_it.o
                0x0000000008008cd0                SysTick_Handler
 .text.DMA1_Stream5_IRQHandler
                0x0000000008008cdc       0x14 ./Src/stm32f4xx_it.o
                0x0000000008008cdc                DMA1_Stream5_IRQHandler
 .text.DMA1_Stream6_IRQHandler
                0x0000000008008cf0       0x14 ./Src/stm32f4xx_it.o
                0x0000000008008cf0                DMA1_Stream6_IRQHandler
 .text.USART2_IRQHandler
                0x0000000008008d04       0x14 ./Src/stm32f4xx_it.o
                0x0000000008008d04                USART2_IRQHandler
 .text.TIM7_IRQHandler
                0x0000000008008d18       0x14 ./Src/stm32f4xx_it.o
                0x0000000008008d18                TIM7_IRQHandler
 .text._ZN3ros8DurationC2Ev
                0x0000000008008d2c       0x22 ./Src/stmRos.o
                0x0000000008008d2c                ros::Duration::Duration()
                0x0000000008008d2c                ros::Duration::Duration()
 *fill*         0x0000000008008d4e        0x2 
 .text._ZN14rosserial_msgs3LogC2Ev
                0x0000000008008d50       0x34 ./Src/stmRos.o
                0x0000000008008d50                rosserial_msgs::Log::Log()
                0x0000000008008d50                rosserial_msgs::Log::Log()
 .text._ZNK14rosserial_msgs3Log9serializeEPh
                0x0000000008008d84       0x64 ./Src/stmRos.o
                0x0000000008008d84                rosserial_msgs::Log::serialize(unsigned char*) const
 .text._ZN14rosserial_msgs3Log11deserializeEPh
                0x0000000008008de8       0x90 ./Src/stmRos.o
                0x0000000008008de8                rosserial_msgs::Log::deserialize(unsigned char*)
 .text._ZN14rosserial_msgs3Log7getTypeEv
                0x0000000008008e78       0x1c ./Src/stmRos.o
                0x0000000008008e78                rosserial_msgs::Log::getType()
 .text._ZN14rosserial_msgs3Log6getMD5Ev
                0x0000000008008e94       0x1c ./Src/stmRos.o
                0x0000000008008e94                rosserial_msgs::Log::getMD5()
 .text._ZN14rosserial_msgs20RequestParamResponseC2Ev
                0x0000000008008eb0       0x5c ./Src/stmRos.o
                0x0000000008008eb0                rosserial_msgs::RequestParamResponse::RequestParamResponse()
                0x0000000008008eb0                rosserial_msgs::RequestParamResponse::RequestParamResponse()
 .text._ZNK14rosserial_msgs20RequestParamResponse9serializeEPh
                0x0000000008008f0c      0x222 ./Src/stmRos.o
                0x0000000008008f0c                rosserial_msgs::RequestParamResponse::serialize(unsigned char*) const
 *fill*         0x000000000800912e        0x2 
 .text._ZN14rosserial_msgs20RequestParamResponse7getTypeEv
                0x0000000008009130       0x1c ./Src/stmRos.o
                0x0000000008009130                rosserial_msgs::RequestParamResponse::getType()
 .text._ZN14rosserial_msgs20RequestParamResponse6getMD5Ev
                0x000000000800914c       0x1c ./Src/stmRos.o
                0x000000000800914c                rosserial_msgs::RequestParamResponse::getMD5()
 .text._ZN13STM32HardwareC2Ev
                0x0000000008009168       0x38 ./Src/stmRos.o
                0x0000000008009168                STM32Hardware::STM32Hardware()
                0x0000000008009168                STM32Hardware::STM32Hardware()
 .text._ZN13STM32Hardware4initEv
                0x00000000080091a0       0x16 ./Src/stmRos.o
                0x00000000080091a0                STM32Hardware::init()
 .text._ZN13STM32Hardware10reset_rbufEv
                0x00000000080091b6       0x22 ./Src/stmRos.o
                0x00000000080091b6                STM32Hardware::reset_rbuf()
 .text._ZN13STM32Hardware5flushEv
                0x00000000080091d8       0xbc ./Src/stmRos.o
                0x00000000080091d8                STM32Hardware::flush()
 .text._ZN13STM32Hardware5writeEPhi
                0x0000000008009294       0x8c ./Src/stmRos.o
                0x0000000008009294                STM32Hardware::write(unsigned char*, int)
 .text._ZN13geometry_msgs7Vector3C2Ev
                0x0000000008009320       0x50 ./Src/stmRos.o
                0x0000000008009320                geometry_msgs::Vector3::Vector3()
                0x0000000008009320                geometry_msgs::Vector3::Vector3()
 .text._ZNK13geometry_msgs7Vector39serializeEPh
                0x0000000008009370      0x2e6 ./Src/stmRos.o
                0x0000000008009370                geometry_msgs::Vector3::serialize(unsigned char*) const
 .text._ZN13geometry_msgs7Vector311deserializeEPh
                0x0000000008009656      0x6be ./Src/stmRos.o
                0x0000000008009656                geometry_msgs::Vector3::deserialize(unsigned char*)
 .text._ZN13geometry_msgs7Vector37getTypeEv
                0x0000000008009d14       0x1c ./Src/stmRos.o
                0x0000000008009d14                geometry_msgs::Vector3::getType()
 .text._ZN13geometry_msgs7Vector36getMD5Ev
                0x0000000008009d30       0x1c ./Src/stmRos.o
                0x0000000008009d30                geometry_msgs::Vector3::getMD5()
 .text._ZN13geometry_msgs5TwistC2Ev
                0x0000000008009d4c       0x38 ./Src/stmRos.o
                0x0000000008009d4c                geometry_msgs::Twist::Twist()
                0x0000000008009d4c                geometry_msgs::Twist::Twist()
 .text._ZNK13geometry_msgs5Twist9serializeEPh
                0x0000000008009d84       0x4c ./Src/stmRos.o
                0x0000000008009d84                geometry_msgs::Twist::serialize(unsigned char*) const
 .text._ZN13geometry_msgs5Twist11deserializeEPh
                0x0000000008009dd0       0x4c ./Src/stmRos.o
                0x0000000008009dd0                geometry_msgs::Twist::deserialize(unsigned char*)
 .text._ZN13geometry_msgs5Twist7getTypeEv
                0x0000000008009e1c       0x1c ./Src/stmRos.o
                0x0000000008009e1c                geometry_msgs::Twist::getType()
 .text._ZN13geometry_msgs5Twist6getMD5Ev
                0x0000000008009e38       0x1c ./Src/stmRos.o
                0x0000000008009e38                geometry_msgs::Twist::getMD5()
 .text._ZN13reel_euro20216ta7wilC2Ev
                0x0000000008009e54       0x4c ./Src/stmRos.o
                0x0000000008009e54                reel_euro2021::ta7wil::ta7wil()
                0x0000000008009e54                reel_euro2021::ta7wil::ta7wil()
 .text._ZNK13reel_euro20216ta7wil9serializeEPh
                0x0000000008009ea0      0x184 ./Src/stmRos.o
                0x0000000008009ea0                reel_euro2021::ta7wil::serialize(unsigned char*) const
 .text._ZN13reel_euro20216ta7wil11deserializeEPh
                0x000000000800a024      0x1c0 ./Src/stmRos.o
                0x000000000800a024                reel_euro2021::ta7wil::deserialize(unsigned char*)
 .text._ZN13reel_euro20216ta7wil7getTypeEv
                0x000000000800a1e4       0x1c ./Src/stmRos.o
                0x000000000800a1e4                reel_euro2021::ta7wil::getType()
 .text._ZN13reel_euro20216ta7wil6getMD5Ev
                0x000000000800a200       0x1c ./Src/stmRos.o
                0x000000000800a200                reel_euro2021::ta7wil::getMD5()
 .text._ZN11gazebo_msgs23ApplyJointEffortRequestC2Ev
                0x000000000800a21c       0x50 ./Src/stmRos.o
                0x000000000800a21c                gazebo_msgs::ApplyJointEffortRequest::ApplyJointEffortRequest()
                0x000000000800a21c                gazebo_msgs::ApplyJointEffortRequest::ApplyJointEffortRequest()
 .text._ZNK11gazebo_msgs23ApplyJointEffortRequest9serializeEPh
                0x000000000800a26c      0x268 ./Src/stmRos.o
                0x000000000800a26c                gazebo_msgs::ApplyJointEffortRequest::serialize(unsigned char*) const
 .text._ZN11gazebo_msgs23ApplyJointEffortRequest11deserializeEPh
                0x000000000800a4d4      0x42e ./Src/stmRos.o
                0x000000000800a4d4                gazebo_msgs::ApplyJointEffortRequest::deserialize(unsigned char*)
 *fill*         0x000000000800a902        0x2 
 .text._ZN11gazebo_msgs23ApplyJointEffortRequest7getTypeEv
                0x000000000800a904       0x1c ./Src/stmRos.o
                0x000000000800a904                gazebo_msgs::ApplyJointEffortRequest::getType()
 .text._ZN11gazebo_msgs23ApplyJointEffortRequest6getMD5Ev
                0x000000000800a920       0x1c ./Src/stmRos.o
                0x000000000800a920                gazebo_msgs::ApplyJointEffortRequest::getMD5()
 .text._ZN11gazebo_msgs24ApplyJointEffortResponseC2Ev
                0x000000000800a93c       0x34 ./Src/stmRos.o
                0x000000000800a93c                gazebo_msgs::ApplyJointEffortResponse::ApplyJointEffortResponse()
                0x000000000800a93c                gazebo_msgs::ApplyJointEffortResponse::ApplyJointEffortResponse()
 .text._ZNK11gazebo_msgs24ApplyJointEffortResponse9serializeEPh
                0x000000000800a970       0x68 ./Src/stmRos.o
                0x000000000800a970                gazebo_msgs::ApplyJointEffortResponse::serialize(unsigned char*) const
 .text._ZN11gazebo_msgs24ApplyJointEffortResponse11deserializeEPh
                0x000000000800a9d8       0x9e ./Src/stmRos.o
                0x000000000800a9d8                gazebo_msgs::ApplyJointEffortResponse::deserialize(unsigned char*)
 *fill*         0x000000000800aa76        0x2 
 .text._ZN11gazebo_msgs24ApplyJointEffortResponse7getTypeEv
                0x000000000800aa78       0x1c ./Src/stmRos.o
                0x000000000800aa78                gazebo_msgs::ApplyJointEffortResponse::getType()
 .text._ZN11gazebo_msgs24ApplyJointEffortResponse6getMD5Ev
                0x000000000800aa94       0x1c ./Src/stmRos.o
                0x000000000800aa94                gazebo_msgs::ApplyJointEffortResponse::getMD5()
 .text._ZN8std_msgs9ColorRGBAC2Ev
                0x000000000800aab0       0x44 ./Src/stmRos.o
                0x000000000800aab0                std_msgs::ColorRGBA::ColorRGBA()
                0x000000000800aab0                std_msgs::ColorRGBA::ColorRGBA()
 .text._ZNK8std_msgs9ColorRGBA9serializeEPh
                0x000000000800aaf4      0x13c ./Src/stmRos.o
                0x000000000800aaf4                std_msgs::ColorRGBA::serialize(unsigned char*) const
 .text._ZN8std_msgs9ColorRGBA11deserializeEPh
                0x000000000800ac30      0x16c ./Src/stmRos.o
                0x000000000800ac30                std_msgs::ColorRGBA::deserialize(unsigned char*)
 .text._ZN8std_msgs9ColorRGBA7getTypeEv
                0x000000000800ad9c       0x1c ./Src/stmRos.o
                0x000000000800ad9c                std_msgs::ColorRGBA::getType()
 .text._ZN8std_msgs9ColorRGBA6getMD5Ev
                0x000000000800adb8       0x1c ./Src/stmRos.o
                0x000000000800adb8                std_msgs::ColorRGBA::getMD5()
 .text._ZN11gazebo_msgs25GetLightPropertiesRequestC2Ev
                0x000000000800add4       0x30 ./Src/stmRos.o
                0x000000000800add4                gazebo_msgs::GetLightPropertiesRequest::GetLightPropertiesRequest()
                0x000000000800add4                gazebo_msgs::GetLightPropertiesRequest::GetLightPropertiesRequest()
 .text._ZNK11gazebo_msgs25GetLightPropertiesRequest9serializeEPh
                0x000000000800ae04       0x52 ./Src/stmRos.o
                0x000000000800ae04                gazebo_msgs::GetLightPropertiesRequest::serialize(unsigned char*) const
 .text._ZN11gazebo_msgs25GetLightPropertiesRequest11deserializeEPh
                0x000000000800ae56       0x7e ./Src/stmRos.o
                0x000000000800ae56                gazebo_msgs::GetLightPropertiesRequest::deserialize(unsigned char*)
 .text._ZN11gazebo_msgs25GetLightPropertiesRequest7getTypeEv
                0x000000000800aed4       0x1c ./Src/stmRos.o
                0x000000000800aed4                gazebo_msgs::GetLightPropertiesRequest::getType()
 .text._ZN11gazebo_msgs25GetLightPropertiesRequest6getMD5Ev
                0x000000000800aef0       0x1c ./Src/stmRos.o
                0x000000000800aef0                gazebo_msgs::GetLightPropertiesRequest::getMD5()
 .text._ZN11gazebo_msgs26GetLightPropertiesResponseC2Ev
                0x000000000800af0c       0x6c ./Src/stmRos.o
                0x000000000800af0c                gazebo_msgs::GetLightPropertiesResponse::GetLightPropertiesResponse()
                0x000000000800af0c                gazebo_msgs::GetLightPropertiesResponse::GetLightPropertiesResponse()
 .text._ZNK11gazebo_msgs26GetLightPropertiesResponse9serializeEPh
                0x000000000800af78      0x34c ./Src/stmRos.o
                0x000000000800af78                gazebo_msgs::GetLightPropertiesResponse::serialize(unsigned char*) const
 .text._ZN11gazebo_msgs26GetLightPropertiesResponse11deserializeEPh
                0x000000000800b2c4      0x7a8 ./Src/stmRos.o
                0x000000000800b2c4                gazebo_msgs::GetLightPropertiesResponse::deserialize(unsigned char*)
 .text._ZN11gazebo_msgs26GetLightPropertiesResponse7getTypeEv
                0x000000000800ba6c       0x1c ./Src/stmRos.o
                0x000000000800ba6c                gazebo_msgs::GetLightPropertiesResponse::getType()
 .text._ZN11gazebo_msgs26GetLightPropertiesResponse6getMD5Ev
                0x000000000800ba88       0x1c ./Src/stmRos.o
                0x000000000800ba88                gazebo_msgs::GetLightPropertiesResponse::getMD5()
 .text._ZN3ros15NodeHandleBase_C2Ev
                0x000000000800baa4       0x20 ./Src/stmRos.o
                0x000000000800baa4                ros::NodeHandleBase_::NodeHandleBase_()
                0x000000000800baa4                ros::NodeHandleBase_::NodeHandleBase_()
 .text._ZN3ros11NodeHandle_I13STM32HardwareLi25ELi25ELi1024ELi1024EEC2Ev
                0x000000000800bac4      0x12c ./Src/stmRos.o
                0x000000000800bac4                ros::NodeHandle_<STM32Hardware, 25, 25, 1024, 1024>::NodeHandle_()
                0x000000000800bac4                ros::NodeHandle_<STM32Hardware, 25, 25, 1024, 1024>::NodeHandle_()
 .text.HAL_UART_TxCpltCallback
                0x000000000800bbf0       0x24 ./Src/stmRos.o
                0x000000000800bbf0                HAL_UART_TxCpltCallback
 .text.HAL_UART_RxCpltCallback
                0x000000000800bc14       0x24 ./Src/stmRos.o
                0x000000000800bc14                HAL_UART_RxCpltCallback
 .text._Z9messageCbRKN13geometry_msgs5TwistE
                0x000000000800bc38       0x40 ./Src/stmRos.o
                0x000000000800bc38                messageCb(geometry_msgs::Twist const&)
 .text._Z12poseCallbackRKN11gazebo_msgs25GetLightPropertiesRequestERNS_26GetLightPropertiesResponseE
                0x000000000800bc78       0x64 ./Src/stmRos.o
                0x000000000800bc78                poseCallback(gazebo_msgs::GetLightPropertiesRequest const&, gazebo_msgs::GetLightPropertiesResponse&)
 .text._Z15commandCallbackRKN11gazebo_msgs23ApplyJointEffortRequestERNS_24ApplyJointEffortResponseE
                0x000000000800bcdc      0x424 ./Src/stmRos.o
                0x000000000800bcdc                commandCallback(gazebo_msgs::ApplyJointEffortRequest const&, gazebo_msgs::ApplyJointEffortResponse&)
 .text._Z17evitementCallbackRKN8std_msgs4BoolE
                0x000000000800c100       0x20 ./Src/stmRos.o
                0x000000000800c100                evitementCallback(std_msgs::Bool const&)
 .text.rotateAck
                0x000000000800c120       0x2c ./Src/stmRos.o
                0x000000000800c120                rotateAck
 .text.setup    0x000000000800c14c       0x68 ./Src/stmRos.o
                0x000000000800c14c                setup
 .text.loop     0x000000000800c1b4       0x14 ./Src/stmRos.o
                0x000000000800c1b4                loop
 .text._ZN3ros11NodeHandle_I13STM32HardwareLi25ELi25ELi1024ELi1024EE11getHardwareEv
                0x000000000800c1c8       0x18 ./Src/stmRos.o
                0x000000000800c1c8                ros::NodeHandle_<STM32Hardware, 25, 25, 1024, 1024>::getHardware()
 .text._ZN3ros11Subscriber_C2Ev
                0x000000000800c1e0       0x20 ./Src/stmRos.o
                0x000000000800c1e0                ros::Subscriber_::Subscriber_()
                0x000000000800c1e0                ros::Subscriber_::Subscriber_()
 .text._ZN3ros10SubscriberIN13geometry_msgs5TwistEvEC2EPKcPFvRKS2_Ei
                0x000000000800c200       0x48 ./Src/stmRos.o
                0x000000000800c200                ros::Subscriber<geometry_msgs::Twist, void>::Subscriber(char const*, void (*)(geometry_msgs::Twist const&), int)
                0x000000000800c200                ros::Subscriber<geometry_msgs::Twist, void>::Subscriber(char const*, void (*)(geometry_msgs::Twist const&), int)
 .text._ZN3ros13ServiceServerIN11gazebo_msgs25GetLightPropertiesRequestENS1_26GetLightPropertiesResponseEvEC2EPKcPFvRKS2_RS3_E
                0x000000000800c248       0x5c ./Src/stmRos.o
                0x000000000800c248                ros::ServiceServer<gazebo_msgs::GetLightPropertiesRequest, gazebo_msgs::GetLightPropertiesResponse, void>::ServiceServer(char const*, void (*)(gazebo_msgs::GetLightPropertiesRequest const&, gazebo_msgs::GetLightPropertiesResponse&))
                0x000000000800c248                ros::ServiceServer<gazebo_msgs::GetLightPropertiesRequest, gazebo_msgs::GetLightPropertiesResponse, void>::ServiceServer(char const*, void (*)(gazebo_msgs::GetLightPropertiesRequest const&, gazebo_msgs::GetLightPropertiesResponse&))
 .text._ZN3ros13ServiceServerIN11gazebo_msgs23ApplyJointEffortRequestENS1_24ApplyJointEffortResponseEvEC2EPKcPFvRKS2_RS3_E
                0x000000000800c2a4       0x5c ./Src/stmRos.o
                0x000000000800c2a4                ros::ServiceServer<gazebo_msgs::ApplyJointEffortRequest, gazebo_msgs::ApplyJointEffortResponse, void>::ServiceServer(char const*, void (*)(gazebo_msgs::ApplyJointEffortRequest const&, gazebo_msgs::ApplyJointEffortResponse&))
                0x000000000800c2a4                ros::ServiceServer<gazebo_msgs::ApplyJointEffortRequest, gazebo_msgs::ApplyJointEffortResponse, void>::ServiceServer(char const*, void (*)(gazebo_msgs::ApplyJointEffortRequest const&, gazebo_msgs::ApplyJointEffortResponse&))
 .text._ZN3ros10SubscriberIN8std_msgs4BoolEvEC2EPKcPFvRKS2_Ei
                0x000000000800c300       0x48 ./Src/stmRos.o
                0x000000000800c300                ros::Subscriber<std_msgs::Bool, void>::Subscriber(char const*, void (*)(std_msgs::Bool const&), int)
                0x000000000800c300                ros::Subscriber<std_msgs::Bool, void>::Subscriber(char const*, void (*)(std_msgs::Bool const&), int)
 .text._ZN3ros11NodeHandle_I13STM32HardwareLi25ELi25ELi1024ELi1024EE8initNodeEv
                0x000000000800c348       0x52 ./Src/stmRos.o
                0x000000000800c348                ros::NodeHandle_<STM32Hardware, 25, 25, 1024, 1024>::initNode()
 .text._ZN3ros11NodeHandle_I13STM32HardwareLi25ELi25ELi1024ELi1024EE9subscribeERNS_11Subscriber_E
                0x000000000800c39a       0x56 ./Src/stmRos.o
                0x000000000800c39a                ros::NodeHandle_<STM32Hardware, 25, 25, 1024, 1024>::subscribe(ros::Subscriber_&)
 .text._ZN3ros11NodeHandle_I13STM32HardwareLi25ELi25ELi1024ELi1024EE9advertiseERNS_9PublisherE
                0x000000000800c3f0       0x60 ./Src/stmRos.o
                0x000000000800c3f0                ros::NodeHandle_<STM32Hardware, 25, 25, 1024, 1024>::advertise(ros::Publisher&)
 .text._ZN3ros11NodeHandle_I13STM32HardwareLi25ELi25ELi1024ELi1024EE16advertiseServiceIN11gazebo_msgs23ApplyJointEffortRequestENS4_24ApplyJointEffortResponseEvEEbRNS_13ServiceServerIT_T0_T1_EE
                0x000000000800c450       0x42 ./Src/stmRos.o
                0x000000000800c450                bool ros::NodeHandle_<STM32Hardware, 25, 25, 1024, 1024>::advertiseService<gazebo_msgs::ApplyJointEffortRequest, gazebo_msgs::ApplyJointEffortResponse, void>(ros::ServiceServer<gazebo_msgs::ApplyJointEffortRequest, gazebo_msgs::ApplyJointEffortResponse, void>&)
 .text._ZN3ros11NodeHandle_I13STM32HardwareLi25ELi25ELi1024ELi1024EE16advertiseServiceIN11gazebo_msgs25GetLightPropertiesRequestENS4_26GetLightPropertiesResponseEvEEbRNS_13ServiceServerIT_T0_T1_EE
                0x000000000800c492       0x42 ./Src/stmRos.o
                0x000000000800c492                bool ros::NodeHandle_<STM32Hardware, 25, 25, 1024, 1024>::advertiseService<gazebo_msgs::GetLightPropertiesRequest, gazebo_msgs::GetLightPropertiesResponse, void>(ros::ServiceServer<gazebo_msgs::GetLightPropertiesRequest, gazebo_msgs::GetLightPropertiesResponse, void>&)
 .text._ZN3ros11NodeHandle_I13STM32HardwareLi25ELi25ELi1024ELi1024EE7publishEiPKNS_3MsgE
                0x000000000800c4d4      0x12c ./Src/stmRos.o
                0x000000000800c4d4                ros::NodeHandle_<STM32Hardware, 25, 25, 1024, 1024>::publish(int, ros::Msg const*)
 .text._ZN3ros11NodeHandle_I13STM32HardwareLi25ELi25ELi1024ELi1024EE8logerrorEPKc
                0x000000000800c600       0x1c ./Src/stmRos.o
                0x000000000800c600                ros::NodeHandle_<STM32Hardware, 25, 25, 1024, 1024>::logerror(char const*)
 .text._ZN3ros11NodeHandle_I13STM32HardwareLi25ELi25ELi1024ELi1024EE3logEcPKc
                0x000000000800c61c       0x38 ./Src/stmRos.o
                0x000000000800c61c                ros::NodeHandle_<STM32Hardware, 25, 25, 1024, 1024>::log(char, char const*)
 .text._Z41__static_initialization_and_destruction_0ii
                0x000000000800c654       0xc4 ./Src/stmRos.o
 .text._ZN3ros10SubscriberIN8std_msgs4BoolEvE8callbackEPh
                0x000000000800c718       0x2a ./Src/stmRos.o
                0x000000000800c718                ros::Subscriber<std_msgs::Bool, void>::callback(unsigned char*)
 .text._ZN3ros10SubscriberIN8std_msgs4BoolEvE15getEndpointTypeEv
                0x000000000800c742       0x18 ./Src/stmRos.o
                0x000000000800c742                ros::Subscriber<std_msgs::Bool, void>::getEndpointType()
 .text._ZN3ros10SubscriberIN8std_msgs4BoolEvE10getMsgTypeEv
                0x000000000800c75a       0x1c ./Src/stmRos.o
                0x000000000800c75a                ros::Subscriber<std_msgs::Bool, void>::getMsgType()
 .text._ZN3ros10SubscriberIN8std_msgs4BoolEvE9getMsgMD5Ev
                0x000000000800c776       0x1c ./Src/stmRos.o
                0x000000000800c776                ros::Subscriber<std_msgs::Bool, void>::getMsgMD5()
 .text._ZN3ros13ServiceServerIN11gazebo_msgs23ApplyJointEffortRequestENS1_24ApplyJointEffortResponseEvE8callbackEPh
                0x000000000800c792       0x42 ./Src/stmRos.o
                0x000000000800c792                ros::ServiceServer<gazebo_msgs::ApplyJointEffortRequest, gazebo_msgs::ApplyJointEffortResponse, void>::callback(unsigned char*)
 .text._ZN3ros13ServiceServerIN11gazebo_msgs23ApplyJointEffortRequestENS1_24ApplyJointEffortResponseEvE15getEndpointTypeEv
                0x000000000800c7d4       0x16 ./Src/stmRos.o
                0x000000000800c7d4                ros::ServiceServer<gazebo_msgs::ApplyJointEffortRequest, gazebo_msgs::ApplyJointEffortResponse, void>::getEndpointType()
 .text._ZN3ros13ServiceServerIN11gazebo_msgs23ApplyJointEffortRequestENS1_24ApplyJointEffortResponseEvE10getMsgTypeEv
                0x000000000800c7ea       0x1c ./Src/stmRos.o
                0x000000000800c7ea                ros::ServiceServer<gazebo_msgs::ApplyJointEffortRequest, gazebo_msgs::ApplyJointEffortResponse, void>::getMsgType()
 .text._ZN3ros13ServiceServerIN11gazebo_msgs23ApplyJointEffortRequestENS1_24ApplyJointEffortResponseEvE9getMsgMD5Ev
                0x000000000800c806       0x1c ./Src/stmRos.o
                0x000000000800c806                ros::ServiceServer<gazebo_msgs::ApplyJointEffortRequest, gazebo_msgs::ApplyJointEffortResponse, void>::getMsgMD5()
 .text._ZN3ros13ServiceServerIN11gazebo_msgs25GetLightPropertiesRequestENS1_26GetLightPropertiesResponseEvE8callbackEPh
                0x000000000800c822       0x42 ./Src/stmRos.o
                0x000000000800c822                ros::ServiceServer<gazebo_msgs::GetLightPropertiesRequest, gazebo_msgs::GetLightPropertiesResponse, void>::callback(unsigned char*)
 .text._ZN3ros13ServiceServerIN11gazebo_msgs25GetLightPropertiesRequestENS1_26GetLightPropertiesResponseEvE15getEndpointTypeEv
                0x000000000800c864       0x16 ./Src/stmRos.o
                0x000000000800c864                ros::ServiceServer<gazebo_msgs::GetLightPropertiesRequest, gazebo_msgs::GetLightPropertiesResponse, void>::getEndpointType()
 .text._ZN3ros13ServiceServerIN11gazebo_msgs25GetLightPropertiesRequestENS1_26GetLightPropertiesResponseEvE10getMsgTypeEv
                0x000000000800c87a       0x1c ./Src/stmRos.o
                0x000000000800c87a                ros::ServiceServer<gazebo_msgs::GetLightPropertiesRequest, gazebo_msgs::GetLightPropertiesResponse, void>::getMsgType()
 .text._ZN3ros13ServiceServerIN11gazebo_msgs25GetLightPropertiesRequestENS1_26GetLightPropertiesResponseEvE9getMsgMD5Ev
                0x000000000800c896       0x1c ./Src/stmRos.o
                0x000000000800c896                ros::ServiceServer<gazebo_msgs::GetLightPropertiesRequest, gazebo_msgs::GetLightPropertiesResponse, void>::getMsgMD5()
 .text._ZN3ros10SubscriberIN13geometry_msgs5TwistEvE8callbackEPh
                0x000000000800c8b2       0x2a ./Src/stmRos.o
                0x000000000800c8b2                ros::Subscriber<geometry_msgs::Twist, void>::callback(unsigned char*)
 .text._ZN3ros10SubscriberIN13geometry_msgs5TwistEvE15getEndpointTypeEv
                0x000000000800c8dc       0x18 ./Src/stmRos.o
                0x000000000800c8dc                ros::Subscriber<geometry_msgs::Twist, void>::getEndpointType()
 .text._ZN3ros10SubscriberIN13geometry_msgs5TwistEvE10getMsgTypeEv
                0x000000000800c8f4       0x1c ./Src/stmRos.o
                0x000000000800c8f4                ros::Subscriber<geometry_msgs::Twist, void>::getMsgType()
 .text._ZN3ros10SubscriberIN13geometry_msgs5TwistEvE9getMsgMD5Ev
                0x000000000800c910       0x1c ./Src/stmRos.o
                0x000000000800c910                ros::Subscriber<geometry_msgs::Twist, void>::getMsgMD5()
 .text._ZN3ros11NodeHandle_I13STM32HardwareLi25ELi25ELi1024ELi1024EE9connectedEv
                0x000000000800c92c       0x1e ./Src/stmRos.o
                0x000000000800c92c                ros::NodeHandle_<STM32Hardware, 25, 25, 1024, 1024>::connected()
 .text._GLOBAL__sub_I_nh
                0x000000000800c94a       0x10 ./Src/stmRos.o
 .text._getpid  0x000000000800c95a       0x10 ./Src/syscalls.o
                0x000000000800c95a                _getpid
 .text._kill    0x000000000800c96a       0x20 ./Src/syscalls.o
                0x000000000800c96a                _kill
 .text._exit    0x000000000800c98a       0x14 ./Src/syscalls.o
                0x000000000800c98a                _exit
 *fill*         0x000000000800c99e        0x2 
 .text._sbrk    0x000000000800c9a0       0x58 ./Src/sysmem.o
                0x000000000800c9a0                _sbrk
 .text.SystemInit
                0x000000000800c9f8       0x2c ./Src/system_stm32f4xx.o
                0x000000000800c9f8                SystemInit
 .text.MX_TIM1_Init
                0x000000000800ca24      0x150 ./Src/tim.o
                0x000000000800ca24                MX_TIM1_Init
 .text.MX_TIM3_Init
                0x000000000800cb74       0xa8 ./Src/tim.o
                0x000000000800cb74                MX_TIM3_Init
 .text.MX_TIM4_Init
                0x000000000800cc1c       0xa8 ./Src/tim.o
                0x000000000800cc1c                MX_TIM4_Init
 .text.MX_TIM7_Init
                0x000000000800ccc4       0x6c ./Src/tim.o
                0x000000000800ccc4                MX_TIM7_Init
 .text.HAL_TIM_PWM_MspInit
                0x000000000800cd30       0x44 ./Src/tim.o
                0x000000000800cd30                HAL_TIM_PWM_MspInit
 .text.HAL_TIM_Encoder_MspInit
                0x000000000800cd74       0xfc ./Src/tim.o
                0x000000000800cd74                HAL_TIM_Encoder_MspInit
 .text.HAL_TIM_Base_MspInit
                0x000000000800ce70       0x50 ./Src/tim.o
                0x000000000800ce70                HAL_TIM_Base_MspInit
 .text.HAL_TIM_MspPostInit
                0x000000000800cec0       0x74 ./Src/tim.o
                0x000000000800cec0                HAL_TIM_MspPostInit
 .text._ZN3ros16normalizeSecNSecERmS0_
                0x000000000800cf34       0x58 ./Src/time.o
                0x000000000800cf34                ros::normalizeSecNSec(unsigned long&, unsigned long&)
 .text.MX_USART2_UART_Init
                0x000000000800cf8c       0x54 ./Src/usart.o
                0x000000000800cf8c                MX_USART2_UART_Init
 .text.HAL_UART_MspInit
                0x000000000800cfe0      0x170 ./Src/usart.o
                0x000000000800cfe0                HAL_UART_MspInit
 .text.Reset_Handler
                0x000000000800d150       0x50 ./Startup/startup_stm32f446retx.o
                0x000000000800d150                Reset_Handler
 .text.Default_Handler
                0x000000000800d1a0        0x2 ./Startup/startup_stm32f446retx.o
                0x000000000800d1a0                RTC_Alarm_IRQHandler
                0x000000000800d1a0                EXTI2_IRQHandler
                0x000000000800d1a0                TIM8_CC_IRQHandler
                0x000000000800d1a0                FMPI2C1_EV_IRQHandler
                0x000000000800d1a0                SPI4_IRQHandler
                0x000000000800d1a0                TIM1_CC_IRQHandler
                0x000000000800d1a0                DMA2_Stream5_IRQHandler
                0x000000000800d1a0                PVD_IRQHandler
                0x000000000800d1a0                SDIO_IRQHandler
                0x000000000800d1a0                TAMP_STAMP_IRQHandler
                0x000000000800d1a0                CAN2_RX1_IRQHandler
                0x000000000800d1a0                EXTI3_IRQHandler
                0x000000000800d1a0                TIM8_TRG_COM_TIM14_IRQHandler
                0x000000000800d1a0                TIM1_UP_TIM10_IRQHandler
                0x000000000800d1a0                TIM8_UP_TIM13_IRQHandler
                0x000000000800d1a0                I2C3_ER_IRQHandler
                0x000000000800d1a0                EXTI0_IRQHandler
                0x000000000800d1a0                I2C2_EV_IRQHandler
                0x000000000800d1a0                DMA1_Stream2_IRQHandler
                0x000000000800d1a0                CAN1_RX0_IRQHandler
                0x000000000800d1a0                FPU_IRQHandler
                0x000000000800d1a0                OTG_HS_WKUP_IRQHandler
                0x000000000800d1a0                CAN2_SCE_IRQHandler
                0x000000000800d1a0                DMA2_Stream2_IRQHandler
                0x000000000800d1a0                SPI1_IRQHandler
                0x000000000800d1a0                TIM6_DAC_IRQHandler
                0x000000000800d1a0                TIM1_BRK_TIM9_IRQHandler
                0x000000000800d1a0                DCMI_IRQHandler
                0x000000000800d1a0                CAN2_RX0_IRQHandler
                0x000000000800d1a0                DMA2_Stream3_IRQHandler
                0x000000000800d1a0                SAI2_IRQHandler
                0x000000000800d1a0                USART6_IRQHandler
                0x000000000800d1a0                USART3_IRQHandler
                0x000000000800d1a0                CAN1_RX1_IRQHandler
                0x000000000800d1a0                UART5_IRQHandler
                0x000000000800d1a0                DMA2_Stream0_IRQHandler
                0x000000000800d1a0                TIM4_IRQHandler
                0x000000000800d1a0                QUADSPI_IRQHandler
                0x000000000800d1a0                I2C1_EV_IRQHandler
                0x000000000800d1a0                DMA1_Stream1_IRQHandler
                0x000000000800d1a0                UART4_IRQHandler
                0x000000000800d1a0                TIM3_IRQHandler
                0x000000000800d1a0                RCC_IRQHandler
                0x000000000800d1a0                TIM8_BRK_TIM12_IRQHandler
                0x000000000800d1a0                Default_Handler
                0x000000000800d1a0                CEC_IRQHandler
                0x000000000800d1a0                EXTI15_10_IRQHandler
                0x000000000800d1a0                ADC_IRQHandler
                0x000000000800d1a0                DMA1_Stream7_IRQHandler
                0x000000000800d1a0                CAN2_TX_IRQHandler
                0x000000000800d1a0                TIM5_IRQHandler
                0x000000000800d1a0                DMA2_Stream7_IRQHandler
                0x000000000800d1a0                I2C3_EV_IRQHandler
                0x000000000800d1a0                EXTI9_5_IRQHandler
                0x000000000800d1a0                RTC_WKUP_IRQHandler
                0x000000000800d1a0                SPDIF_RX_IRQHandler
                0x000000000800d1a0                SPI2_IRQHandler
                0x000000000800d1a0                OTG_HS_EP1_IN_IRQHandler
                0x000000000800d1a0                DMA1_Stream0_IRQHandler
                0x000000000800d1a0                CAN1_TX_IRQHandler
                0x000000000800d1a0                FMPI2C1_ER_IRQHandler
                0x000000000800d1a0                EXTI4_IRQHandler
                0x000000000800d1a0                OTG_HS_EP1_OUT_IRQHandler
                0x000000000800d1a0                WWDG_IRQHandler
                0x000000000800d1a0                TIM2_IRQHandler
                0x000000000800d1a0                OTG_FS_WKUP_IRQHandler
                0x000000000800d1a0                TIM1_TRG_COM_TIM11_IRQHandler
                0x000000000800d1a0                OTG_HS_IRQHandler
                0x000000000800d1a0                EXTI1_IRQHandler
                0x000000000800d1a0                I2C2_ER_IRQHandler
                0x000000000800d1a0                DMA2_Stream1_IRQHandler
                0x000000000800d1a0                CAN1_SCE_IRQHandler
                0x000000000800d1a0                FLASH_IRQHandler
                0x000000000800d1a0                DMA2_Stream4_IRQHandler
                0x000000000800d1a0                USART1_IRQHandler
                0x000000000800d1a0                OTG_FS_IRQHandler
                0x000000000800d1a0                SPI3_IRQHandler
                0x000000000800d1a0                DMA1_Stream4_IRQHandler
                0x000000000800d1a0                I2C1_ER_IRQHandler
                0x000000000800d1a0                FMC_IRQHandler
                0x000000000800d1a0                DMA2_Stream6_IRQHandler
                0x000000000800d1a0                SAI1_IRQHandler
                0x000000000800d1a0                DMA1_Stream3_IRQHandler
 .text.__cxa_pure_virtual
                0x000000000800d1a2        0x6 c:/st/stm32cubeide_1.10.1/stm32cubeide/plugins/com.st.stm32cube.ide.mcu.externaltools.gnu-tools-for-stm32.10.3-2021.10.win32_1.0.0.202111181127/tools/bin/../lib/gcc/arm-none-eabi/10.3.1/../../../../arm-none-eabi/lib/thumb/v7e-m+fp/hard\libstdc++_nano.a(pure.o)
                0x000000000800d1a2                __cxa_pure_virtual
 .text._ZN10__cxxabiv111__terminateEPFvvE
                0x000000000800d1a8        0x8 c:/st/stm32cubeide_1.10.1/stm32cubeide/plugins/com.st.stm32cube.ide.mcu.externaltools.gnu-tools-for-stm32.10.3-2021.10.win32_1.0.0.202111181127/tools/bin/../lib/gcc/arm-none-eabi/10.3.1/../../../../arm-none-eabi/lib/thumb/v7e-m+fp/hard\libstdc++_nano.a(eh_terminate.o)
                0x000000000800d1a8                __cxxabiv1::__terminate(void (*)())
 .text._ZSt13get_terminatev
                0x000000000800d1b0       0x10 c:/st/stm32cubeide_1.10.1/stm32cubeide/plugins/com.st.stm32cube.ide.mcu.externaltools.gnu-tools-for-stm32.10.3-2021.10.win32_1.0.0.202111181127/tools/bin/../lib/gcc/arm-none-eabi/10.3.1/../../../../arm-none-eabi/lib/thumb/v7e-m+fp/hard\libstdc++_nano.a(eh_terminate.o)
                0x000000000800d1b0                std::get_terminate()
 .text._ZSt9terminatev
                0x000000000800d1c0        0xa c:/st/stm32cubeide_1.10.1/stm32cubeide/plugins/com.st.stm32cube.ide.mcu.externaltools.gnu-tools-for-stm32.10.3-2021.10.win32_1.0.0.202111181127/tools/bin/../lib/gcc/arm-none-eabi/10.3.1/../../../../arm-none-eabi/lib/thumb/v7e-m+fp/hard\libstdc++_nano.a(eh_terminate.o)
                0x000000000800d1c0                std::terminate()
 *fill*         0x000000000800d1ca        0x6 
 .text.cos      0x000000000800d1d0       0xa8 c:/st/stm32cubeide_1.10.1/stm32cubeide/plugins/com.st.stm32cube.ide.mcu.externaltools.gnu-tools-for-stm32.10.3-2021.10.win32_1.0.0.202111181127/tools/bin/../lib/gcc/arm-none-eabi/10.3.1/../../../../arm-none-eabi/lib/thumb/v7e-m+fp/hard\libm.a(lib_a-s_cos.o)
                0x000000000800d1d0                cos
 .text.sin      0x000000000800d278       0xb0 c:/st/stm32cubeide_1.10.1/stm32cubeide/plugins/com.st.stm32cube.ide.mcu.externaltools.gnu-tools-for-stm32.10.3-2021.10.win32_1.0.0.202111181127/tools/bin/../lib/gcc/arm-none-eabi/10.3.1/../../../../arm-none-eabi/lib/thumb/v7e-m+fp/hard\libm.a(lib_a-s_sin.o)
                0x000000000800d278                sin
 .text.acosf    0x000000000800d328       0x58 c:/st/stm32cubeide_1.10.1/stm32cubeide/plugins/com.st.stm32cube.ide.mcu.externaltools.gnu-tools-for-stm32.10.3-2021.10.win32_1.0.0.202111181127/tools/bin/../lib/gcc/arm-none-eabi/10.3.1/../../../../arm-none-eabi/lib/thumb/v7e-m+fp/hard\libm.a(lib_a-wf_acos.o)
                0x000000000800d328                acosf
 .text.asinf    0x000000000800d380       0x58 c:/st/stm32cubeide_1.10.1/stm32cubeide/plugins/com.st.stm32cube.ide.mcu.externaltools.gnu-tools-for-stm32.10.3-2021.10.win32_1.0.0.202111181127/tools/bin/../lib/gcc/arm-none-eabi/10.3.1/../../../../arm-none-eabi/lib/thumb/v7e-m+fp/hard\libm.a(lib_a-wf_asin.o)
                0x000000000800d380                asinf
 .text.sqrtf    0x000000000800d3d8       0x3c c:/st/stm32cubeide_1.10.1/stm32cubeide/plugins/com.st.stm32cube.ide.mcu.externaltools.gnu-tools-for-stm32.10.3-2021.10.win32_1.0.0.202111181127/tools/bin/../lib/gcc/arm-none-eabi/10.3.1/../../../../arm-none-eabi/lib/thumb/v7e-m+fp/hard\libm.a(lib_a-wf_sqrt.o)
                0x000000000800d3d8                sqrtf
 *fill*         0x000000000800d414        0x4 
 .text.__ieee754_rem_pio2
                0x000000000800d418      0x418 c:/st/stm32cubeide_1.10.1/stm32cubeide/plugins/com.st.stm32cube.ide.mcu.externaltools.gnu-tools-for-stm32.10.3-2021.10.win32_1.0.0.202111181127/tools/bin/../lib/gcc/arm-none-eabi/10.3.1/../../../../arm-none-eabi/lib/thumb/v7e-m+fp/hard\libm.a(lib_a-e_rem_pio2.o)
                0x000000000800d418                __ieee754_rem_pio2
 .text.__ieee754_acosf
                0x000000000800d830      0x1f0 c:/st/stm32cubeide_1.10.1/stm32cubeide/plugins/com.st.stm32cube.ide.mcu.externaltools.gnu-tools-for-stm32.10.3-2021.10.win32_1.0.0.202111181127/tools/bin/../lib/gcc/arm-none-eabi/10.3.1/../../../../arm-none-eabi/lib/thumb/v7e-m+fp/hard\libm.a(lib_a-ef_acos.o)
                0x000000000800d830                __ieee754_acosf
 .text.__ieee754_asinf
                0x000000000800da20      0x1cc c:/st/stm32cubeide_1.10.1/stm32cubeide/plugins/com.st.stm32cube.ide.mcu.externaltools.gnu-tools-for-stm32.10.3-2021.10.win32_1.0.0.202111181127/tools/bin/../lib/gcc/arm-none-eabi/10.3.1/../../../../arm-none-eabi/lib/thumb/v7e-m+fp/hard\libm.a(lib_a-ef_asin.o)
                0x000000000800da20                __ieee754_asinf
 .text.__ieee754_sqrtf
                0x000000000800dbec        0x6 c:/st/stm32cubeide_1.10.1/stm32cubeide/plugins/com.st.stm32cube.ide.mcu.externaltools.gnu-tools-for-stm32.10.3-2021.10.win32_1.0.0.202111181127/tools/bin/../lib/gcc/arm-none-eabi/10.3.1/../../../../arm-none-eabi/lib/thumb/v7e-m+fp/hard\libm.a(lib_a-ef_sqrt.o)
                0x000000000800dbec                __ieee754_sqrtf
 *fill*         0x000000000800dbf2        0x6 
 .text.__kernel_cos
                0x000000000800dbf8      0x18c c:/st/stm32cubeide_1.10.1/stm32cubeide/plugins/com.st.stm32cube.ide.mcu.externaltools.gnu-tools-for-stm32.10.3-2021.10.win32_1.0.0.202111181127/tools/bin/../lib/gcc/arm-none-eabi/10.3.1/../../../../arm-none-eabi/lib/thumb/v7e-m+fp/hard\libm.a(lib_a-k_cos.o)
                0x000000000800dbf8                __kernel_cos
 *fill*         0x000000000800dd84        0x4 
 .text.__kernel_rem_pio2
                0x000000000800dd88      0x69c c:/st/stm32cubeide_1.10.1/stm32cubeide/plugins/com.st.stm32cube.ide.mcu.externaltools.gnu-tools-for-stm32.10.3-2021.10.win32_1.0.0.202111181127/tools/bin/../lib/gcc/arm-none-eabi/10.3.1/../../../../arm-none-eabi/lib/thumb/v7e-m+fp/hard\libm.a(lib_a-k_rem_pio2.o)
                0x000000000800dd88                __kernel_rem_pio2
 *fill*         0x000000000800e424        0x4 
 .text.__kernel_sin
                0x000000000800e428      0x17c c:/st/stm32cubeide_1.10.1/stm32cubeide/plugins/com.st.stm32cube.ide.mcu.externaltools.gnu-tools-for-stm32.10.3-2021.10.win32_1.0.0.202111181127/tools/bin/../lib/gcc/arm-none-eabi/10.3.1/../../../../arm-none-eabi/lib/thumb/v7e-m+fp/hard\libm.a(lib_a-k_sin.o)
                0x000000000800e428                __kernel_sin
 .text.fabs     0x000000000800e5a4       0x12 c:/st/stm32cubeide_1.10.1/stm32cubeide/plugins/com.st.stm32cube.ide.mcu.externaltools.gnu-tools-for-stm32.10.3-2021.10.win32_1.0.0.202111181127/tools/bin/../lib/gcc/arm-none-eabi/10.3.1/../../../../arm-none-eabi/lib/thumb/v7e-m+fp/hard\libm.a(lib_a-s_fabs.o)
                0x000000000800e5a4                fabs
 *fill*         0x000000000800e5b6        0x2 
 .text.floor    0x000000000800e5b8      0x100 c:/st/stm32cubeide_1.10.1/stm32cubeide/plugins/com.st.stm32cube.ide.mcu.externaltools.gnu-tools-for-stm32.10.3-2021.10.win32_1.0.0.202111181127/tools/bin/../lib/gcc/arm-none-eabi/10.3.1/../../../../arm-none-eabi/lib/thumb/v7e-m+fp/hard\libm.a(lib_a-s_floor.o)
                0x000000000800e5b8                floor
 .text.scalbn   0x000000000800e6b8      0x10c c:/st/stm32cubeide_1.10.1/stm32cubeide/plugins/com.st.stm32cube.ide.mcu.externaltools.gnu-tools-for-stm32.10.3-2021.10.win32_1.0.0.202111181127/tools/bin/../lib/gcc/arm-none-eabi/10.3.1/../../../../arm-none-eabi/lib/thumb/v7e-m+fp/hard\libm.a(lib_a-s_scalbn.o)
                0x000000000800e6b8                scalbn
 .text.fabsf    0x000000000800e7c4        0xe c:/st/stm32cubeide_1.10.1/stm32cubeide/plugins/com.st.stm32cube.ide.mcu.externaltools.gnu-tools-for-stm32.10.3-2021.10.win32_1.0.0.202111181127/tools/bin/../lib/gcc/arm-none-eabi/10.3.1/../../../../arm-none-eabi/lib/thumb/v7e-m+fp/hard\libm.a(lib_a-sf_fabs.o)
                0x000000000800e7c4                fabsf
 *fill*         0x000000000800e7d2        0x2 
 .text.nanf     0x000000000800e7d4        0xc c:/st/stm32cubeide_1.10.1/stm32cubeide/plugins/com.st.stm32cube.ide.mcu.externaltools.gnu-tools-for-stm32.10.3-2021.10.win32_1.0.0.202111181127/tools/bin/../lib/gcc/arm-none-eabi/10.3.1/../../../../arm-none-eabi/lib/thumb/v7e-m+fp/hard\libm.a(lib_a-sf_nan.o)
                0x000000000800e7d4                nanf
 .text.abort    0x000000000800e7e0        0xe c:/st/stm32cubeide_1.10.1/stm32cubeide/plugins/com.st.stm32cube.ide.mcu.externaltools.gnu-tools-for-stm32.10.3-2021.10.win32_1.0.0.202111181127/tools/bin/../lib/gcc/arm-none-eabi/10.3.1/../../../../arm-none-eabi/lib/thumb/v7e-m+fp/hard\libc_nano.a(lib_a-abort.o)
                0x000000000800e7e0                abort
 *fill*         0x000000000800e7ee        0x2 
 .text.__errno  0x000000000800e7f0        0xc c:/st/stm32cubeide_1.10.1/stm32cubeide/plugins/com.st.stm32cube.ide.mcu.externaltools.gnu-tools-for-stm32.10.3-2021.10.win32_1.0.0.202111181127/tools/bin/../lib/gcc/arm-none-eabi/10.3.1/../../../../arm-none-eabi/lib/thumb/v7e-m+fp/hard\libc_nano.a(lib_a-errno.o)
                0x000000000800e7f0                __errno
 .text.__libc_init_array
                0x000000000800e7fc       0x48 c:/st/stm32cubeide_1.10.1/stm32cubeide/plugins/com.st.stm32cube.ide.mcu.externaltools.gnu-tools-for-stm32.10.3-2021.10.win32_1.0.0.202111181127/tools/bin/../lib/gcc/arm-none-eabi/10.3.1/../../../../arm-none-eabi/lib/thumb/v7e-m+fp/hard\libc_nano.a(lib_a-init.o)
                0x000000000800e7fc                __libc_init_array
 .text.memcpy   0x000000000800e844       0x1c c:/st/stm32cubeide_1.10.1/stm32cubeide/plugins/com.st.stm32cube.ide.mcu.externaltools.gnu-tools-for-stm32.10.3-2021.10.win32_1.0.0.202111181127/tools/bin/../lib/gcc/arm-none-eabi/10.3.1/../../../../arm-none-eabi/lib/thumb/v7e-m+fp/hard\libc_nano.a(lib_a-memcpy-stub.o)
                0x000000000800e844                memcpy
 .text.memset   0x000000000800e860       0x10 c:/st/stm32cubeide_1.10.1/stm32cubeide/plugins/com.st.stm32cube.ide.mcu.externaltools.gnu-tools-for-stm32.10.3-2021.10.win32_1.0.0.202111181127/tools/bin/../lib/gcc/arm-none-eabi/10.3.1/../../../../arm-none-eabi/lib/thumb/v7e-m+fp/hard\libc_nano.a(lib_a-memset.o)
                0x000000000800e860                memset
 .text._free_r  0x000000000800e870       0x98 c:/st/stm32cubeide_1.10.1/stm32cubeide/plugins/com.st.stm32cube.ide.mcu.externaltools.gnu-tools-for-stm32.10.3-2021.10.win32_1.0.0.202111181127/tools/bin/../lib/gcc/arm-none-eabi/10.3.1/../../../../arm-none-eabi/lib/thumb/v7e-m+fp/hard\libc_nano.a(lib_a-nano-freer.o)
                0x000000000800e870                _free_r
 .text.sbrk_aligned
                0x000000000800e908       0x40 c:/st/stm32cubeide_1.10.1/stm32cubeide/plugins/com.st.stm32cube.ide.mcu.externaltools.gnu-tools-for-stm32.10.3-2021.10.win32_1.0.0.202111181127/tools/bin/../lib/gcc/arm-none-eabi/10.3.1/../../../../arm-none-eabi/lib/thumb/v7e-m+fp/hard\libc_nano.a(lib_a-nano-mallocr.o)
 .text._malloc_r
                0x000000000800e948       0xe8 c:/st/stm32cubeide_1.10.1/stm32cubeide/plugins/com.st.stm32cube.ide.mcu.externaltools.gnu-tools-for-stm32.10.3-2021.10.win32_1.0.0.202111181127/tools/bin/../lib/gcc/arm-none-eabi/10.3.1/../../../../arm-none-eabi/lib/thumb/v7e-m+fp/hard\libc_nano.a(lib_a-nano-mallocr.o)
                0x000000000800e948                _malloc_r
 .text.realloc  0x000000000800ea30       0x10 c:/st/stm32cubeide_1.10.1/stm32cubeide/plugins/com.st.stm32cube.ide.mcu.externaltools.gnu-tools-for-stm32.10.3-2021.10.win32_1.0.0.202111181127/tools/bin/../lib/gcc/arm-none-eabi/10.3.1/../../../../arm-none-eabi/lib/thumb/v7e-m+fp/hard\libc_nano.a(lib_a-realloc.o)
                0x000000000800ea30                realloc
 .text._sbrk_r  0x000000000800ea40       0x20 c:/st/stm32cubeide_1.10.1/stm32cubeide/plugins/com.st.stm32cube.ide.mcu.externaltools.gnu-tools-for-stm32.10.3-2021.10.win32_1.0.0.202111181127/tools/bin/../lib/gcc/arm-none-eabi/10.3.1/../../../../arm-none-eabi/lib/thumb/v7e-m+fp/hard\libc_nano.a(lib_a-sbrkr.o)
                0x000000000800ea40                _sbrk_r
 .text._raise_r
                0x000000000800ea60       0x50 c:/st/stm32cubeide_1.10.1/stm32cubeide/plugins/com.st.stm32cube.ide.mcu.externaltools.gnu-tools-for-stm32.10.3-2021.10.win32_1.0.0.202111181127/tools/bin/../lib/gcc/arm-none-eabi/10.3.1/../../../../arm-none-eabi/lib/thumb/v7e-m+fp/hard\libc_nano.a(lib_a-signal.o)
                0x000000000800ea60                _raise_r
 .text.raise    0x000000000800eab0       0x10 c:/st/stm32cubeide_1.10.1/stm32cubeide/plugins/com.st.stm32cube.ide.mcu.externaltools.gnu-tools-for-stm32.10.3-2021.10.win32_1.0.0.202111181127/tools/bin/../lib/gcc/arm-none-eabi/10.3.1/../../../../arm-none-eabi/lib/thumb/v7e-m+fp/hard\libc_nano.a(lib_a-signal.o)
                0x000000000800eab0                raise
 .text._kill_r  0x000000000800eac0       0x24 c:/st/stm32cubeide_1.10.1/stm32cubeide/plugins/com.st.stm32cube.ide.mcu.externaltools.gnu-tools-for-stm32.10.3-2021.10.win32_1.0.0.202111181127/tools/bin/../lib/gcc/arm-none-eabi/10.3.1/../../../../arm-none-eabi/lib/thumb/v7e-m+fp/hard\libc_nano.a(lib_a-signalr.o)
                0x000000000800eac0                _kill_r
 .text._getpid_r
                0x000000000800eae4        0x4 c:/st/stm32cubeide_1.10.1/stm32cubeide/plugins/com.st.stm32cube.ide.mcu.externaltools.gnu-tools-for-stm32.10.3-2021.10.win32_1.0.0.202111181127/tools/bin/../lib/gcc/arm-none-eabi/10.3.1/../../../../arm-none-eabi/lib/thumb/v7e-m+fp/hard\libc_nano.a(lib_a-signalr.o)
                0x000000000800eae4                _getpid_r
 .text.__malloc_lock
                0x000000000800eae8        0xc c:/st/stm32cubeide_1.10.1/stm32cubeide/plugins/com.st.stm32cube.ide.mcu.externaltools.gnu-tools-for-stm32.10.3-2021.10.win32_1.0.0.202111181127/tools/bin/../lib/gcc/arm-none-eabi/10.3.1/../../../../arm-none-eabi/lib/thumb/v7e-m+fp/hard\libc_nano.a(lib_a-mlock.o)
                0x000000000800eae8                __malloc_lock
 .text.__malloc_unlock
                0x000000000800eaf4        0xc c:/st/stm32cubeide_1.10.1/stm32cubeide/plugins/com.st.stm32cube.ide.mcu.externaltools.gnu-tools-for-stm32.10.3-2021.10.win32_1.0.0.202111181127/tools/bin/../lib/gcc/arm-none-eabi/10.3.1/../../../../arm-none-eabi/lib/thumb/v7e-m+fp/hard\libc_nano.a(lib_a-mlock.o)
                0x000000000800eaf4                __malloc_unlock
 .text._realloc_r
                0x000000000800eb00       0x5e c:/st/stm32cubeide_1.10.1/stm32cubeide/plugins/com.st.stm32cube.ide.mcu.externaltools.gnu-tools-for-stm32.10.3-2021.10.win32_1.0.0.202111181127/tools/bin/../lib/gcc/arm-none-eabi/10.3.1/../../../../arm-none-eabi/lib/thumb/v7e-m+fp/hard\libc_nano.a(lib_a-nano-reallocr.o)
                0x000000000800eb00                _realloc_r
 .text.__retarget_lock_acquire_recursive
                0x000000000800eb5e        0x2 c:/st/stm32cubeide_1.10.1/stm32cubeide/plugins/com.st.stm32cube.ide.mcu.externaltools.gnu-tools-for-stm32.10.3-2021.10.win32_1.0.0.202111181127/tools/bin/../lib/gcc/arm-none-eabi/10.3.1/../../../../arm-none-eabi/lib/thumb/v7e-m+fp/hard\libc_nano.a(lib_a-lock.o)
                0x000000000800eb5e                __retarget_lock_acquire_recursive
 .text.__retarget_lock_release_recursive
                0x000000000800eb60        0x2 c:/st/stm32cubeide_1.10.1/stm32cubeide/plugins/com.st.stm32cube.ide.mcu.externaltools.gnu-tools-for-stm32.10.3-2021.10.win32_1.0.0.202111181127/tools/bin/../lib/gcc/arm-none-eabi/10.3.1/../../../../arm-none-eabi/lib/thumb/v7e-m+fp/hard\libc_nano.a(lib_a-lock.o)
                0x000000000800eb60                __retarget_lock_release_recursive
 .text._malloc_usable_size_r
                0x000000000800eb62       0x10 c:/st/stm32cubeide_1.10.1/stm32cubeide/plugins/com.st.stm32cube.ide.mcu.externaltools.gnu-tools-for-stm32.10.3-2021.10.win32_1.0.0.202111181127/tools/bin/../lib/gcc/arm-none-eabi/10.3.1/../../../../arm-none-eabi/lib/thumb/v7e-m+fp/hard\libc_nano.a(lib_a-nano-msizer.o)
                0x000000000800eb62                _malloc_usable_size_r
 *(.glue_7)
 .glue_7        0x000000000800eb72        0x0 linker stubs
 *(.glue_7t)
 .glue_7t       0x000000000800eb72        0x0 linker stubs
 *(.eh_frame)
 *fill*         0x000000000800eb72        0x2 
 .eh_frame      0x000000000800eb74        0x0 c:/st/stm32cubeide_1.10.1/stm32cubeide/plugins/com.st.stm32cube.ide.mcu.externaltools.gnu-tools-for-stm32.10.3-2021.10.win32_1.0.0.202111181127/tools/bin/../lib/gcc/arm-none-eabi/10.3.1/thumb/v7e-m+fp/hard/crtbegin.o
 *(.init)
 .init          0x000000000800eb74        0x4 c:/st/stm32cubeide_1.10.1/stm32cubeide/plugins/com.st.stm32cube.ide.mcu.externaltools.gnu-tools-for-stm32.10.3-2021.10.win32_1.0.0.202111181127/tools/bin/../lib/gcc/arm-none-eabi/10.3.1/thumb/v7e-m+fp/hard/crti.o
                0x000000000800eb74                _init
 .init          0x000000000800eb78        0x8 c:/st/stm32cubeide_1.10.1/stm32cubeide/plugins/com.st.stm32cube.ide.mcu.externaltools.gnu-tools-for-stm32.10.3-2021.10.win32_1.0.0.202111181127/tools/bin/../lib/gcc/arm-none-eabi/10.3.1/thumb/v7e-m+fp/hard/crtn.o
 *(.fini)
 .fini          0x000000000800eb80        0x4 c:/st/stm32cubeide_1.10.1/stm32cubeide/plugins/com.st.stm32cube.ide.mcu.externaltools.gnu-tools-for-stm32.10.3-2021.10.win32_1.0.0.202111181127/tools/bin/../lib/gcc/arm-none-eabi/10.3.1/thumb/v7e-m+fp/hard/crti.o
                0x000000000800eb80                _fini
 .fini          0x000000000800eb84        0x8 c:/st/stm32cubeide_1.10.1/stm32cubeide/plugins/com.st.stm32cube.ide.mcu.externaltools.gnu-tools-for-stm32.10.3-2021.10.win32_1.0.0.202111181127/tools/bin/../lib/gcc/arm-none-eabi/10.3.1/thumb/v7e-m+fp/hard/crtn.o
                0x000000000800eb8c                . = ALIGN (0x4)
                0x000000000800eb8c                _etext = .

.vfp11_veneer   0x000000000800eb8c        0x0
 .vfp11_veneer  0x000000000800eb8c        0x0 linker stubs

.v4_bx          0x000000000800eb8c        0x0
 .v4_bx         0x000000000800eb8c        0x0 linker stubs

.iplt           0x000000000800eb8c        0x0
 .iplt          0x000000000800eb8c        0x0 c:/st/stm32cubeide_1.10.1/stm32cubeide/plugins/com.st.stm32cube.ide.mcu.externaltools.gnu-tools-for-stm32.10.3-2021.10.win32_1.0.0.202111181127/tools/bin/../lib/gcc/arm-none-eabi/10.3.1/thumb/v7e-m+fp/hard/crtbegin.o

.rodata         0x000000000800eb90      0x980
                0x000000000800eb90                . = ALIGN (0x4)
 *(.rodata)
 .rodata        0x000000000800eb90       0xb5 ./Src/Robot_Navi_Euro20.o
 *fill*         0x000000000800ec45        0x3 
 .rodata        0x000000000800ec48      0x47b ./Src/stmRos.o
 *(.rodata*)
 *fill*         0x000000000800f0c3        0x1 
 .rodata.flagBitshiftOffset.0
                0x000000000800f0c4        0x8 ./Drivers/STM32F4xx_HAL_Driver/stm32f4xx_hal_dma.o
 .rodata._ZTVN8std_msgs4BoolE
                0x000000000800f0cc       0x18 ./Src/Robot_Navi_Euro20.o
                0x000000000800f0cc                vtable for std_msgs::Bool
 .rodata._ZTVN14rosserial_msgs9TopicInfoE
                0x000000000800f0e4       0x18 ./Src/Robot_Navi_Euro20.o
                0x000000000800f0e4                vtable for rosserial_msgs::TopicInfo
 .rodata._ZTVN8std_msgs4TimeE
                0x000000000800f0fc       0x18 ./Src/Robot_Navi_Euro20.o
                0x000000000800f0fc                vtable for std_msgs::Time
 .rodata._ZTVN3ros3MsgE
                0x000000000800f114       0x18 ./Src/Robot_Navi_Euro20.o
                0x000000000800f114                vtable for ros::Msg
 .rodata._ZN14rosserial_msgsL12REQUESTPARAME
                0x000000000800f12c       0x1c ./Src/stmRos.o
 .rodata._ZN11gazebo_msgsL16APPLYJOINTEFFORTE
                0x000000000800f148       0x1d ./Src/stmRos.o
 *fill*         0x000000000800f165        0x3 
 .rodata._ZN11gazebo_msgsL18GETLIGHTPROPERTIESE
                0x000000000800f168       0x1f ./Src/stmRos.o
 *fill*         0x000000000800f187        0x1 
 .rodata._ZTVN3ros10SubscriberIN8std_msgs4BoolEvEE
                0x000000000800f188       0x18 ./Src/stmRos.o
                0x000000000800f188                vtable for ros::Subscriber<std_msgs::Bool, void>
 .rodata._ZTVN3ros13ServiceServerIN11gazebo_msgs23ApplyJointEffortRequestENS1_24ApplyJointEffortResponseEvEE
                0x000000000800f1a0       0x18 ./Src/stmRos.o
                0x000000000800f1a0                vtable for ros::ServiceServer<gazebo_msgs::ApplyJointEffortRequest, gazebo_msgs::ApplyJointEffortResponse, void>
 .rodata._ZTVN3ros13ServiceServerIN11gazebo_msgs25GetLightPropertiesRequestENS1_26GetLightPropertiesResponseEvEE
                0x000000000800f1b8       0x18 ./Src/stmRos.o
                0x000000000800f1b8                vtable for ros::ServiceServer<gazebo_msgs::GetLightPropertiesRequest, gazebo_msgs::GetLightPropertiesResponse, void>
 .rodata._ZTVN3ros10SubscriberIN13geometry_msgs5TwistEvEE
                0x000000000800f1d0       0x18 ./Src/stmRos.o
                0x000000000800f1d0                vtable for ros::Subscriber<geometry_msgs::Twist, void>
 .rodata._ZTVN3ros11NodeHandle_I13STM32HardwareLi25ELi25ELi1024ELi1024EEE
                0x000000000800f1e8       0x14 ./Src/stmRos.o