duration.h:51:3:ros::Duration::Duration()	16	static
time.h:51:3:ros::Time::Time()	16	static
msg.h:46:7:constexpr ros::Msg::Msg()	16	static
Time.h:19:5:std_msgs::Time::Time()	16	static
Time.h:24:17:virtual int std_msgs::Time::serialize(unsigned char*) const	24	static
Time.h:40:17:virtual int std_msgs::Time::deserialize(unsigned char*)	24	static
Time.h:56:26:virtual const char* std_msgs::Time::getType()	16	static
Time.h:57:26:virtual const char* std_msgs::Time::getMD5()	16	static
TopicInfo.h:34:5:rosserial_msgs::TopicInfo::TopicInfo()	16	static
TopicInfo.h:43:17:virtual int rosserial_msgs::TopicInfo::serialize(unsigned char*) const	40	static
TopicInfo.h:77:17:virtual int rosserial_msgs::TopicInfo::deserialize(unsigned char*)	48	static
TopicInfo.h:124:26:virtual const char* rosserial_msgs::TopicInfo::getType()	16	static
TopicInfo.h:125:26:virtual const char* rosserial_msgs::TopicInfo::getMD5()	16	static
Log.h:25:5:rosserial_msgs::Log::Log()	16	static
Log.h:31:17:virtual int rosserial_msgs::Log::serialize(unsigned char*) const	24	static
Log.h:44:17:virtual int rosserial_msgs::Log::deserialize(unsigned char*)	32	static
Log.h:61:26:virtual const char* rosserial_msgs::Log::getType()	16	static
Log.h:62:26:virtual const char* rosserial_msgs::Log::getMD5()	16	static
RequestParam.h:71:5:rosserial_msgs::RequestParamResponse::RequestParamResponse()	16	static
RequestParam.h:78:17:virtual int rosserial_msgs::RequestParamResponse::serialize(unsigned char*) const	48	static
RequestParam.h:130:17:virtual int rosserial_msgs::RequestParamResponse::deserialize(unsigned char*)	64	static
RequestParam.h:200:26:virtual const char* rosserial_msgs::RequestParamResponse::getType()	16	static
RequestParam.h:201:26:virtual const char* rosserial_msgs::RequestParamResponse::getMD5()	16	static
publisher.h:48:3:ros::Publisher::Publisher(const char*, ros::Msg*, int)	24	static
publisher.h:53:7:int ros::Publisher::publish(const ros::Msg*)	16	static
publisher.h:57:7:int ros::Publisher::getEndpointType()	16	static
STM32Hardware.h:62:21:uint32_t STM32Hardware::getRdmaInd()	16	static
STM32Hardware.h:69:5:STM32Hardware::STM32Hardware()	16	static
STM32Hardware.h:77:10:void STM32Hardware::init()	16	static
STM32Hardware.h:81:10:void STM32Hardware::reset_rbuf()	16	static
STM32Hardware.h:85:9:int STM32Hardware::read()	32	static
STM32Hardware.h:94:10:void STM32Hardware::flush()	24	static
STM32Hardware.h:109:10:void STM32Hardware::write(uint8_t*, int)	32	static
STM32Hardware.h:124:19:long unsigned int STM32Hardware::time()	16	static
Vector3.h:22:5:geometry_msgs::Vector3::Vector3()	16	static
Vector3.h:29:17:virtual int geometry_msgs::Vector3::serialize(unsigned char*) const	48	static
Vector3.h:77:17:virtual int geometry_msgs::Vector3::deserialize(unsigned char*)	264	static
Vector3.h:128:26:virtual const char* geometry_msgs::Vector3::getType()	16	static
Vector3.h:129:26:virtual const char* geometry_msgs::Vector3::getMD5()	16	static
Twist.h:21:5:geometry_msgs::Twist::Twist()	16	static
Twist.h:27:17:virtual int geometry_msgs::Twist::serialize(unsigned char*) const	24	static
Twist.h:35:17:virtual int geometry_msgs::Twist::deserialize(unsigned char*)	24	static
Twist.h:43:26:virtual const char* geometry_msgs::Twist::getType()	16	static
Twist.h:44:26:virtual const char* geometry_msgs::Twist::getMD5()	16	static
SetBool.h:19:5:std_srvs::SetBoolRequest::SetBoolRequest()	16	static
SetBool.h:24:17:virtual int std_srvs::SetBoolRequest::serialize(unsigned char*) const	24	static
SetBool.h:37:17:virtual int std_srvs::SetBoolRequest::deserialize(unsigned char*)	24	static
SetBool.h:51:26:virtual const char* std_srvs::SetBoolRequest::getType()	16	static
SetBool.h:52:26:virtual const char* std_srvs::SetBoolRequest::getMD5()	16	static
SetBool.h:64:5:std_srvs::SetBoolResponse::SetBoolResponse()	16	static
SetBool.h:70:17:virtual int std_srvs::SetBoolResponse::serialize(unsigned char*) const	32	static
SetBool.h:88:17:virtual int std_srvs::SetBoolResponse::deserialize(unsigned char*)	32	static
SetBool.h:111:26:virtual const char* std_srvs::SetBoolResponse::getType()	16	static
SetBool.h:112:26:virtual const char* std_srvs::SetBoolResponse::getMD5()	16	static
ta7wil.h:26:5:reel_euro2021::ta7wil::ta7wil()	16	static
ta7wil.h:35:17:virtual int reel_euro2021::ta7wil::serialize(unsigned char*) const	40	static
ta7wil.h:91:17:virtual int reel_euro2021::ta7wil::deserialize(unsigned char*)	40	static
ta7wil.h:152:26:virtual const char* reel_euro2021::ta7wil::getType()	16	static
ta7wil.h:153:26:virtual const char* reel_euro2021::ta7wil::getMD5()	16	static
gthr-default.h:229:1:int __gthread_key_delete(__gthread_key_t)	16	static
ApplyJointEffort.h:27:5:gazebo_msgs::ApplyJointEffortRequest::ApplyJointEffortRequest()	16	static
ApplyJointEffort.h:35:17:virtual int gazebo_msgs::ApplyJointEffortRequest::serialize(unsigned char*) const	32	static
ApplyJointEffort.h:80:17:virtual int gazebo_msgs::ApplyJointEffortRequest::deserialize(unsigned char*)	112	static
ApplyJointEffort.h:130:26:virtual const char* gazebo_msgs::ApplyJointEffortRequest::getType()	16	static
ApplyJointEffort.h:131:26:virtual const char* gazebo_msgs::ApplyJointEffortRequest::getMD5()	16	static
ApplyJointEffort.h:143:5:gazebo_msgs::ApplyJointEffortResponse::ApplyJointEffortResponse()	16	static
ApplyJointEffort.h:149:17:virtual int gazebo_msgs::ApplyJointEffortResponse::serialize(unsigned char*) const	32	static
ApplyJointEffort.h:167:17:virtual int gazebo_msgs::ApplyJointEffortResponse::deserialize(unsigned char*)	32	static
ApplyJointEffort.h:190:26:virtual const char* gazebo_msgs::ApplyJointEffortResponse::getType()	16	static
ApplyJointEffort.h:191:26:virtual const char* gazebo_msgs::ApplyJointEffortResponse::getMD5()	16	static
node_handle.h:50:7:constexpr ros::NodeHandleBase_::NodeHandleBase_()	16	static
node_handle.h:104:7:constexpr ros::NodeHandle_<STM32Hardware>::NodeHandle_()	16	static
setRos.cpp:37:6:void HAL_UART_TxCpltCallback(UART_HandleTypeDef*)	16	static
setRos.cpp:41:6:void HAL_UART_RxCpltCallback(UART_HandleTypeDef*)	16	static
setRos.cpp:44:6:void messageCb(const geometry_msgs::Twist&)	16	static
setRos.cpp:48:6:void commandCallback(const gazebo_msgs::ApplyJointEffortRequest&, gazebo_msgs::ApplyJointEffortResponse&)	16	static
setRos.cpp:94:6:void evitementCallback(const std_srvs::SetBoolRequest&, std_srvs::SetBoolResponse&)	16	static
setRos.cpp:106:6:void setup()	8	static
setRos.cpp:116:6:void loop()	16	static
msg.h:188:15:static void ros::Msg::varToArr(A, V) [with A = unsigned char*; V = long unsigned int]	24	static
msg.h:196:15:static void ros::Msg::arrToVar(V&, A) [with V = long unsigned int; A = unsigned char*]	24	static
node_handle.h:128:13:Hardware* ros::NodeHandle_<Hardware, MAX_SUBSCRIBERS, MAX_PUBLISHERS, INPUT_SIZE, OUTPUT_SIZE>::getHardware() [with Hardware = STM32Hardware; int MAX_SUBSCRIBERS = 25; int MAX_PUBLISHERS = 25; int INPUT_SIZE = 1024; int OUTPUT_SIZE = 1024]	16	static
subscriber.h:44:7:ros::Subscriber_::Subscriber_()	16	static
subscriber.h:107:3:ros::Subscriber<MsgT, void>::Subscriber(const char*, ros::Subscriber<MsgT, void>::CallbackT, int) [with MsgT = geometry_msgs::Twist]	24	static
service_server.h:94:3:ros::ServiceServer<MReq, MRes, void>::ServiceServer(const char*, ros::ServiceServer<MReq, MRes, void>::CallbackT) [with MReq = gazebo_msgs::ApplyJointEffortRequest; MRes = gazebo_msgs::ApplyJointEffortResponse]	24	static
service_server.h:94:3:ros::ServiceServer<MReq, MRes, void>::ServiceServer(const char*, ros::ServiceServer<MReq, MRes, void>::CallbackT) [with MReq = std_srvs::SetBoolRequest; MRes = std_srvs::SetBoolResponse]	24	static
node_handle.h:134:8:void ros::NodeHandle_<Hardware, MAX_SUBSCRIBERS, MAX_PUBLISHERS, INPUT_SIZE, OUTPUT_SIZE>::initNode() [with Hardware = STM32Hardware; int MAX_SUBSCRIBERS = 25; int MAX_PUBLISHERS = 25; int INPUT_SIZE = 1024; int OUTPUT_SIZE = 1024]	16	static
node_handle.h:406:8:bool ros::NodeHandle_<Hardware, MAX_SUBSCRIBERS, MAX_PUBLISHERS, INPUT_SIZE, OUTPUT_SIZE>::subscribe(ros::Subscriber_&) [with Hardware = STM32Hardware; int MAX_SUBSCRIBERS = 25; int MAX_PUBLISHERS = 25; int INPUT_SIZE = 1024; int OUTPUT_SIZE = 1024]	24	static
node_handle.h:390:8:bool ros::NodeHandle_<Hardware, MAX_SUBSCRIBERS, MAX_PUBLISHERS, INPUT_SIZE, OUTPUT_SIZE>::advertise(ros::Publisher&) [with Hardware = STM32Hardware; int MAX_SUBSCRIBERS = 25; int MAX_PUBLISHERS = 25; int INPUT_SIZE = 1024; int OUTPUT_SIZE = 1024]	24	static
node_handle.h:422:8:bool ros::NodeHandle_<Hardware, MAX_SUBSCRIBERS, MAX_PUBLISHERS, INPUT_SIZE, OUTPUT_SIZE>::advertiseService(ros::ServiceServer<MReq, MRes, ObjT>&) [with MReq = gazebo_msgs::ApplyJointEffortRequest; MRes = gazebo_msgs::ApplyJointEffortResponse; ObjT = void; Hardware = STM32Hardware; int MAX_SUBSCRIBERS = 25; int MAX_PUBLISHERS = 25; int INPUT_SIZE = 1024; int OUTPUT_SIZE = 1024]	24	static
node_handle.h:422:8:bool ros::NodeHandle_<Hardware, MAX_SUBSCRIBERS, MAX_PUBLISHERS, INPUT_SIZE, OUTPUT_SIZE>::advertiseService(ros::ServiceServer<MReq, MRes, ObjT>&) [with MReq = std_srvs::SetBoolRequest; MRes = std_srvs::SetBoolResponse; ObjT = void; Hardware = STM32Hardware; int MAX_SUBSCRIBERS = 25; int MAX_PUBLISHERS = 25; int INPUT_SIZE = 1024; int OUTPUT_SIZE = 1024]	24	static
node_handle.h:187:15:int ros::NodeHandle_<Hardware, MAX_SUBSCRIBERS, MAX_PUBLISHERS, INPUT_SIZE, OUTPUT_SIZE>::spinOnce() [with Hardware = STM32Hardware; int MAX_SUBSCRIBERS = 25; int MAX_PUBLISHERS = 25; int INPUT_SIZE = 1024; int OUTPUT_SIZE = 1024]	24	static
node_handle.h:347:8:void ros::NodeHandle_<Hardware, MAX_SUBSCRIBERS, MAX_PUBLISHERS, INPUT_SIZE, OUTPUT_SIZE>::requestSyncTime() [with Hardware = STM32Hardware; int MAX_SUBSCRIBERS = 25; int MAX_PUBLISHERS = 25; int INPUT_SIZE = 1024; int OUTPUT_SIZE = 1024]	32	static
node_handle.h:438:8:void ros::NodeHandle_<Hardware, MAX_SUBSCRIBERS, MAX_PUBLISHERS, INPUT_SIZE, OUTPUT_SIZE>::negotiateTopics() [with Hardware = STM32Hardware; int MAX_SUBSCRIBERS = 25; int MAX_PUBLISHERS = 25; int INPUT_SIZE = 1024; int OUTPUT_SIZE = 1024]	56	static
node_handle.h:354:8:void ros::NodeHandle_<Hardware, MAX_SUBSCRIBERS, MAX_PUBLISHERS, INPUT_SIZE, OUTPUT_SIZE>::syncTime(uint8_t*) [with Hardware = STM32Hardware; int MAX_SUBSCRIBERS = 25; int MAX_PUBLISHERS = 25; int INPUT_SIZE = 1024; int OUTPUT_SIZE = 1024]	32	static
node_handle.h:469:15:int ros::NodeHandle_<Hardware, MAX_SUBSCRIBERS, MAX_PUBLISHERS, INPUT_SIZE, OUTPUT_SIZE>::publish(int, const ros::Msg*) [with Hardware = STM32Hardware; int MAX_SUBSCRIBERS = 25; int MAX_PUBLISHERS = 25; int INPUT_SIZE = 1024; int OUTPUT_SIZE = 1024]	40	static
node_handle.h:377:8:void ros::NodeHandle_<Hardware, MAX_SUBSCRIBERS, MAX_PUBLISHERS, INPUT_SIZE, OUTPUT_SIZE>::setNow(const ros::Time&) [with Hardware = STM32Hardware; int MAX_SUBSCRIBERS = 25; int MAX_PUBLISHERS = 25; int INPUT_SIZE = 1024; int OUTPUT_SIZE = 1024]	24	static
node_handle.h:531:8:void ros::NodeHandle_<Hardware, MAX_SUBSCRIBERS, MAX_PUBLISHERS, INPUT_SIZE, OUTPUT_SIZE>::logerror(const char*) [with Hardware = STM32Hardware; int MAX_SUBSCRIBERS = 25; int MAX_PUBLISHERS = 25; int INPUT_SIZE = 1024; int OUTPUT_SIZE = 1024]	16	static
node_handle.h:510:8:void ros::NodeHandle_<Hardware, MAX_SUBSCRIBERS, MAX_PUBLISHERS, INPUT_SIZE, OUTPUT_SIZE>::log(char, const char*) [with Hardware = STM32Hardware; int MAX_SUBSCRIBERS = 25; int MAX_PUBLISHERS = 25; int INPUT_SIZE = 1024; int OUTPUT_SIZE = 1024]	40	static
setRos.cpp:181:1:void __static_initialization_and_destruction_0(int, int)	16	static
service_server.h:102:16:void ros::ServiceServer<MReq, MRes, void>::callback(unsigned char*) [with MReq = std_srvs::SetBoolRequest; MRes = std_srvs::SetBoolResponse]	16	static
service_server.h:116:15:int ros::ServiceServer<MReq, MRes, void>::getEndpointType() [with MReq = std_srvs::SetBoolRequest; MRes = std_srvs::SetBoolResponse]	16	static
service_server.h:108:24:const char* ros::ServiceServer<MReq, MRes, void>::getMsgType() [with MReq = std_srvs::SetBoolRequest; MRes = std_srvs::SetBoolResponse]	16	static
service_server.h:112:24:const char* ros::ServiceServer<MReq, MRes, void>::getMsgMD5() [with MReq = std_srvs::SetBoolRequest; MRes = std_srvs::SetBoolResponse]	16	static
service_server.h:102:16:void ros::ServiceServer<MReq, MRes, void>::callback(unsigned char*) [with MReq = gazebo_msgs::ApplyJointEffortRequest; MRes = gazebo_msgs::ApplyJointEffortResponse]	16	static
service_server.h:116:15:int ros::ServiceServer<MReq, MRes, void>::getEndpointType() [with MReq = gazebo_msgs::ApplyJointEffortRequest; MRes = gazebo_msgs::ApplyJointEffortResponse]	16	static
service_server.h:108:24:const char* ros::ServiceServer<MReq, MRes, void>::getMsgType() [with MReq = gazebo_msgs::ApplyJointEffortRequest; MRes = gazebo_msgs::ApplyJointEffortResponse]	16	static
service_server.h:112:24:const char* ros::ServiceServer<MReq, MRes, void>::getMsgMD5() [with MReq = gazebo_msgs::ApplyJointEffortRequest; MRes = gazebo_msgs::ApplyJointEffortResponse]	16	static
subscriber.h:114:16:void ros::Subscriber<MsgT, void>::callback(unsigned char*) [with MsgT = geometry_msgs::Twist]	16	static
subscriber.h:128:15:int ros::Subscriber<MsgT, void>::getEndpointType() [with MsgT = geometry_msgs::Twist]	16	static
subscriber.h:120:24:const char* ros::Subscriber<MsgT, void>::getMsgType() [with MsgT = geometry_msgs::Twist]	16	static
subscriber.h:124:24:const char* ros::Subscriber<MsgT, void>::getMsgMD5() [with MsgT = geometry_msgs::Twist]	16	static
node_handle.h:338:16:bool ros::NodeHandle_<Hardware, MAX_SUBSCRIBERS, MAX_PUBLISHERS, INPUT_SIZE, OUTPUT_SIZE>::connected() [with Hardware = STM32Hardware; int MAX_SUBSCRIBERS = 25; int MAX_PUBLISHERS = 25; int INPUT_SIZE = 1024; int OUTPUT_SIZE = 1024]	16	static
setRos.cpp:181:1:cpp)	8	static
setRos.cpp:181:1:cpp)	8	static
