../Inc/ros/time.h:51:3:ros::Time::Time()	16	static
../Inc/ros/msg.h:46:7:constexpr ros::Msg::Msg()	16	static
../Inc/std_msgs/Time.h:19:5:std_msgs::Time::Time()	16	static
../Inc/std_msgs/Time.h:24:17:virtual int std_msgs::Time::serialize(unsigned char*) const	24	static
../Inc/std_msgs/Time.h:40:17:virtual int std_msgs::Time::deserialize(unsigned char*)	24	static
../Inc/std_msgs/Time.h:56:26:virtual const char* std_msgs::Time::getType()	16	static
../Inc/std_msgs/Time.h:57:26:virtual const char* std_msgs::Time::getMD5()	16	static
../Inc/rosserial_msgs/TopicInfo.h:34:5:rosserial_msgs::TopicInfo::TopicInfo()	16	static
../Inc/rosserial_msgs/TopicInfo.h:43:17:virtual int rosserial_msgs::TopicInfo::serialize(unsigned char*) const	40	static
../Inc/rosserial_msgs/TopicInfo.h:77:17:virtual int rosserial_msgs::TopicInfo::deserialize(unsigned char*)	48	static
../Inc/rosserial_msgs/TopicInfo.h:124:26:virtual const char* rosserial_msgs::TopicInfo::getType()	16	static
../Inc/rosserial_msgs/TopicInfo.h:125:26:virtual const char* rosserial_msgs::TopicInfo::getMD5()	16	static
../Inc/rosserial_msgs/Log.h:25:5:rosserial_msgs::Log::Log()	16	static
../Inc/rosserial_msgs/Log.h:31:17:virtual int rosserial_msgs::Log::serialize(unsigned char*) const	24	static
../Inc/rosserial_msgs/Log.h:44:17:virtual int rosserial_msgs::Log::deserialize(unsigned char*)	32	static
../Inc/rosserial_msgs/Log.h:61:26:virtual const char* rosserial_msgs::Log::getType()	16	static
../Inc/rosserial_msgs/Log.h:62:26:virtual const char* rosserial_msgs::Log::getMD5()	16	static
../Inc/rosserial_msgs/RequestParam.h:71:5:rosserial_msgs::RequestParamResponse::RequestParamResponse()	16	static
../Inc/rosserial_msgs/RequestParam.h:78:17:virtual int rosserial_msgs::RequestParamResponse::serialize(unsigned char*) const	48	static
../Inc/rosserial_msgs/RequestParam.h:130:17:virtual int rosserial_msgs::RequestParamResponse::deserialize(unsigned char*)	64	static
../Inc/rosserial_msgs/RequestParam.h:200:26:virtual const char* rosserial_msgs::RequestParamResponse::getType()	16	static
../Inc/rosserial_msgs/RequestParam.h:201:26:virtual const char* rosserial_msgs::RequestParamResponse::getMD5()	16	static
../Inc/ros/publisher.h:48:3:ros::Publisher::Publisher(const char*, ros::Msg*, int)	24	static
../Inc/ros/publisher.h:53:7:int ros::Publisher::publish(const ros::Msg*)	16	static
../Inc/ros/publisher.h:57:7:int ros::Publisher::getEndpointType()	16	static
../Inc/STM32Hardware.h:62:21:uint32_t STM32Hardware::getRdmaInd()	16	static
../Inc/STM32Hardware.h:69:5:STM32Hardware::STM32Hardware()	16	static
../Inc/STM32Hardware.h:77:10:void STM32Hardware::init()	16	static
../Inc/STM32Hardware.h:81:10:void STM32Hardware::reset_rbuf()	16	static
../Inc/STM32Hardware.h:85:9:int STM32Hardware::read()	32	static
../Inc/STM32Hardware.h:94:10:void STM32Hardware::flush()	24	static
../Inc/STM32Hardware.h:109:10:void STM32Hardware::write(uint8_t*, int)	32	static
../Inc/STM32Hardware.h:124:19:long unsigned int STM32Hardware::time()	16	static
../Inc/geometry_msgs/Vector3.h:22:5:geometry_msgs::Vector3::Vector3()	16	static
../Inc/geometry_msgs/Vector3.h:29:17:virtual int geometry_msgs::Vector3::serialize(unsigned char*) const	48	static
../Inc/geometry_msgs/Vector3.h:77:17:virtual int geometry_msgs::Vector3::deserialize(unsigned char*)	456	static
../Inc/geometry_msgs/Vector3.h:128:26:virtual const char* geometry_msgs::Vector3::getType()	16	static
../Inc/geometry_msgs/Vector3.h:129:26:virtual const char* geometry_msgs::Vector3::getMD5()	16	static
../Inc/geometry_msgs/Twist.h:21:5:geometry_msgs::Twist::Twist()	16	static
../Inc/geometry_msgs/Twist.h:27:17:virtual int geometry_msgs::Twist::serialize(unsigned char*) const	24	static
../Inc/geometry_msgs/Twist.h:35:17:virtual int geometry_msgs::Twist::deserialize(unsigned char*)	24	static
../Inc/geometry_msgs/Twist.h:43:26:virtual const char* geometry_msgs::Twist::getType()	16	static
../Inc/geometry_msgs/Twist.h:44:26:virtual const char* geometry_msgs::Twist::getMD5()	16	static
../Inc/std_msgs/Bool.h:18:5:std_msgs::Bool::Bool()	16	static
../Inc/std_msgs/Bool.h:23:17:virtual int std_msgs::Bool::serialize(unsigned char*) const	24	static
../Inc/std_msgs/Bool.h:36:17:virtual int std_msgs::Bool::deserialize(unsigned char*)	24	static
../Inc/std_msgs/Bool.h:50:26:virtual const char* std_msgs::Bool::getType()	16	static
../Inc/std_msgs/Bool.h:51:26:virtual const char* std_msgs::Bool::getMD5()	16	static
../Inc/std_msgs/String.h:18:5:std_msgs::String::String()	16	static
../Inc/std_msgs/String.h:23:17:virtual int std_msgs::String::serialize(unsigned char*) const	24	static
../Inc/std_msgs/String.h:34:17:virtual int std_msgs::String::deserialize(unsigned char*)	32	static
../Inc/std_msgs/String.h:49:26:virtual const char* std_msgs::String::getType()	16	static
../Inc/std_msgs/String.h:50:26:virtual const char* std_msgs::String::getMD5()	16	static
c:\program files (x86)\stm32cubeide_1.11.2\stm32cubeide\plugins\com.st.stm32cube.ide.mcu.externaltools.gnu-tools-for-stm32.10.3-2021.10.win32_1.0.100.202210260954\tools\bin\../lib/gcc/arm-none-eabi/10.3.1/../../../../arm-none-eabi/include/c++/10.3.1/arm-none-eabi/thumb/v7e-m+fp/hard/bits/gthr-default.h:229:1:int __gthread_key_delete(__gthread_key_t)	16	static
../Inc/std_msgs/Float32.h:18:5:std_msgs::Float32::Float32()	16	static
../Inc/std_msgs/Float32.h:23:17:virtual int std_msgs::Float32::serialize(unsigned char*) const	24	static
../Inc/std_msgs/Float32.h:39:17:virtual int std_msgs::Float32::deserialize(unsigned char*)	24	static
../Inc/std_msgs/Float32.h:56:26:virtual const char* std_msgs::Float32::getType()	16	static
../Inc/std_msgs/Float32.h:57:26:virtual const char* std_msgs::Float32::getMD5()	16	static
../Inc/reel_euro2021/c.h:22:5:reel_euro2021::c::c()	16	static
../Inc/reel_euro2021/c.h:29:17:virtual int reel_euro2021::c::serialize(unsigned char*) const	32	static
../Inc/reel_euro2021/c.h:65:17:virtual int reel_euro2021::c::deserialize(unsigned char*)	32	static
../Inc/reel_euro2021/c.h:104:26:virtual const char* reel_euro2021::c::getType()	16	static
../Inc/reel_euro2021/c.h:105:26:virtual const char* reel_euro2021::c::getMD5()	16	static
../Inc/reel_euro2021/jdid.h:37:5:reel_euro2021::jdid::jdid()	16	static
../Inc/reel_euro2021/jdid.h:50:17:virtual int reel_euro2021::jdid::serialize(unsigned char*) const	56	static
../Inc/reel_euro2021/jdid.h:131:17:virtual int reel_euro2021::jdid::deserialize(unsigned char*)	72	static
../Inc/reel_euro2021/jdid.h:230:26:virtual const char* reel_euro2021::jdid::getType()	16	static
../Inc/reel_euro2021/jdid.h:231:26:virtual const char* reel_euro2021::jdid::getMD5()	16	static
../Inc/reel_euro2021/jd.h:34:5:reel_euro2021::jdRequest::jdRequest()	16	static
../Inc/reel_euro2021/jd.h:45:17:virtual int reel_euro2021::jdRequest::serialize(unsigned char*) const	48	static
../Inc/reel_euro2021/jd.h:114:17:virtual int reel_euro2021::jdRequest::deserialize(unsigned char*)	56	static
../Inc/reel_euro2021/jd.h:196:26:virtual const char* reel_euro2021::jdRequest::getType()	16	static
../Inc/reel_euro2021/jd.h:197:26:virtual const char* reel_euro2021::jdRequest::getMD5()	16	static
../Inc/reel_euro2021/jd.h:209:5:reel_euro2021::jdResponse::jdResponse()	16	static
../Inc/reel_euro2021/jd.h:215:17:virtual int reel_euro2021::jdResponse::serialize(unsigned char*) const	32	static
../Inc/reel_euro2021/jd.h:233:17:virtual int reel_euro2021::jdResponse::deserialize(unsigned char*)	32	static
../Inc/reel_euro2021/jd.h:256:26:virtual const char* reel_euro2021::jdResponse::getType()	16	static
../Inc/reel_euro2021/jd.h:257:26:virtual const char* reel_euro2021::jdResponse::getMD5()	16	static
../Inc/reel_euro2021/pose.h:19:5:reel_euro2021::poseRequest::poseRequest()	16	static
../Inc/reel_euro2021/pose.h:24:17:virtual int reel_euro2021::poseRequest::serialize(unsigned char*) const	24	static
../Inc/reel_euro2021/pose.h:35:17:virtual int reel_euro2021::poseRequest::deserialize(unsigned char*)	32	static
../Inc/reel_euro2021/pose.h:50:26:virtual const char* reel_euro2021::poseRequest::getType()	16	static
../Inc/reel_euro2021/pose.h:51:26:virtual const char* reel_euro2021::poseRequest::getMD5()	16	static
../Inc/reel_euro2021/pose.h:69:5:reel_euro2021::poseResponse::poseResponse()	16	static
../Inc/reel_euro2021/pose.h:78:17:virtual int reel_euro2021::poseResponse::serialize(unsigned char*) const	40	static
../Inc/reel_euro2021/pose.h:126:17:virtual int reel_euro2021::poseResponse::deserialize(unsigned char*)	48	static
../Inc/reel_euro2021/pose.h:182:26:virtual const char* reel_euro2021::poseResponse::getType()	16	static
../Inc/reel_euro2021/pose.h:183:26:virtual const char* reel_euro2021::poseResponse::getMD5()	16	static
../Inc/ros/node_handle.h:50:7:constexpr ros::NodeHandleBase_::NodeHandleBase_()	16	static
../Inc/ros/node_handle.h:104:7:constexpr ros::NodeHandle_<STM32Hardware>::NodeHandle_()	16	static
../Src/stmRos.cpp:48:6:void HAL_UART_TxCpltCallback(UART_HandleTypeDef*)	16	static
../Src/stmRos.cpp:52:6:void HAL_UART_RxCpltCallback(UART_HandleTypeDef*)	16	static
../Src/stmRos.cpp:55:6:void messageCb(const geometry_msgs::Twist&)	16	static
../Src/stmRos.cpp:60:6:void poseCallback(const reel_euro2021::poseRequest&, reel_euro2021::poseResponse&)	16	static
../Src/stmRos.cpp:70:6:void commandCallback(const reel_euro2021::jdRequest&, reel_euro2021::jdResponse&)	88	static
../Src/stmRos.cpp:204:6:void zonesCallback(const std_msgs::String&)	24	static
../Src/stmRos.cpp:215:6:void obstacleCallback(const std_msgs::String&)	24	static
../Src/stmRos.cpp:224:6:void evitementCallback(const std_msgs::Bool&)	16	static
../Src/stmRos.cpp:243:6:void rotateAck()	8	static
../Src/stmRos.cpp:248:6:void setup()	8	static
../Src/stmRos.cpp:264:6:void loop()	16	static
../Inc/ros/msg.h:188:15:static void ros::Msg::varToArr(A, V) [with A = unsigned char*; V = long unsigned int]	24	static
../Inc/ros/msg.h:196:15:static void ros::Msg::arrToVar(V&, A) [with V = long unsigned int; A = unsigned char*]	24	static
../Inc/ros/node_handle.h:128:13:Hardware* ros::NodeHandle_<Hardware, MAX_SUBSCRIBERS, MAX_PUBLISHERS, INPUT_SIZE, OUTPUT_SIZE>::getHardware() [with Hardware = STM32Hardware; int MAX_SUBSCRIBERS = 25; int MAX_PUBLISHERS = 25; int INPUT_SIZE = 1024; int OUTPUT_SIZE = 1024]	16	static
../Inc/ros/subscriber.h:44:7:ros::Subscriber_::Subscriber_()	16	static
../Inc/ros/subscriber.h:107:3:ros::Subscriber<MsgT, void>::Subscriber(const char*, ros::Subscriber<MsgT, void>::CallbackT, int) [with MsgT = geometry_msgs::Twist]	24	static
../Inc/ros/service_server.h:94:3:ros::ServiceServer<MReq, MRes, void>::ServiceServer(const char*, ros::ServiceServer<MReq, MRes, void>::CallbackT) [with MReq = reel_euro2021::poseRequest; MRes = reel_euro2021::poseResponse]	24	static
../Inc/ros/service_server.h:94:3:ros::ServiceServer<MReq, MRes, void>::ServiceServer(const char*, ros::ServiceServer<MReq, MRes, void>::CallbackT) [with MReq = reel_euro2021::jdRequest; MRes = reel_euro2021::jdResponse]	24	static
../Inc/ros/subscriber.h:107:3:ros::Subscriber<MsgT, void>::Subscriber(const char*, ros::Subscriber<MsgT, void>::CallbackT, int) [with MsgT = std_msgs::Bool]	24	static
../Inc/ros/subscriber.h:107:3:ros::Subscriber<MsgT, void>::Subscriber(const char*, ros::Subscriber<MsgT, void>::CallbackT, int) [with MsgT = std_msgs::String]	24	static
../Inc/ros/node_handle.h:134:8:void ros::NodeHandle_<Hardware, MAX_SUBSCRIBERS, MAX_PUBLISHERS, INPUT_SIZE, OUTPUT_SIZE>::initNode() [with Hardware = STM32Hardware; int MAX_SUBSCRIBERS = 25; int MAX_PUBLISHERS = 25; int INPUT_SIZE = 1024; int OUTPUT_SIZE = 1024]	16	static
../Inc/ros/node_handle.h:407:8:bool ros::NodeHandle_<Hardware, MAX_SUBSCRIBERS, MAX_PUBLISHERS, INPUT_SIZE, OUTPUT_SIZE>::subscribe(ros::Subscriber_&) [with Hardware = STM32Hardware; int MAX_SUBSCRIBERS = 25; int MAX_PUBLISHERS = 25; int INPUT_SIZE = 1024; int OUTPUT_SIZE = 1024]	24	static
../Inc/ros/node_handle.h:391:8:bool ros::NodeHandle_<Hardware, MAX_SUBSCRIBERS, MAX_PUBLISHERS, INPUT_SIZE, OUTPUT_SIZE>::advertise(ros::Publisher&) [with Hardware = STM32Hardware; int MAX_SUBSCRIBERS = 25; int MAX_PUBLISHERS = 25; int INPUT_SIZE = 1024; int OUTPUT_SIZE = 1024]	24	static
../Inc/ros/node_handle.h:423:8:bool ros::NodeHandle_<Hardware, MAX_SUBSCRIBERS, MAX_PUBLISHERS, INPUT_SIZE, OUTPUT_SIZE>::advertiseService(ros::ServiceServer<MReq, MRes, ObjT>&) [with MReq = reel_euro2021::jdRequest; MRes = reel_euro2021::jdResponse; ObjT = void; Hardware = STM32Hardware; int MAX_SUBSCRIBERS = 25; int MAX_PUBLISHERS = 25; int INPUT_SIZE = 1024; int OUTPUT_SIZE = 1024]	24	static
../Inc/ros/node_handle.h:423:8:bool ros::NodeHandle_<Hardware, MAX_SUBSCRIBERS, MAX_PUBLISHERS, INPUT_SIZE, OUTPUT_SIZE>::advertiseService(ros::ServiceServer<MReq, MRes, ObjT>&) [with MReq = reel_euro2021::poseRequest; MRes = reel_euro2021::poseResponse; ObjT = void; Hardware = STM32Hardware; int MAX_SUBSCRIBERS = 25; int MAX_PUBLISHERS = 25; int INPUT_SIZE = 1024; int OUTPUT_SIZE = 1024]	24	static
../Inc/ros/node_handle.h:187:15:int ros::NodeHandle_<Hardware, MAX_SUBSCRIBERS, MAX_PUBLISHERS, INPUT_SIZE, OUTPUT_SIZE>::spinOnce() [with Hardware = STM32Hardware; int MAX_SUBSCRIBERS = 25; int MAX_PUBLISHERS = 25; int INPUT_SIZE = 1024; int OUTPUT_SIZE = 1024]	24	static
../Inc/ros/node_handle.h:348:8:void ros::NodeHandle_<Hardware, MAX_SUBSCRIBERS, MAX_PUBLISHERS, INPUT_SIZE, OUTPUT_SIZE>::requestSyncTime() [with Hardware = STM32Hardware; int MAX_SUBSCRIBERS = 25; int MAX_PUBLISHERS = 25; int INPUT_SIZE = 1024; int OUTPUT_SIZE = 1024]	32	static
../Inc/ros/node_handle.h:439:8:void ros::NodeHandle_<Hardware, MAX_SUBSCRIBERS, MAX_PUBLISHERS, INPUT_SIZE, OUTPUT_SIZE>::negotiateTopics() [with Hardware = STM32Hardware; int MAX_SUBSCRIBERS = 25; int MAX_PUBLISHERS = 25; int INPUT_SIZE = 1024; int OUTPUT_SIZE = 1024]	56	static
../Inc/ros/node_handle.h:355:8:void ros::NodeHandle_<Hardware, MAX_SUBSCRIBERS, MAX_PUBLISHERS, INPUT_SIZE, OUTPUT_SIZE>::syncTime(uint8_t*) [with Hardware = STM32Hardware; int MAX_SUBSCRIBERS = 25; int MAX_PUBLISHERS = 25; int INPUT_SIZE = 1024; int OUTPUT_SIZE = 1024]	32	static
../Inc/ros/node_handle.h:470:15:int ros::NodeHandle_<Hardware, MAX_SUBSCRIBERS, MAX_PUBLISHERS, INPUT_SIZE, OUTPUT_SIZE>::publish(int, const ros::Msg*) [with Hardware = STM32Hardware; int MAX_SUBSCRIBERS = 25; int MAX_PUBLISHERS = 25; int INPUT_SIZE = 1024; int OUTPUT_SIZE = 1024]	40	static
../Inc/ros/node_handle.h:378:8:void ros::NodeHandle_<Hardware, MAX_SUBSCRIBERS, MAX_PUBLISHERS, INPUT_SIZE, OUTPUT_SIZE>::setNow(const ros::Time&) [with Hardware = STM32Hardware; int MAX_SUBSCRIBERS = 25; int MAX_PUBLISHERS = 25; int INPUT_SIZE = 1024; int OUTPUT_SIZE = 1024]	24	static
../Inc/ros/node_handle.h:532:8:void ros::NodeHandle_<Hardware, MAX_SUBSCRIBERS, MAX_PUBLISHERS, INPUT_SIZE, OUTPUT_SIZE>::logerror(const char*) [with Hardware = STM32Hardware; int MAX_SUBSCRIBERS = 25; int MAX_PUBLISHERS = 25; int INPUT_SIZE = 1024; int OUTPUT_SIZE = 1024]	16	static
../Inc/ros/node_handle.h:511:8:void ros::NodeHandle_<Hardware, MAX_SUBSCRIBERS, MAX_PUBLISHERS, INPUT_SIZE, OUTPUT_SIZE>::log(char, const char*) [with Hardware = STM32Hardware; int MAX_SUBSCRIBERS = 25; int MAX_PUBLISHERS = 25; int INPUT_SIZE = 1024; int OUTPUT_SIZE = 1024]	40	static
../Src/stmRos.cpp:333:1:void __static_initialization_and_destruction_0(int, int)	16	static
../Inc/ros/subscriber.h:114:16:void ros::Subscriber<MsgT, void>::callback(unsigned char*) [with MsgT = std_msgs::String]	16	static
../Inc/ros/subscriber.h:128:15:int ros::Subscriber<MsgT, void>::getEndpointType() [with MsgT = std_msgs::String]	16	static
../Inc/ros/subscriber.h:120:24:const char* ros::Subscriber<MsgT, void>::getMsgType() [with MsgT = std_msgs::String]	16	static
../Inc/ros/subscriber.h:124:24:const char* ros::Subscriber<MsgT, void>::getMsgMD5() [with MsgT = std_msgs::String]	16	static
../Inc/ros/subscriber.h:114:16:void ros::Subscriber<MsgT, void>::callback(unsigned char*) [with MsgT = std_msgs::Bool]	16	static
../Inc/ros/subscriber.h:128:15:int ros::Subscriber<MsgT, void>::getEndpointType() [with MsgT = std_msgs::Bool]	16	static
../Inc/ros/subscriber.h:120:24:const char* ros::Subscriber<MsgT, void>::getMsgType() [with MsgT = std_msgs::Bool]	16	static
../Inc/ros/subscriber.h:124:24:const char* ros::Subscriber<MsgT, void>::getMsgMD5() [with MsgT = std_msgs::Bool]	16	static
../Inc/ros/service_server.h:102:16:void ros::ServiceServer<MReq, MRes, void>::callback(unsigned char*) [with MReq = reel_euro2021::jdRequest; MRes = reel_euro2021::jdResponse]	16	static
../Inc/ros/service_server.h:116:15:int ros::ServiceServer<MReq, MRes, void>::getEndpointType() [with MReq = reel_euro2021::jdRequest; MRes = reel_euro2021::jdResponse]	16	static
../Inc/ros/service_server.h:108:24:const char* ros::ServiceServer<MReq, MRes, void>::getMsgType() [with MReq = reel_euro2021::jdRequest; MRes = reel_euro2021::jdResponse]	16	static
../Inc/ros/service_server.h:112:24:const char* ros::ServiceServer<MReq, MRes, void>::getMsgMD5() [with MReq = reel_euro2021::jdRequest; MRes = reel_euro2021::jdResponse]	16	static
../Inc/ros/service_server.h:102:16:void ros::ServiceServer<MReq, MRes, void>::callback(unsigned char*) [with MReq = reel_euro2021::poseRequest; MRes = reel_euro2021::poseResponse]	16	static
../Inc/ros/service_server.h:116:15:int ros::ServiceServer<MReq, MRes, void>::getEndpointType() [with MReq = reel_euro2021::poseRequest; MRes = reel_euro2021::poseResponse]	16	static
../Inc/ros/service_server.h:108:24:const char* ros::ServiceServer<MReq, MRes, void>::getMsgType() [with MReq = reel_euro2021::poseRequest; MRes = reel_euro2021::poseResponse]	16	static
../Inc/ros/service_server.h:112:24:const char* ros::ServiceServer<MReq, MRes, void>::getMsgMD5() [with MReq = reel_euro2021::poseRequest; MRes = reel_euro2021::poseResponse]	16	static
../Inc/ros/subscriber.h:114:16:void ros::Subscriber<MsgT, void>::callback(unsigned char*) [with MsgT = geometry_msgs::Twist]	16	static
../Inc/ros/subscriber.h:128:15:int ros::Subscriber<MsgT, void>::getEndpointType() [with MsgT = geometry_msgs::Twist]	16	static
../Inc/ros/subscriber.h:120:24:const char* ros::Subscriber<MsgT, void>::getMsgType() [with MsgT = geometry_msgs::Twist]	16	static
../Inc/ros/subscriber.h:124:24:const char* ros::Subscriber<MsgT, void>::getMsgMD5() [with MsgT = geometry_msgs::Twist]	16	static
../Inc/ros/node_handle.h:339:16:bool ros::NodeHandle_<Hardware, MAX_SUBSCRIBERS, MAX_PUBLISHERS, INPUT_SIZE, OUTPUT_SIZE>::connected() [with Hardware = STM32Hardware; int MAX_SUBSCRIBERS = 25; int MAX_PUBLISHERS = 25; int INPUT_SIZE = 1024; int OUTPUT_SIZE = 1024]	16	static
../Src/stmRos.cpp:333:1:cpp)	8	static
../Src/stmRos.cpp:333:1:cpp)	8	static
